Component: ARM Compiler 5.06 update 5 (build 528) Tool: armlink [4d35e2]

==============================================================================

Section Cross References

    main.o(.text) refers to rcc.o(.text) for RCC_HSE_Configuration
    main.o(.text) refers to stm32f10x_it.o(.text) for NVIC_Configuration
    main.o(.text) refers to delay.o(.text) for delay_init
    main.o(.text) refers to usart.o(.text) for uart_init
    main.o(.text) refers to led.o(.text) for LED_Init
    main.o(.text) refers to key.o(.text) for Key_Init
    main.o(.text) refers to spi_oled.o(.text) for OLED12864_Init
    main.o(.text) refers to mpu6050.o(.text) for MPU_Init
    main.o(.text) refers to mg955.o(.text) for Servo_Init
    main.o(.text) refers to timx.o(.text) for TimerConfiguration
    main.o(.text) refers to nrf24l01.o(.text) for nRF24L01_Setup
    main.o(.text) refers to inv_mpu.o(.text) for mpu_dmp_init
    main.o(.text) refers to floatturn.o(.text) for floatturn
    main.o(.text) refers to usmart_config.o(.data) for usmart_dev
    main.o(.text) refers to main.o(.data) for TxAddr
    main.o(.text) refers to main.o(.bss) for servo
    main.o(.text) refers to stm32f10x_it.o(.data) for TranFlag
    stm32f10x_it.o(.text) refers to misc.o(.text) for NVIC_PriorityGroupConfig
    stm32f10x_it.o(.text) refers to stm32f10x_tim.o(.text) for TIM_ClearITPendingBit
    stm32f10x_it.o(.text) refers to stm32f10x_it.o(.data) for Timer2Counter
    system_stm32f10x.o(.text) refers to system_stm32f10x.o(.data) for SystemCoreClock
    led.o(.text) refers to stm32f10x_rcc.o(.text) for RCC_APB2PeriphClockCmd
    led.o(.text) refers to stm32f10x_gpio.o(.text) for GPIO_Init
    key.o(.text) refers to stm32f10x_rcc.o(.text) for RCC_APB2PeriphClockCmd
    key.o(.text) refers to stm32f10x_gpio.o(.text) for GPIO_Init
    mpuiic.o(.text) refers to delay.o(.text) for delay_us
    mpuiic.o(.text) refers to stm32f10x_rcc.o(.text) for RCC_APB2PeriphClockCmd
    mpuiic.o(.text) refers to stm32f10x_gpio.o(.text) for GPIO_Init
    mpu6050.o(.text) refers to mpuiic.o(.text) for MPU_IIC_Start
    mpu6050.o(.text) refers to delay.o(.text) for delay_ms
    mpu6050.o(.text) refers to dflt_clz.o(x$fpl$dflt) for __aeabi_i2d
    mpu6050.o(.text) refers to ddiv.o(x$fpl$ddiv) for __aeabi_ddiv
    mpu6050.o(.text) refers to daddsub_clz.o(x$fpl$dadd) for __aeabi_dadd
    mpu6050.o(.text) refers to d2f.o(x$fpl$d2f) for __aeabi_d2f
    mpu6050.o(.text) refers to fmul.o(x$fpl$fmul) for __aeabi_fmul
    mpu6050.o(.text) refers to ffix.o(x$fpl$ffix) for __aeabi_f2iz
    inv_mpu_dmp_motion_driver.o(.text) refers to inv_mpu.o(.text) for mpu_load_firmware
    inv_mpu_dmp_motion_driver.o(.text) refers to inv_mpu_dmp_motion_driver.o(.constdata) for dmp_memory
    inv_mpu_dmp_motion_driver.o(.text) refers to inv_mpu_dmp_motion_driver.o(.bss) for dmp
    inv_mpu_dmp_motion_driver.o(.text) refers to fflt_clz.o(x$fpl$ffltu) for __aeabi_ui2f
    inv_mpu_dmp_motion_driver.o(.text) refers to fdiv.o(x$fpl$fdiv) for __aeabi_fdiv
    inv_mpu_dmp_motion_driver.o(.text) refers to fmul.o(x$fpl$fmul) for __aeabi_fmul
    inv_mpu_dmp_motion_driver.o(.text) refers to ffixu.o(x$fpl$ffixu) for __aeabi_f2uiz
    inv_mpu_dmp_motion_driver.o(.text) refers to aeabi_memset.o(.text) for __aeabi_memset
    inv_mpu.o(.text) refers to _printf_pad.o(.text) for _printf_pre_padding
    inv_mpu.o(.text) refers to _printf_percent.o(.ARM.Collect$$_printf_percent$$00000000) for _printf_percent
    inv_mpu.o(.text) refers to _printf_x.o(.ARM.Collect$$_printf_percent$$0000000C) for _printf_x
    inv_mpu.o(.text) refers to _printf_hex_int.o(.text) for _printf_longlong_hex
    inv_mpu.o(.text) refers to _printf_d.o(.ARM.Collect$$_printf_percent$$00000009) for _printf_d
    inv_mpu.o(.text) refers to _printf_dec.o(.text) for _printf_int_dec
    inv_mpu.o(.text) refers to mpu6050.o(.text) for MPU_Write_Len
    inv_mpu.o(.text) refers to __2printf.o(.text) for __2printf
    inv_mpu.o(.text) refers to delay.o(.text) for delay_ms
    inv_mpu.o(.text) refers to inv_mpu.o(.data) for st
    inv_mpu.o(.text) refers to fflt_clz.o(x$fpl$ffltu) for __aeabi_ui2f
    inv_mpu.o(.text) refers to fflt_clz.o(x$fpl$fflt) for __aeabi_i2f
    inv_mpu.o(.text) refers to faddsub_clz.o(x$fpl$fsub) for __aeabi_fsub
    inv_mpu.o(.text) refers to fdiv.o(x$fpl$fdiv) for __aeabi_fdiv
    inv_mpu.o(.text) refers to faddsub_clz.o(x$fpl$fadd) for __aeabi_fadd
    inv_mpu.o(.text) refers to fmul.o(x$fpl$fmul) for __aeabi_fmul
    inv_mpu.o(.text) refers to ffix.o(x$fpl$ffix) for __aeabi_f2iz
    inv_mpu.o(.text) refers to inv_mpu.o(.conststring) for .conststring
    inv_mpu.o(.text) refers to feqf.o(x$fpl$feqf) for __aeabi_cfcmpeq
    inv_mpu.o(.text) refers to frleqf.o(x$fpl$frleqf) for __aeabi_cfrcmple
    inv_mpu.o(.text) refers to fleqf.o(x$fpl$fleqf) for __aeabi_cfcmple
    inv_mpu.o(.text) refers to inv_mpu.o(.constdata) for test
    inv_mpu.o(.text) refers to llsdiv.o(.text) for __aeabi_ldivmod
[...]
    mpu_set_gyro_fsr                         0x08002423   Thumb Code   132  inv_mpu.o(.text)
    mpu_init                                 0x080024a7   Thumb Code   416  inv_mpu.o(.text)
    mget_ms                                  0x08002647   Thumb Code     2  inv_mpu.o(.text)
    mpu_get_gyro_reg                         0x08002649   Thumb Code   110  inv_mpu.o(.text)
    mpu_get_accel_reg                        0x080026b7   Thumb Code   110  inv_mpu.o(.text)
    mpu_get_temperature                      0x08002725   Thumb Code   150  inv_mpu.o(.text)
    mpu_set_accel_bias                       0x080027bb   Thumb Code   468  inv_mpu.o(.text)
    mpu_get_gyro_fsr                         0x0800298f   Thumb Code    64  inv_mpu.o(.text)
    mpu_get_accel_fsr                        0x080029cf   Thumb Code    72  inv_mpu.o(.text)
    mpu_get_lpf                              0x08002a17   Thumb Code    74  inv_mpu.o(.text)
    mpu_get_sample_rate                      0x08002a61   Thumb Code    26  inv_mpu.o(.text)
    mpu_get_compass_sample_rate              0x08002a7b   Thumb Code    10  inv_mpu.o(.text)
    mpu_set_compass_sample_rate              0x08002a85   Thumb Code     8  inv_mpu.o(.text)
    mpu_get_gyro_sens                        0x08002a8d   Thumb Code    58  inv_mpu.o(.text)
    mpu_get_accel_sens                       0x08002ac7   Thumb Code    78  inv_mpu.o(.text)
    mpu_get_fifo_config                      0x08002b15   Thumb Code    12  inv_mpu.o(.text)
    mpu_get_power_state                      0x08002b21   Thumb Code    22  inv_mpu.o(.text)
    mpu_get_int_status                       0x08002b37   Thumb Code    64  inv_mpu.o(.text)
    mpu_read_fifo                            0x08002b77   Thumb Code   520  inv_mpu.o(.text)
    mpu_read_fifo_stream                     0x08002d7f   Thumb Code   186  inv_mpu.o(.text)
    mpu_set_int_level                        0x08002e39   Thumb Code    12  inv_mpu.o(.text)
    mpu_set_dmp_state                        0x08003519   Thumb Code   138  inv_mpu.o(.text)
    mpu_run_self_test                        0x080035a3   Thumb Code   278  inv_mpu.o(.text)
    mpu_write_mem                            0x080036b9   Thumb Code   122  inv_mpu.o(.text)
    mpu_read_mem                             0x08003733   Thumb Code   122  inv_mpu.o(.text)
    mpu_load_firmware                        0x080037ad   Thumb Code   190  inv_mpu.o(.text)
    mpu_get_dmp_state                        0x0800386b   Thumb Code    14  inv_mpu.o(.text)
    setup_compass                            0x08003879   Thumb Code     6  inv_mpu.o(.text)
    mpu_get_compass_reg                      0x0800387f   Thumb Code     8  inv_mpu.o(.text)
    mpu_get_compass_fsr                      0x08003887   Thumb Code     8  inv_mpu.o(.text)
    mpu_lp_motion_interrupt                  0x0800388f   Thumb Code   512  inv_mpu.o(.text)
    run_self_test                            0x08003a8f   Thumb Code   148  inv_mpu.o(.text)
    inv_row_2_scale                          0x08003b23   Thumb Code    78  inv_mpu.o(.text)
    inv_orientation_matrix_to_scalar         0x08003b71   Thumb Code    40  inv_mpu.o(.text)
    mpu_dmp_init                             0x08003b99   Thumb Code   154  inv_mpu.o(.text)
    mpu_dmp_get_data                         0x08003c33   Thumb Code   554  inv_mpu.o(.text)
    OLED12864_IoInit                         0x08003e61   Thumb Code   230  spi_oled.o(.text)
    OLED12864_SendByte                       0x08003f47   Thumb Code    64  spi_oled.o(.text)
    OLED12864_SendCom                        0x08003f87   Thumb Code    42  spi_oled.o(.text)
    OLED12864_SendData                       0x08003fb1   Thumb Code    42  spi_oled.o(.text)
    Location                                 0x08003fdb   Thumb Code    36  spi_oled.o(.text)
    RefreshAll                               0x08003fff   Thumb Code    56  spi_oled.o(.text)
    ClearAllBuf                              0x08004037   Thumb Code    36  spi_oled.o(.text)
    OLED12864_Clean                          0x0800405b   Thumb Code    12  spi_oled.o(.text)
    OLED12864_Init                           0x08004067   Thumb Code   240  spi_oled.o(.text)
    OLED12864_TurnBias                       0x08004157   Thumb Code    18  spi_oled.o(.text)
    OLED12864_Location                       0x08004169   Thumb Code    20  spi_oled.o(.text)
    Refresh                                  0x0800417d   Thumb Code   106  spi_oled.o(.text)
    ClearPointofBuf                          0x080041e7   Thumb Code    76  spi_oled.o(.text)
    WriteBytetoBuf                           0x08004233   Thumb Code   170  spi_oled.o(.text)
    WriteRevBytetoBuf                        0x080042dd   Thumb Code   186  spi_oled.o(.text)
    ClearBuf                                 0x08004397   Thumb Code    64  spi_oled.o(.text)
    ClearArea                                0x080043d7   Thumb Code    40  spi_oled.o(.text)
    WriteChartoBuf                           0x080043ff   Thumb Code    38  spi_oled.o(.text)
    WriteRevChartoBuf                        0x08004425   Thumb Code    42  spi_oled.o(.text)
    OLED12864_DisChar                        0x0800444f   Thumb Code    52  spi_oled.o(.text)
    OLED12864_DisOneChar                     0x08004483   Thumb Code    90  spi_oled.o(.text)
    WriteStrtoBuf                            0x080044dd   Thumb Code    30  spi_oled.o(.text)
    WriteRevStrtoBuf                         0x080044fb   Thumb Code    30  spi_oled.o(.text)
    OLED12864_DisStr                         0x08004519   Thumb Code    86  spi_oled.o(.text)
    OLED12864_DisRevStr                      0x0800456f   Thumb Code    58  spi_oled.o(.text)
    OLED12864_Format1                        0x080045a9   Thumb Code    58  spi_oled.o(.text)
    OLED12864_Format2                        0x080045e3   Thumb Code    58  spi_oled.o(.text)
    OLED12864_Format3                        0x0800461d   Thumb Code    58  spi_oled.o(.text)
    OLED12864_Format4                        0x08004657   Thumb Code   118  spi_oled.o(.text)
    OLED12864_Format5                        0x080046cd   Thumb Code    60  spi_oled.o(.text)
    WriteBigChar                             0x08004709   Thumb Code    80  spi_oled.o(.text)
    WriteBigRevChar                          0x08004759   Thumb Code    92  spi_oled.o(.text)
    OLED12864_DisBigChar                     0x080047b5   Thumb Code    52  spi_oled.o(.text)
    WriteBigStr                              0x080047e9   Thumb Code    54  spi_oled.o(.text)
    Write6BigStr                             0x0800481f   Thumb Code    52  spi_oled.o(.text)
    OLED12864_DisOneBigChar                  0x08004853   Thumb Code    90  spi_oled.o(.text)
    OLED12864_DisBigStr                      0x080048ad   Thumb Code    86  spi_oled.o(.text)
    OLED12864_DisBigStr1                     0x08004903   Thumb Code    76  spi_oled.o(.text)
    OLED12864_BigFormat1                     0x0800494f   Thumb Code    60  spi_oled.o(.text)
    OLED12864_BigFormat2                     0x0800498b   Thumb Code    58  spi_oled.o(.text)
    OLED12864_BigFormat3                     0x080049c5   Thumb Code    68  spi_oled.o(.text)
    OLED12864_BigFormat4                     0x08004a09   Thumb Code    68  spi_oled.o(.text)
    OLED12864_BigFormat5                     0x08004a4d   Thumb Code    58  spi_oled.o(.text)
    WriteBigCh                               0x08004a87   Thumb Code   104  spi_oled.o(.text)
    OLED12864_DisBigCh                       0x08004aef   Thumb Code    86  spi_oled.o(.text)
    OLED12864_DisBigChs                      0x08004b45   Thumb Code    84  spi_oled.o(.text)
    WriteLargeChar                           0x08004b99   Thumb Code    80  spi_oled.o(.text)
    WriteLargeRevChar                        0x08004be9   Thumb Code    88  spi_oled.o(.text)
    OLED12864_DisLargeChar                   0x08004c41   Thumb Code    52  spi_oled.o(.text)
    WriteLargeStr                            0x08004c75   Thumb Code    54  spi_oled.o(.text)
    OLED12864_DisLargeStr                    0x08004cab   Thumb Code    86  spi_oled.o(.text)
    OLED12864_LargeFormat1                   0x08004d01   Thumb Code    60  spi_oled.o(.text)
    OLED12864_LargeFormat2                   0x08004d3d   Thumb Code    70  spi_oled.o(.text)
    WriteLargeCh                             0x08004d83   Thumb Code   100  spi_oled.o(.text)
    OLED12864_DisLargeCh                     0x08004de7   Thumb Code    40  spi_oled.o(.text)
    OLED12864_DisLargeChStr                  0x08004e0f   Thumb Code    72  spi_oled.o(.text)
    CharAbs                                  0x08004e57   Thumb Code    16  spi_oled.o(.text)
    Swap                                     0x08004e67   Thumb Code    10  spi_oled.o(.text)
    WritePoint                               0x08004e71   Thumb Code    52  spi_oled.o(.text)
    DisPoint                                 0x08004ea5   Thumb Code    28  spi_oled.o(.text)
    Min                                      0x08004ec1   Thumb Code    14  spi_oled.o(.text)
    GetUnitAdd                               0x08004ecf   Thumb Code    24  spi_oled.o(.text)
    WriteLine                                0x08004f27   Thumb Code   210  spi_oled.o(.text)
    OLED12864_DisLine                        0x08004ff9   Thumb Code    88  spi_oled.o(.text)
    OLED12864_DisPolyline                    0x08005051   Thumb Code    56  spi_oled.o(.text)
    OLED12864_DisSqu                         0x08005089   Thumb Code   130  spi_oled.o(.text)
    OLED12864_DisCircle                      0x0800510b   Thumb Code   212  spi_oled.o(.text)
    OLED12864_DisBmp                         0x080051df   Thumb Code   300  spi_oled.o(.text)
    OLED12864_DisPower                       0x0800530b   Thumb Code   318  spi_oled.o(.text)
    OLED12864_DisThro                        0x08005449   Thumb Code   234  spi_oled.o(.text)
    PWM_Init                                 0x08005535   Thumb Code   190  mg955.o(.text)
    PWM_SetCompare1                          0x080055f3   Thumb Code    14  mg955.o(.text)
    PWM_SetCompare2                          0x08005601   Thumb Code    14  mg955.o(.text)
    PWM_SetCompare3                          0x0800560f   Thumb Code    14  mg955.o(.text)
    Servo_Init                               0x0800561d   Thumb Code     8  mg955.o(.text)
    Servo1_SetAngle                          0x08005625   Thumb Code    48  mg955.o(.text)
    Servo2_SetAngle                          0x08005655   Thumb Code    48  mg955.o(.text)
    Servo3_SetAngle                          0x08005685   Thumb Code    48  mg955.o(.text)
    GPIO_DeInit                              0x080056cd   Thumb Code   172  stm32f10x_gpio.o(.text)
    GPIO_AFIODeInit                          0x08005779   Thumb Code    20  stm32f10x_gpio.o(.text)
    GPIO_Init                                0x0800578d   Thumb Code   278  stm32f10x_gpio.o(.text)
    GPIO_StructInit                          0x080058a3   Thumb Code    16  stm32f10x_gpio.o(.text)
    GPIO_ReadInputDataBit                    0x080058b3   Thumb Code    18  stm32f10x_gpio.o(.text)
    GPIO_ReadInputData                       0x080058c5   Thumb Code     8  stm32f10x_gpio.o(.text)
    GPIO_ReadOutputDataBit                   0x080058cd   Thumb Code    18  stm32f10x_gpio.o(.text)
    GPIO_ReadOutputData                      0x080058df   Thumb Code     8  stm32f10x_gpio.o(.text)
    GPIO_SetBits                             0x080058e7   Thumb Code     4  stm32f10x_gpio.o(.text)
    GPIO_ResetBits                           0x080058eb   Thumb Code     4  stm32f10x_gpio.o(.text)
    GPIO_WriteBit                            0x080058ef   Thumb Code    10  stm32f10x_gpio.o(.text)
    GPIO_Write                               0x080058f9   Thumb Code     4  stm32f10x_gpio.o(.text)
    GPIO_PinLockConfig                       0x080058fd   Thumb Code    18  stm32f10x_gpio.o(.text)
    GPIO_EventOutputConfig                   0x0800590f   Thumb Code    26  stm32f10x_gpio.o(.text)
    GPIO_EventOutputCmd                      0x08005929   Thumb Code     6  stm32f10x_gpio.o(.text)
    GPIO_PinRemapConfig                      0x0800592f   Thumb Code   138  stm32f10x_gpio.o(.text)
    GPIO_EXTILineConfig                      0x080059b9   Thumb Code    66  stm32f10x_gpio.o(.text)
    GPIO_ETH_MediaInterfaceConfig            0x080059fb   Thumb Code     8  stm32f10x_gpio.o(.text)
    IOInit                                   0x08005a29   Thumb Code   236  nrf24l01.o(.text)
    SPI_ExchangeByte                         0x08005b15   Thumb Code    82  nrf24l01.o(.text)
    GetCEStatus                              0x08005b67   Thumb Code     6  nrf24l01.o(.text)
    SetCE                                    0x08005b6d   Thumb Code    42  nrf24l01.o(.text)
    ReadSingleReg                            0x08005b97   Thumb Code    42  nrf24l01.o(.text)
    WriteSingleReg                           0x08005bc1   Thumb Code    60  nrf24l01.o(.text)
    WriteMultiReg                            0x08005bfd   Thumb Code    78  nrf24l01.o(.text)
    ReadMultiReg                             0x08005c4b   Thumb Code    60  nrf24l01.o(.text)
    FlushTX                                  0x08005c87   Thumb Code    30  nrf24l01.o(.text)
    FlushRX                                  0x08005ca5   Thumb Code    30  nrf24l01.o(.text)
    Nopp                                     0x08005cc3   Thumb Code    30  nrf24l01.o(.text)
    ClearIRQ                                 0x08005ce1   Thumb Code    48  nrf24l01.o(.text)
    ReadIRQSource                            0x08005d11   Thumb Code    14  nrf24l01.o(.text)
    SetTXAddr                                0x08005d1f   Thumb Code    30  nrf24l01.o(.text)
    SetRXAddr                                0x08005d3d   Thumb Code    52  nrf24l01.o(.text)
    WriteTXPayload                           0x08005d71   Thumb Code    72  nrf24l01.o(.text)
    nRF24L01_InitNoAck                       0x08005db9   Thumb Code    88  nrf24l01.o(.text)
    nRF24L01_InitAck                         0x08005e11   Thumb Code   106  nrf24l01.o(.text)
    SetPipe0Length                           0x08005e7b   Thumb Code    32  nrf24l01.o(.text)
    SetFrequency                             0x08005e9b   Thumb Code    20  nrf24l01.o(.text)
    SetPower                                 0x08005eaf   Thumb Code    22  nrf24l01.o(.text)
    SetTxMode                                0x08005ec5   Thumb Code    24  nrf24l01.o(.text)
    SetRxMode                                0x08005edd   Thumb Code    24  nrf24l01.o(.text)
    nRF24L01_TxDat                           0x08005ef5   Thumb Code    92  nrf24l01.o(.text)
    nRF24L01_TxDat2                          0x08005f51   Thumb Code    92  nrf24l01.o(.text)
    nRF24L01_RxDat                           0x08005fad   Thumb Code    86  nrf24l01.o(.text)
    nRF24L01_RxDat2                          0x08006003   Thumb Code    86  nrf24l01.o(.text)
    nRF24L01_Test                            0x08006059   Thumb Code    22  nrf24l01.o(.text)
    nRF24L01_Setup                           0x0800606f   Thumb Code    58  nrf24l01.o(.text)
    GetIRQStatus                             0x080060a9   Thumb Code    54  nrf24l01.o(.text)
    WaitingRX                                0x080060df   Thumb Code    10  nrf24l01.o(.text)
    nRF24L01_Debug                           0x080060e9   Thumb Code   484  nrf24l01.o(.text)
    floatturn                                0x08006339   Thumb Code   472  floatturn.o(.text)
    delay_init                               0x08006521   Thumb Code    50  delay.o(.text)
    delay_us                                 0x08006553   Thumb Code    72  delay.o(.text)
    delay_ms                                 0x0800659b   Thumb Code    72  delay.o(.text)
    _sys_exit                                0x080065f5   Thumb Code     6  usart.o(.text)
    fputc                                    0x080065fb   Thumb Code    24  usart.o(.text)
    uart_init                                0x08006613   Thumb Code   152  usart.o(.text)
    USART1_IRQHandler                        0x080066ab   Thumb Code   122  usart.o(.text)
    RCC_HSE_Configuration                    0x08006735   Thumb Code    90  rcc.o(.text)
    TIM2_Period                              0x08006791   Thumb Code    16  timx.o(.text)
    TIM2_Configuration                       0x080067a1   Thumb Code    62  timx.o(.text)
    TimerConfiguration                       0x080067df   Thumb Code    32  timx.o(.text)
    TIM1_Configuration                       0x080067ff   Thumb Code    58  timx.o(.text)
    TIM3_Configuration                       0x08006839   Thumb Code    58  timx.o(.text)
    TIM4_Configuration                       0x08006873   Thumb Code    58  timx.o(.text)
    TIM5_Configuration                       0x080068ad   Thumb Code    58  timx.o(.text)
    TIM6_Configuration                       0x080068e7   Thumb Code    58  timx.o(.text)
    TIM7_Configuration                       0x08006921   Thumb Code    58  timx.o(.text)
    TIM8_Configuration                       0x0800695b   Thumb Code    58  timx.o(.text)
    TIM1_Period                              0x08006995   Thumb Code    16  timx.o(.text)
    TIM3_Period                              0x080069a5   Thumb Code    16  timx.o(.text)
    TIM4_Period                              0x080069b5   Thumb Code    16  timx.o(.text)
    TIM5_Period                              0x080069c5   Thumb Code    16  timx.o(.text)
    TIM6_Period                              0x080069d5   Thumb Code    14  timx.o(.text)
    TIM7_Period                              0x080069e3   Thumb Code    16  timx.o(.text)
    TIM8_Period                              0x080069f3   Thumb Code    16  timx.o(.text)
    Reset_Handler                            0x08006a21   Thumb Code     8  startup_stm32f10x_hd.o(.text)
    ADC1_2_IRQHandler                        0x08006a3b   Thumb Code     0  startup_stm32f10x_hd.o(.text)
    ADC3_IRQHandler                          0x08006a3b   Thumb Code     0  startup_stm32f10x_hd.o(.text)
    CAN1_RX1_IRQHandler                      0x08006a3b   Thumb Code     0  startup_stm32f10x_hd.o(.text)
    CAN1_SCE_IRQHandler                      0x08006a3b   Thumb Code     0  startup_stm32f10x_hd.o(.text)
    DMA1_Channel1_IRQHandler                 0x08006a3b   Thumb Code     0  startup_stm32f10x_hd.o(.text)
    DMA1_Channel2_IRQHandler                 0x08006a3b   Thumb Code     0  startup_stm32f10x_hd.o(.text)
    DMA1_Channel3_IRQHandler                 0x08006a3b   Thumb Code     0  startup_stm32f10x_hd.o(.text)
    DMA1_Channel4_IRQHandler                 0x08006a3b   Thumb Code     0  startup_stm32f10x_hd.o(.text)
    DMA1_Channel5_IRQHandler                 0x08006a3b   Thumb Code     0  startup_stm32f10x_hd.o(.text)
    DMA1_Channel6_IRQHandler                 0x08006a3b   Thumb Code     0  startup_stm32f10x_hd.o(.text)
    DMA1_Channel7_IRQHandler                 0x08006a3b   Thumb Code     0  startup_stm32f10x_hd.o(.text)
    DMA2_Channel1_IRQHandler                 0x08006a3b   Thumb Code     0  startup_stm32f10x_hd.o(.text)
    DMA2_Channel2_IRQHandler                 0x08006a3b   Thumb Code     0  startup_stm32f10x_hd.o(.text)
    DMA2_Channel3_IRQHandler                 0x08006a3b   Thumb Code     0  startup_stm32f10x_hd.o(.text)
    DMA2_Channel4_5_IRQHandler               0x08006a3b   Thumb Code     0  startup_stm32f10x_hd.o(.text)
    EXTI0_IRQHandler                         0x08006a3b   Thumb Code     0  startup_stm32f10x_hd.o(.text)
    EXTI15_10_IRQHandler                     0x08006a3b   Thumb Code     0  startup_stm32f10x_hd.o(.text)
    EXTI1_IRQHandler                         0x08006a3b   Thumb Code     0  startup_stm32f10x_hd.o(.text)
    EXTI2_IRQHandler                         0x08006a3b   Thumb Code     0  startup_stm32f10x_hd.o(.text)
    EXTI3_IRQHandler                         0x08006a3b   Thumb Code     0  startup_stm32f10x_hd.o(.text)
    EXTI4_IRQHandler                         0x08006a3b   Thumb Code     0  startup_stm32f10x_hd.o(.text)
    EXTI9_5_IRQHandler                       0x08006a3b   Thumb Code     0  startup_stm32f10x_hd.o(.text)
    FLASH_IRQHandler                         0x08006a3b   Thumb Code     0  startup_stm32f10x_hd.o(.text)
    FSMC_IRQHandler                          0x08006a3b   Thumb Code     0  startup_stm32f10x_hd.o(.text)
    I2C1_ER_IRQHandler                       0x08006a3b   Thumb Code     0  startup_stm32f10x_hd.o(.text)
    I2C1_EV_IRQHandler                       0x08006a3b   Thumb Code     0  startup_stm32f10x_hd.o(.text)
    I2C2_ER_IRQHandler                       0x08006a3b   Thumb Code     0  startup_stm32f10x_hd.o(.text)
    I2C2_EV_IRQHandler                       0x08006a3b   Thumb Code     0  startup_stm32f10x_hd.o(.text)
    PVD_IRQHandler                           0x08006a3b   Thumb Code     0  startup_stm32f10x_hd.o(.text)
    RCC_IRQHandler                           0x08006a3b   Thumb Code     0  startup_stm32f10x_hd.o(.text)
    RTCAlarm_IRQHandler                      0x08006a3b   Thumb Code     0  startup_stm32f10x_hd.o(.text)
    RTC_IRQHandler                           0x08006a3b   Thumb Code     0  startup_stm32f10x_hd.o(.text)
    SDIO_IRQHandler                          0x08006a3b   Thumb Code     0  startup_stm32f10x_hd.o(.text)
    SPI1_IRQHandler                          0x08006a3b   Thumb Code     0  startup_stm32f10x_hd.o(.text)
    SPI2_IRQHandler                          0x08006a3b   Thumb Code     0  startup_stm32f10x_hd.o(.text)
    SPI3_IRQHandler                          0x08006a3b   Thumb Code     0  startup_stm32f10x_hd.o(.text)
    TAMPER_IRQHandler                        0x08006a3b   Thumb Code     0  startup_stm32f10x_hd.o(.text)
    TIM1_BRK_IRQHandler                      0x08006a3b   Thumb Code     0  startup_stm32f10x_hd.o(.text)
    TIM1_CC_IRQHandler                       0x08006a3b   Thumb Code     0  startup_stm32f10x_hd.o(.text)
    TIM1_TRG_COM_IRQHandler                  0x08006a3b   Thumb Code     0  startup_stm32f10x_hd.o(.text)
    TIM1_UP_IRQHandler                       0x08006a3b   Thumb Code     0  startup_stm32f10x_hd.o(.text)
    TIM3_IRQHandler                          0x08006a3b   Thumb Code     0  startup_stm32f10x_hd.o(.text)
    TIM5_IRQHandler                          0x08006a3b   Thumb Code     0  startup_stm32f10x_hd.o(.text)
    TIM6_IRQHandler                          0x08006a3b   Thumb Code     0  startup_stm32f10x_hd.o(.text)
    TIM7_IRQHandler                          0x08006a3b   Thumb Code     0  startup_stm32f10x_hd.o(.text)
    TIM8_BRK_IRQHandler                      0x08006a3b   Thumb Code     0  startup_stm32f10x_hd.o(.text)
    TIM8_CC_IRQHandler                       0x08006a3b   Thumb Code     0  startup_stm32f10x_hd.o(.text)
    TIM8_TRG_COM_IRQHandler                  0x08006a3b   Thumb Code     0  startup_stm32f10x_hd.o(.text)
    TIM8_UP_IRQHandler                       0x08006a3b   Thumb Code     0  startup_stm32f10x_hd.o(.text)
    UART4_IRQHandler                         0x08006a3b   Thumb Code     0  startup_stm32f10x_hd.o(.text)
    UART5_IRQHandler                         0x08006a3b   Thumb Code     0  startup_stm32f10x_hd.o(.text)
    USART2_IRQHandler                        0x08006a3b   Thumb Code     0  startup_stm32f10x_hd.o(.text)
    USART3_IRQHandler                        0x08006a3b   Thumb Code     0  startup_stm32f10x_hd.o(.text)
    USBWakeUp_IRQHandler                     0x08006a3b   Thumb Code     0  startup_stm32f10x_hd.o(.text)
    USB_HP_CAN1_TX_IRQHandler                0x08006a3b   Thumb Code     0  startup_stm32f10x_hd.o(.text)
    USB_LP_CAN1_RX0_IRQHandler               0x08006a3b   Thumb Code     0  startup_stm32f10x_hd.o(.text)
    WWDG_IRQHandler                          0x08006a3b   Thumb Code     0  startup_stm32f10x_hd.o(.text)
    __user_initial_stackheap                 0x08006a3d   Thumb Code     0  startup_stm32f10x_hd.o(.text)
    RCC_DeInit                               0x08006a61   Thumb Code    64  stm32f10x_rcc.o(.text)
    RCC_HSEConfig                            0x08006aa1   Thumb Code    70  stm32f10x_rcc.o(.text)
    RCC_GetFlagStatus                        0x08006ae7   Thumb Code    56  stm32f10x_rcc.o(.text)
    RCC_WaitForHSEStartUp                    0x08006b1f   Thumb Code    56  stm32f10x_rcc.o(.text)
    RCC_AdjustHSICalibrationValue            0x08006b57   Thumb Code    20  stm32f10x_rcc.o(.text)
    RCC_HSICmd                               0x08006b6b   Thumb Code     6  stm32f10x_rcc.o(.text)
    RCC_PLLConfig                            0x08006b71   Thumb Code    24  stm32f10x_rcc.o(.text)
    RCC_PLLCmd                               0x08006b89   Thumb Code     6  stm32f10x_rcc.o(.text)
    RCC_SYSCLKConfig                         0x08006b8f   Thumb Code    18  stm32f10x_rcc.o(.text)
    RCC_GetSYSCLKSource                      0x08006ba1   Thumb Code    10  stm32f10x_rcc.o(.text)
    RCC_HCLKConfig                           0x08006bab   Thumb Code    18  stm32f10x_rcc.o(.text)
    RCC_PCLK1Config                          0x08006bbd   Thumb Code    18  stm32f10x_rcc.o(.text)
    RCC_PCLK2Config                          0x08006bcf   Thumb Code    20  stm32f10x_rcc.o(.text)
    RCC_ITConfig                             0x08006be3   Thumb Code    26  stm32f10x_rcc.o(.text)
    RCC_USBCLKConfig                         0x08006bfd   Thumb Code     8  stm32f10x_rcc.o(.text)
    RCC_ADCCLKConfig                         0x08006c05   Thumb Code    18  stm32f10x_rcc.o(.text)
    RCC_LSEConfig                            0x08006c17   Thumb Code    50  stm32f10x_rcc.o(.text)
    RCC_LSICmd                               0x08006c49   Thumb Code     6  stm32f10x_rcc.o(.text)
    RCC_RTCCLKConfig                         0x08006c4f   Thumb Code    12  stm32f10x_rcc.o(.text)
    RCC_RTCCLKCmd                            0x08006c5b   Thumb Code     8  stm32f10x_rcc.o(.text)
    RCC_GetClocksFreq                        0x08006c63   Thumb Code   192  stm32f10x_rcc.o(.text)
    RCC_AHBPeriphClockCmd                    0x08006d23   Thumb Code    26  stm32f10x_rcc.o(.text)
    RCC_APB2PeriphClockCmd                   0x08006d3d   Thumb Code    26  stm32f10x_rcc.o(.text)
    RCC_APB1PeriphClockCmd                   0x08006d57   Thumb Code    26  stm32f10x_rcc.o(.text)
    RCC_APB2PeriphResetCmd                   0x08006d71   Thumb Code    26  stm32f10x_rcc.o(.text)
    RCC_APB1PeriphResetCmd                   0x08006d8b   Thumb Code    26  stm32f10x_rcc.o(.text)
    RCC_BackupResetCmd                       0x08006da5   Thumb Code     8  stm32f10x_rcc.o(.text)
    RCC_ClockSecuritySystemCmd               0x08006dad   Thumb Code     6  stm32f10x_rcc.o(.text)
    RCC_MCOConfig                            0x08006db3   Thumb Code     6  stm32f10x_rcc.o(.text)
    RCC_ClearFlag                            0x08006db9   Thumb Code    14  stm32f10x_rcc.o(.text)
    RCC_GetITStatus                          0x08006dc7   Thumb Code    20  stm32f10x_rcc.o(.text)
    RCC_ClearITPendingBit                    0x08006ddb   Thumb Code     6  stm32f10x_rcc.o(.text)
    USART_DeInit                             0x08006e05   Thumb Code   134  stm32f10x_usart.o(.text)
    USART_Init                               0x08006e8b   Thumb Code   210  stm32f10x_usart.o(.text)
    USART_StructInit                         0x08006f5d   Thumb Code    24  stm32f10x_usart.o(.text)
    USART_ClockInit                          0x08006f75   Thumb Code    34  stm32f10x_usart.o(.text)
    USART_ClockStructInit                    0x08006f97   Thumb Code    12  stm32f10x_usart.o(.text)
    USART_Cmd                                0x08006fa3   Thumb Code    24  stm32f10x_usart.o(.text)
    USART_ITConfig                           0x08006fbb   Thumb Code    74  stm32f10x_usart.o(.text)
    USART_DMACmd                             0x08007005   Thumb Code    18  stm32f10x_usart.o(.text)
    USART_SetAddress                         0x08007017   Thumb Code    18  stm32f10x_usart.o(.text)
    USART_WakeUpConfig                       0x08007029   Thumb Code    18  stm32f10x_usart.o(.text)
    USART_ReceiverWakeUpCmd                  0x0800703b   Thumb Code    24  stm32f10x_usart.o(.text)
    USART_LINBreakDetectLengthConfig         0x08007053   Thumb Code    18  stm32f10x_usart.o(.text)
    USART_LINCmd                             0x08007065   Thumb Code    24  stm32f10x_usart.o(.text)
    USART_SendData                           0x0800707d   Thumb Code     8  stm32f10x_usart.o(.text)
    USART_ReceiveData                        0x08007085   Thumb Code    10  stm32f10x_usart.o(.text)
    USART_SendBreak                          0x0800708f   Thumb Code    10  stm32f10x_usart.o(.text)
    USART_SetGuardTime                       0x08007099   Thumb Code    16  stm32f10x_usart.o(.text)
    USART_SetPrescaler                       0x080070a9   Thumb Code    16  stm32f10x_usart.o(.text)
    USART_SmartCardCmd                       0x080070b9   Thumb Code    24  stm32f10x_usart.o(.text)
    USART_SmartCardNACKCmd                   0x080070d1   Thumb Code    24  stm32f10x_usart.o(.text)
    USART_HalfDuplexCmd                      0x080070e9   Thumb Code    24  stm32f10x_usart.o(.text)
    USART_OverSampling8Cmd                   0x08007101   Thumb Code    22  stm32f10x_usart.o(.text)
    USART_OneBitMethodCmd                    0x08007117   Thumb Code    24  stm32f10x_usart.o(.text)
    USART_IrDAConfig                         0x0800712f   Thumb Code    18  stm32f10x_usart.o(.text)
    USART_IrDACmd                            0x08007141   Thumb Code    24  stm32f10x_usart.o(.text)
    USART_GetFlagStatus                      0x08007159   Thumb Code    26  stm32f10x_usart.o(.text)
    USART_ClearFlag                          0x08007173   Thumb Code    18  stm32f10x_usart.o(.text)
    USART_GetITStatus                        0x08007185   Thumb Code    84  stm32f10x_usart.o(.text)
    USART_ClearITPendingBit                  0x080071d9   Thumb Code    52  stm32f10x_usart.o(.text)
    NVIC_PriorityGroupConfig                 0x0800720d   Thumb Code    10  misc.o(.text)
    NVIC_Init                                0x08007217   Thumb Code   100  misc.o(.text)
    NVIC_SetVectorTable                      0x0800727b   Thumb Code    14  misc.o(.text)
    NVIC_SystemLPConfig                      0x08007289   Thumb Code    34  misc.o(.text)
    SysTick_CLKSourceConfig                  0x080072ab   Thumb Code    40  misc.o(.text)
    TIM_DeInit                               0x080072e9   Thumb Code   424  stm32f10x_tim.o(.text)
    TIM_TimeBaseInit                         0x08007491   Thumb Code   122  stm32f10x_tim.o(.text)
    TIM_OC1Init                              0x0800750b   Thumb Code   132  stm32f10x_tim.o(.text)
    TIM_OC2Init                              0x0800758f   Thumb Code   154  stm32f10x_tim.o(.text)
    TIM_OC3Init                              0x08007629   Thumb Code   150  stm32f10x_tim.o(.text)
    TIM_OC4Init                              0x080076bf   Thumb Code   182  stm32f10x_tim.o(.text)
    TIM_SetIC4Prescaler                      0x08007775   Thumb Code    26  stm32f10x_tim.o(.text)
    TIM_SetIC3Prescaler                      0x08007811   Thumb Code    18  stm32f10x_tim.o(.text)
    TIM_SetIC2Prescaler                      0x0800789d   Thumb Code    26  stm32f10x_tim.o(.text)
    TIM_SetIC1Prescaler                      0x08007939   Thumb Code    18  stm32f10x_tim.o(.text)
    TIM_ICInit                               0x080079b7   Thumb Code   150  stm32f10x_tim.o(.text)
    TIM_PWMIConfig                           0x08007a4d   Thumb Code   124  stm32f10x_tim.o(.text)
    TIM_BDTRConfig                           0x08007ac9   Thumb Code    32  stm32f10x_tim.o(.text)
    TIM_TimeBaseStructInit                   0x08007ae9   Thumb Code    18  stm32f10x_tim.o(.text)
    TIM_OCStructInit                         0x08007afb   Thumb Code    20  stm32f10x_tim.o(.text)
    TIM_ICStructInit                         0x08007b0f   Thumb Code    18  stm32f10x_tim.o(.text)
    TIM_BDTRStructInit                       0x08007b21   Thumb Code    40  stm32f10x_tim.o(.text)
    TIM_Cmd                                  0x08007b49   Thumb Code    24  stm32f10x_tim.o(.text)
    TIM_CtrlPWMOutputs                       0x08007b61   Thumb Code    30  stm32f10x_tim.o(.text)
    TIM_ITConfig                             0x08007b7f   Thumb Code    18  stm32f10x_tim.o(.text)
    TIM_GenerateEvent                        0x08007b91   Thumb Code     4  stm32f10x_tim.o(.text)
    TIM_DMAConfig                            0x08007b95   Thumb Code    10  stm32f10x_tim.o(.text)
    TIM_DMACmd                               0x08007b9f   Thumb Code    18  stm32f10x_tim.o(.text)
    TIM_InternalClockConfig                  0x08007bb1   Thumb Code    12  stm32f10x_tim.o(.text)
    TIM_SelectInputTrigger                   0x08007bbd   Thumb Code    18  stm32f10x_tim.o(.text)
    TIM_ITRxExternalClockConfig              0x08007bcf   Thumb Code    24  stm32f10x_tim.o(.text)
    TIM_TIxExternalClockConfig               0x08007be7   Thumb Code    62  stm32f10x_tim.o(.text)
    TIM_ETRConfig                            0x08007c25   Thumb Code    28  stm32f10x_tim.o(.text)
    TIM_ETRClockMode1Config                  0x08007c41   Thumb Code    54  stm32f10x_tim.o(.text)
    TIM_ETRClockMode2Config                  0x08007c77   Thumb Code    32  stm32f10x_tim.o(.text)
    TIM_PrescalerConfig                      0x08007c97   Thumb Code     6  stm32f10x_tim.o(.text)
    TIM_CounterModeConfig                    0x08007c9d   Thumb Code    18  stm32f10x_tim.o(.text)
    TIM_EncoderInterfaceConfig               0x08007caf   Thumb Code    66  stm32f10x_tim.o(.text)
    TIM_ForcedOC1Config                      0x08007cf1   Thumb Code    18  stm32f10x_tim.o(.text)
    TIM_ForcedOC2Config                      0x08007d03   Thumb Code    26  stm32f10x_tim.o(.text)
    TIM_ForcedOC3Config                      0x08007d1d   Thumb Code    18  stm32f10x_tim.o(.text)
    TIM_ForcedOC4Config                      0x08007d2f   Thumb Code    26  stm32f10x_tim.o(.text)
    TIM_ARRPreloadConfig                     0x08007d49   Thumb Code    24  stm32f10x_tim.o(.text)
    TIM_SelectCOM                            0x08007d61   Thumb Code    24  stm32f10x_tim.o(.text)
    TIM_SelectCCDMA                          0x08007d79   Thumb Code    24  stm32f10x_tim.o(.text)
    TIM_CCPreloadControl                     0x08007d91   Thumb Code    24  stm32f10x_tim.o(.text)
    TIM_OC1PreloadConfig                     0x08007da9   Thumb Code    18  stm32f10x_tim.o(.text)
    TIM_OC2PreloadConfig                     0x08007dbb   Thumb Code    26  stm32f10x_tim.o(.text)
    TIM_OC3PreloadConfig                     0x08007dd5   Thumb Code    18  stm32f10x_tim.o(.text)
    TIM_OC4PreloadConfig                     0x08007de7   Thumb Code    26  stm32f10x_tim.o(.text)
    TIM_OC1FastConfig                        0x08007e01   Thumb Code    18  stm32f10x_tim.o(.text)
    TIM_OC2FastConfig                        0x08007e13   Thumb Code    26  stm32f10x_tim.o(.text)
    TIM_OC3FastConfig                        0x08007e2d   Thumb Code    18  stm32f10x_tim.o(.text)
    TIM_OC4FastConfig                        0x08007e3f   Thumb Code    26  stm32f10x_tim.o(.text)
    TIM_ClearOC1Ref                          0x08007e59   Thumb Code    18  stm32f10x_tim.o(.text)
    TIM_ClearOC2Ref                          0x08007e6b   Thumb Code    24  stm32f10x_tim.o(.text)
    TIM_ClearOC3Ref                          0x08007e83   Thumb Code    18  stm32f10x_tim.o(.text)
    TIM_ClearOC4Ref                          0x08007e95   Thumb Code    24  stm32f10x_tim.o(.text)
    TIM_OC1PolarityConfig                    0x08007ead   Thumb Code    18  stm32f10x_tim.o(.text)
    TIM_OC1NPolarityConfig                   0x08007ebf   Thumb Code    18  stm32f10x_tim.o(.text)
    TIM_OC2PolarityConfig                    0x08007ed1   Thumb Code    26  stm32f10x_tim.o(.text)
    TIM_OC2NPolarityConfig                   0x08007eeb   Thumb Code    26  stm32f10x_tim.o(.text)
    TIM_OC3PolarityConfig                    0x08007f05   Thumb Code    26  stm32f10x_tim.o(.text)
    TIM_OC3NPolarityConfig                   0x08007f1f   Thumb Code    26  stm32f10x_tim.o(.text)
    TIM_OC4PolarityConfig                    0x08007f39   Thumb Code    26  stm32f10x_tim.o(.text)
    TIM_CCxCmd                               0x08007f53   Thumb Code    30  stm32f10x_tim.o(.text)
    TIM_CCxNCmd                              0x08007f71   Thumb Code    30  stm32f10x_tim.o(.text)
    TIM_SelectOCxM                           0x08007f8f   Thumb Code    82  stm32f10x_tim.o(.text)
    TIM_UpdateDisableConfig                  0x08007fe1   Thumb Code    24  stm32f10x_tim.o(.text)
    TIM_UpdateRequestConfig                  0x08007ff9   Thumb Code    24  stm32f10x_tim.o(.text)
    TIM_SelectHallSensor                     0x08008011   Thumb Code    24  stm32f10x_tim.o(.text)
    TIM_SelectOnePulseMode                   0x08008029   Thumb Code    18  stm32f10x_tim.o(.text)
    TIM_SelectOutputTrigger                  0x0800803b   Thumb Code    18  stm32f10x_tim.o(.text)
    TIM_SelectSlaveMode                      0x0800804d   Thumb Code    18  stm32f10x_tim.o(.text)
    TIM_SelectMasterSlaveMode                0x0800805f   Thumb Code    18  stm32f10x_tim.o(.text)
    TIM_SetCounter                           0x08008071   Thumb Code     4  stm32f10x_tim.o(.text)
    TIM_SetAutoreload                        0x08008075   Thumb Code     4  stm32f10x_tim.o(.text)
    TIM_SetCompare1                          0x08008079   Thumb Code     4  stm32f10x_tim.o(.text)
    TIM_SetCompare2                          0x0800807d   Thumb Code     4  stm32f10x_tim.o(.text)
    TIM_SetCompare3                          0x08008081   Thumb Code     4  stm32f10x_tim.o(.text)
    TIM_SetCompare4                          0x08008085   Thumb Code     6  stm32f10x_tim.o(.text)
    TIM_SetClockDivision                     0x0800808b   Thumb Code    18  stm32f10x_tim.o(.text)
    TIM_GetCapture1                          0x0800809d   Thumb Code     6  stm32f10x_tim.o(.text)
    TIM_GetCapture2                          0x080080a3   Thumb Code     6  stm32f10x_tim.o(.text)
    TIM_GetCapture3                          0x080080a9   Thumb Code     6  stm32f10x_tim.o(.text)
    TIM_GetCapture4                          0x080080af   Thumb Code     8  stm32f10x_tim.o(.text)
    TIM_GetCounter                           0x080080b7   Thumb Code     6  stm32f10x_tim.o(.text)
    TIM_GetPrescaler                         0x080080bd   Thumb Code     6  stm32f10x_tim.o(.text)
    TIM_GetFlagStatus                        0x080080c3   Thumb Code    18  stm32f10x_tim.o(.text)
    TIM_ClearFlag                            0x080080d5   Thumb Code     6  stm32f10x_tim.o(.text)
    TIM_GetITStatus                          0x080080db   Thumb Code    34  stm32f10x_tim.o(.text)
    TIM_ClearITPendingBit                    0x080080fd   Thumb Code     6  stm32f10x_tim.o(.text)
    usmart_sys_cmd_exe                       0x08008105   Thumb Code  1554  usmart.o(.text)
    usmart_reset_runtime                     0x08008717   Thumb Code    38  usmart.o(.text)
    usmart_get_runtime                       0x0800873d   Thumb Code    56  usmart.o(.text)
    TIM4_IRQHandler                          0x08008775   Thumb Code    50  usmart.o(.text)
    Timer4_Init                              0x080087a7   Thumb Code    94  usmart.o(.text)
    usmart_init                              0x08008805   Thumb Code    36  usmart.o(.text)
    usmart_cmd_rec                           0x08008829   Thumb Code   170  usmart.o(.text)
    usmart_exe                               0x080088d3   Thumb Code   872  usmart.o(.text)
    usmart_scan                              0x08008c3b   Thumb Code   120  usmart.o(.text)
    read_addr                                0x08008cb3   Thumb Code     6  usmart.o(.text)
    write_addr                               0x08008cb9   Thumb Code     4  usmart.o(.text)
    usmart_strcmp                            0x08008d45   Thumb Code    34  usmart_str.o(.text)
    usmart_strcopy                           0x08008d67   Thumb Code    22  usmart_str.o(.text)
    usmart_strlen                            0x08008d7d   Thumb Code    24  usmart_str.o(.text)
    usmart_pow                               0x08008d95   Thumb Code    22  usmart_str.o(.text)
    usmart_str2num                           0x08008dab   Thumb Code   202  usmart_str.o(.text)
    usmart_get_cmdname                       0x08008e75   Thumb Code    54  usmart_str.o(.text)
    usmart_search_nextc                      0x08008eab   Thumb Code    22  usmart_str.o(.text)
    usmart_get_fname                         0x08008ec1   Thumb Code   440  usmart_str.o(.text)
    usmart_get_aparm                         0x08009079   Thumb Code   200  usmart_str.o(.text)
    usmart_get_parmpos                       0x08009141   Thumb Code    26  usmart_str.o(.text)
    usmart_get_fparam                        0x0800915b   Thumb Code   262  usmart_str.o(.text)
    __use_no_semihosting                     0x0800926d   Thumb Code     2  use_no_semi_2.o(.text)
    __aeabi_ldivmod                          0x0800926f   Thumb Code     0  llsdiv.o(.text)
    _ll_sdiv                                 0x0800926f   Thumb Code    72  llsdiv.o(.text)
    __2printf                                0x080092b9   Thumb Code    20  __2printf.o(.text)
    __2sprintf                               0x080092d1   Thumb Code    38  __2sprintf.o(.text)
    _printf_pre_padding                      0x080092fd   Thumb Code    44  _printf_pad.o(.text)
    _printf_post_padding                     0x08009329   Thumb Code    34  _printf_pad.o(.text)
    _printf_str                              0x0800934b   Thumb Code    82  _printf_str.o(.text)
    _printf_int_dec                          0x0800939d   Thumb Code   104  _printf_dec.o(.text)
    _printf_int_hex                          0x08009415   Thumb Code    84  _printf_hex_int.o(.text)
    _printf_longlong_hex                     0x08009415   Thumb Code     0  _printf_hex_int.o(.text)
    __printf                                 0x0800946d   Thumb Code   388  __printf_flags_ss_wp.o(.text)
    memcmp                                   0x080095f5   Thumb Code    88  memcmp.o(.text)
    __aeabi_memset                           0x0800964d   Thumb Code    16  aeabi_memset.o(.text)
    __use_two_region_memory                  0x0800965d   Thumb Code     2  heapauxi.o(.text)
    __rt_heap_escrow$2region                 0x0800965f   Thumb Code     2  heapauxi.o(.text)
    __rt_heap_expand$2region                 0x08009661   Thumb Code     2  heapauxi.o(.text)
    __I$use$semihosting                      0x08009663   Thumb Code     0  use_no_semi.o(.text)
    __use_no_semihosting_swi                 0x08009663   Thumb Code     2  use_no_semi.o(.text)
    __aeabi_uldivmod                         0x08009665   Thumb Code     0  lludivv7m.o(.text)
    _ll_udiv                                 0x08009665   Thumb Code   238  lludivv7m.o(.text)
    __read_errno                             0x08009753   Thumb Code    10  _rserrno.o(.text)
    __set_errno                              0x0800975d   Thumb Code    12  _rserrno.o(.text)
    _printf_int_common                       0x08009769   Thumb Code   178  _printf_intcommon.o(.text)
    __lib_sel_fp_printf                      0x0800981b   Thumb Code     2  _printf_fp_dec.o(.text)
    _printf_fp_dec_real                      0x080099cd   Thumb Code   620  _printf_fp_dec.o(.text)
    _printf_char_common                      0x08009c43   Thumb Code    32  _printf_char_common.o(.text)
    _sputc                                   0x08009c69   Thumb Code    10  _sputc.o(.text)
    _printf_cs_common                        0x08009c73   Thumb Code    20  _printf_char.o(.text)
    _printf_char                             0x08009c87   Thumb Code    16  _printf_char.o(.text)
    _printf_string                           0x08009c97   Thumb Code     8  _printf_char.o(.text)
    _printf_char_file                        0x08009ca1   Thumb Code    32  _printf_char_file.o(.text)
    __aeabi_memclr                           0x08009cc5   Thumb Code     0  rt_memclr.o(.text)
    __rt_memclr                              0x08009cc5   Thumb Code    68  rt_memclr.o(.text)
    _memset                                  0x08009cc9   Thumb Code     0  rt_memclr.o(.text)
    __rt_locale                              0x08009d09   Thumb Code     8  rt_locale_intlibspace.o(.text)
    __aeabi_errno_addr                       0x08009d11   Thumb Code     8  rt_errno_addr_intlibspace.o(.text)
    __errno$intlibspace                      0x08009d11   Thumb Code     0  rt_errno_addr_intlibspace.o(.text)
    __rt_errno_addr$intlibspace              0x08009d11   Thumb Code     0  rt_errno_addr_intlibspace.o(.text)
    _ll_udiv10                               0x08009d19   Thumb Code   138  lludiv10.o(.text)
    _printf_fp_infnan                        0x08009da5   Thumb Code   112  _printf_fp_infnan.o(.text)
    _btod_etento                             0x08009e25   Thumb Code   224  bigflt0.o(.text)
    ferror                                   0x08009f09   Thumb Code     8  ferror.o(.text)
    __aeabi_memclr4                          0x08009f11   Thumb Code     0  rt_memclr_w.o(.text)
    __aeabi_memclr8                          0x08009f11   Thumb Code     0  rt_memclr_w.o(.text)
    __rt_memclr_w                            0x08009f11   Thumb Code    78  rt_memclr_w.o(.text)
    _memset_w                                0x08009f15   Thumb Code     0  rt_memclr_w.o(.text)
    __user_libspace                          0x08009f61   Thumb Code     8  libspace.o(.text)
    __user_perproc_libspace                  0x08009f61   Thumb Code     0  libspace.o(.text)
    __user_perthread_libspace                0x08009f61   Thumb Code     0  libspace.o(.text)
    __user_setup_stackheap                   0x08009f69   Thumb Code    74  sys_stackheap_outer.o(.text)
    exit                                     0x08009fb3   Thumb Code    18  exit.o(.text)
    strcmp                                   0x08009fc5   Thumb Code   128  strcmpv7m.o(.text)
    _btod_d2e                                0x0800a045   Thumb Code    62  btod.o(CL$$btod_d2e)
    _d2e_denorm_low                          0x0800a083   Thumb Code    70  btod.o(CL$$btod_d2e_denorm_low)
    _d2e_norm_op1                            0x0800a0c9   Thumb Code    96  btod.o(CL$$btod_d2e_norm_op1)
    __btod_div_common                        0x0800a129   Thumb Code   696  btod.o(CL$$btod_div_common)
    _e2e                                     0x0800a461   Thumb Code   220  btod.o(CL$$btod_e2e)
    _btod_ediv                               0x0800a53d   Thumb Code    42  btod.o(CL$$btod_ediv)
    _btod_emul                               0x0800a567   Thumb Code    42  btod.o(CL$$btod_emul)
    __btod_mult_common                       0x0800a591   Thumb Code   580  btod.o(CL$$btod_mult_common)
    __ARM_fpclassify                         0x0800a7d5   Thumb Code    40  fpclassify.o(i.__ARM_fpclassify)
    __kernel_poly                            0x0800a7fd   Thumb Code   170  poly.o(i.__kernel_poly)
    __mathlib_dbl_divzero                    0x0800a8a9   Thumb Code    12  dunder.o(i.__mathlib_dbl_divzero)
    __mathlib_dbl_infnan                     0x0800a8b9   Thumb Code     6  dunder.o(i.__mathlib_dbl_infnan)
    __mathlib_dbl_infnan2                    0x0800a8bf   Thumb Code     4  dunder.o(i.__mathlib_dbl_infnan2)
    __mathlib_dbl_invalid                    0x0800a8c3   Thumb Code    12  dunder.o(i.__mathlib_dbl_invalid)
    __mathlib_dbl_overflow                   0x0800a8cf   Thumb Code    14  dunder.o(i.__mathlib_dbl_overflow)
    __mathlib_dbl_underflow                  0x0800a8dd   Thumb Code    10  dunder.o(i.__mathlib_dbl_underflow)
    _is_digit                                0x0800a8ed   Thumb Code    14  __printf_wp.o(i._is_digit)
    asin                                     0x0800a8fd   Thumb Code   572  asin.o(i.asin)
    atan                                     0x0800ab6d   Thumb Code   474  atan.o(i.atan)
    atan2                                    0x0800ad8d   Thumb Code   346  atan2.o(i.atan2)
    pow                                      0x0800af0d   Thumb Code  2512  pow.o(i.pow)
    sqrt                                     0x0800b8e5   Thumb Code    76  sqrt.o(i.sqrt)
    _get_lc_numeric                          0x0800b931   Thumb Code    44  lc_numeric_c.o(locale$$code)
    __aeabi_d2f                              0x0800b95d   Thumb Code     0  d2f.o(x$fpl$d2f)
    _d2f                                     0x0800b95d   Thumb Code    98  d2f.o(x$fpl$d2f)
    __aeabi_dadd                             0x0800b9c1   Thumb Code     0  daddsub_clz.o(x$fpl$dadd)
    _dadd                                    0x0800b9c1   Thumb Code   332  daddsub_clz.o(x$fpl$dadd)
    __fpl_dcheck_NaN1                        0x0800bb11   Thumb Code    10  dcheck1.o(x$fpl$dcheck1)
    __fpl_dcmp_Inf                           0x0800bb21   Thumb Code    24  dcmpi.o(x$fpl$dcmpinf)
    __aeabi_ddiv                             0x0800bb39   Thumb Code     0  ddiv.o(x$fpl$ddiv)
    _ddiv                                    0x0800bb39   Thumb Code   552  ddiv.o(x$fpl$ddiv)
    __aeabi_d2uiz                            0x0800bde9   Thumb Code     0  dfixu.o(x$fpl$dfixu)
    _dfixu                                   0x0800bde9   Thumb Code    90  dfixu.o(x$fpl$dfixu)
    __aeabi_i2d                              0x0800be43   Thumb Code     0  dflt_clz.o(x$fpl$dflt)
    _dflt                                    0x0800be43   Thumb Code    46  dflt_clz.o(x$fpl$dflt)
    __aeabi_ui2d                             0x0800be71   Thumb Code     0  dflt_clz.o(x$fpl$dfltu)
    _dfltu                                   0x0800be71   Thumb Code    38  dflt_clz.o(x$fpl$dfltu)
    __aeabi_cdcmple                          0x0800be99   Thumb Code     0  dleqf.o(x$fpl$dleqf)
    _dcmple                                  0x0800be99   Thumb Code   120  dleqf.o(x$fpl$dleqf)
    __fpl_dcmple_InfNaN                      0x0800befb   Thumb Code     0  dleqf.o(x$fpl$dleqf)
    __aeabi_dmul                             0x0800bf11   Thumb Code     0  dmul.o(x$fpl$dmul)
    _dmul                                    0x0800bf11   Thumb Code   332  dmul.o(x$fpl$dmul)
    __fpl_dnaninf                            0x0800c065   Thumb Code   156  dnaninf.o(x$fpl$dnaninf)
    __fpl_dretinf                            0x0800c101   Thumb Code    12  dretinf.o(x$fpl$dretinf)
    __aeabi_cdrcmple                         0x0800c10d   Thumb Code     0  drleqf.o(x$fpl$drleqf)
    _drcmple                                 0x0800c10d   Thumb Code   108  drleqf.o(x$fpl$drleqf)
    __aeabi_drsub                            0x0800c179   Thumb Code     0  daddsub_clz.o(x$fpl$drsb)
    _drsb                                    0x0800c179   Thumb Code    22  daddsub_clz.o(x$fpl$drsb)
    _dsqrt                                   0x0800c191   Thumb Code   456  dsqrt_noumaal.o(x$fpl$dsqrt)
    __aeabi_dsub                             0x0800c35d   Thumb Code     0  daddsub_clz.o(x$fpl$dsub)
    _dsub                                    0x0800c35d   Thumb Code   464  daddsub_clz.o(x$fpl$dsub)
    __aeabi_f2d                              0x0800c531   Thumb Code     0  f2d.o(x$fpl$f2d)
    _f2d                                     0x0800c531   Thumb Code    86  f2d.o(x$fpl$f2d)
    __aeabi_fadd                             0x0800c589   Thumb Code     0  faddsub_clz.o(x$fpl$fadd)
    _fadd                                    0x0800c589   Thumb Code   196  faddsub_clz.o(x$fpl$fadd)
    __fpl_fcmp_Inf                           0x0800c64d   Thumb Code    24  fcmpi.o(x$fpl$fcmpinf)
    __aeabi_fdiv                             0x0800c665   Thumb Code     0  fdiv.o(x$fpl$fdiv)
    _fdiv                                    0x0800c665   Thumb Code   384  fdiv.o(x$fpl$fdiv)
    __aeabi_cfcmpeq                          0x0800c7e9   Thumb Code     0  feqf.o(x$fpl$feqf)
    _fcmpeq                                  0x0800c7e9   Thumb Code   104  feqf.o(x$fpl$feqf)
    __aeabi_f2iz                             0x0800c851   Thumb Code     0  ffix.o(x$fpl$ffix)
    _ffix                                    0x0800c851   Thumb Code    54  ffix.o(x$fpl$ffix)
    __aeabi_f2uiz                            0x0800c889   Thumb Code     0  ffixu.o(x$fpl$ffixu)
    _ffixu                                   0x0800c889   Thumb Code    62  ffixu.o(x$fpl$ffixu)
    __aeabi_i2f                              0x0800c8c9   Thumb Code     0  fflt_clz.o(x$fpl$fflt)
    _fflt                                    0x0800c8c9   Thumb Code    48  fflt_clz.o(x$fpl$fflt)
    __aeabi_ui2f                             0x0800c8f9   Thumb Code     0  fflt_clz.o(x$fpl$ffltu)
    _ffltu                                   0x0800c8f9   Thumb Code    38  fflt_clz.o(x$fpl$ffltu)
    __aeabi_cfcmple                          0x0800c921   Thumb Code     0  fleqf.o(x$fpl$fleqf)
    _fcmple                                  0x0800c921   Thumb Code   104  fleqf.o(x$fpl$fleqf)
    __fpl_fcmple_InfNaN                      0x0800c973   Thumb Code     0  fleqf.o(x$fpl$fleqf)
    __aeabi_fmul                             0x0800c989   Thumb Code     0  fmul.o(x$fpl$fmul)
    _fmul                                    0x0800c989   Thumb Code   258  fmul.o(x$fpl$fmul)
    __fpl_fnaninf                            0x0800ca8b   Thumb Code   140  fnaninf.o(x$fpl$fnaninf)
    __fpl_fretinf                            0x0800cb17   Thumb Code    10  fretinf.o(x$fpl$fretinf)
    __aeabi_cfrcmple                         0x0800cb21   Thumb Code     0  frleqf.o(x$fpl$frleqf)
    _frcmple                                 0x0800cb21   Thumb Code    98  frleqf.o(x$fpl$frleqf)
    __aeabi_fsub                             0x0800cb85   Thumb Code     0  faddsub_clz.o(x$fpl$fsub)
    _fsub                                    0x0800cb85   Thumb Code   234  faddsub_clz.o(x$fpl$fsub)
    _printf_fp_dec                           0x0800cc6f   Thumb Code     4  printf1.o(x$fpl$printf1)
    __fpl_return_NaN                         0x0800cc73   Thumb Code   100  retnan.o(x$fpl$retnan)
    __ARM_scalbn                             0x0800ccd7   Thumb Code    92  scalbn.o(x$fpl$scalbn)
    __fpl_cmpreturn                          0x0800cd33   Thumb Code    48  trapv.o(x$fpl$trapveneer)
    __I$use$fp                               0x0800cd62   Number         0  usenofp.o(x$fpl$usenofp)
    reg                                      0x0800d958   Data          27  inv_mpu.o(.constdata)
    hw                                       0x0800d974   Data          12  inv_mpu.o(.constdata)
    test                                     0x0800d980   Data          40  inv_mpu.o(.constdata)
    Font6x8                                  0x0800d9a8   Data         546  spi_oled.o(.constdata)
    Font8x12                                 0x0800dbca   Data        1536  spi_oled.o(.constdata)
    Font8x16                                 0x0800e1ca   Data        1520  spi_oled.o(.constdata)
    __mathlib_zero                           0x0800e968   Data           8  qnan.o(.constdata)
    Region$$Table$$Base                      0x0800eb18   Number         0  anon$$obj.o(Region$$Table)
    Region$$Table$$Limit                     0x0800eb38   Number         0  anon$$obj.o(Region$$Table)
    AD0                                      0x20000000   Data           2  main.o(.data)
    AD1                                      0x20000002   Data           2  main.o(.data)
    AD2                                      0x20000004   Data           2  main.o(.data)
    KeyNum                                   0x20000006   Data           1  main.o(.data)
    TxAddr                                   0x20000007   Data           5  main.o(.data)
    Timer2Counter                            0x2000000c   Data           2  stm32f10x_it.o(.data)
    TranFlag                                 0x2000000e   Data           1  stm32f10x_it.o(.data)
    SystemCoreClock                          0x20000010   Data           4  system_stm32f10x.o(.data)
    AHBPrescTable                            0x20000014   Data          16  system_stm32f10x.o(.data)
    Buff                                     0x20000059   Data           2  spi_oled.o(.data)
    Start                                    0x2000005b   Data           2  spi_oled.o(.data)
    INIT_ADDR                                0x2000005d   Data           5  nrf24l01.o(.data)
    CE_Status                                0x20000062   Data           1  nrf24l01.o(.data)
    __stdout                                 0x20000068   Data           4  usart.o(.data)
    USART_RX_STA                             0x2000006c   Data           2  usart.o(.data)
    sys_cmd_tab                              0x20000084   Data          28  usmart.o(.data)
    usmart_nametab                           0x200000a0   Data          40  usmart_config.o(.data)
    usmart_dev                               0x200000c8   Data         244  usmart_config.o(.data)
    servo                                    0x200001bc   Data          12  main.o(.bss)
    storage                                  0x200001c8   Data          12  main.o(.bss)
    TXData                                   0x200001d4   Data          13  main.o(.bss)
    DisBuff                                  0x200001f4   Data        1024  spi_oled.o(.bss)
    USART_RX_BUF                             0x200005f4   Data         200  usart.o(.bss)
    __libspace_start                         0x200006bc   Data          96  libspace.o(.bss)
    __temporary_stack_top$libspace           0x2000071c   Data           0  libspace.o(.bss)



==============================================================================

Memory Map of the image

  Image Entry point : 0x08000131

  Load Region LR_IROM1 (Base: 0x08000000, Size: 0x0000ed10, Max: 0x00040000, ABSOLUTE, COMPRESSED[0x0000ebd8])

    Execution Region ER_IROM1 (Exec base: 0x08000000, Load base: 0x08000000, Size: 0x0000eb54, Max: 0x00040000, ABSOLUTE)

    Exec Addr    Load Addr    Size         Type   Attr      Idx    E Section Name        Object

    0x08000000   0x08000000   0x00000130   Data   RO          513    RESET               startup_stm32f10x_hd.o
    0x08000130   0x08000130   0x00000008   Code   RO          701  * !!!main             c_w.l(__main.o)
    0x08000138   0x08000138   0x00000034   Code   RO         1093    !!!scatter          c_w.l(__scatter.o)
    0x0800016c   0x0800016c   0x0000005a   Code   RO         1091    !!dczerorl2         c_w.l(__dczerorl2.o)
    0x080001c6   0x080001c6   0x00000002   PAD
    0x080001c8   0x080001c8   0x0000001c   Code   RO         1095    !!handler_zi        c_w.l(__scatter_zi.o)
    0x080001e4   0x080001e4   0x00000000   Code   RO          694    .ARM.Collect$$_printf_percent$$00000000  c_w.l(_printf_percent.o)
    0x080001e4   0x080001e4   0x00000006   Code   RO          693    .ARM.Collect$$_printf_percent$$00000003  c_w.l(_printf_f.o)
    0x080001ea   0x080001ea   0x00000006   Code   RO          691    .ARM.Collect$$_printf_percent$$00000009  c_w.l(_printf_d.o)
    0x080001f0   0x080001f0   0x00000006   Code   RO          692    .ARM.Collect$$_printf_percent$$0000000A  c_w.l(_printf_u.o)
    0x080001f6   0x080001f6   0x00000006   Code   RO          690    .ARM.Collect$$_printf_percent$$0000000C  c_w.l(_printf_x.o)
    0x080001fc   0x080001fc   0x00000006   Code   RO          688    .ARM.Collect$$_printf_percent$$00000013  c_w.l(_printf_c.o)
    0x08000202   0x08000202   0x00000006   Code   RO          689    .ARM.Collect$$_printf_percent$$00000014  c_w.l(_printf_s.o)
    0x08000208   0x08000208   0x00000004   Code   RO          810    .ARM.Collect$$_printf_percent$$00000017  c_w.l(_printf_percent_end.o)
    0x0800020c   0x0800020c   0x00000002   Code   RO          958    .ARM.Collect$$libinit$$00000000  c_w.l(libinit.o)
    0x0800020e   0x0800020e   0x00000000   Code   RO          960    .ARM.Collect$$libinit$$00000002  c_w.l(libinit2.o)
    0x0800020e   0x0800020e   0x00000000   Code   RO          962    .ARM.Collect$$libinit$$00000004  c_w.l(libinit2.o)
    0x0800020e   0x0800020e   0x00000000   Code   RO          965    .ARM.Collect$$libinit$$0000000A  c_w.l(libinit2.o)
    0x0800020e   0x0800020e   0x00000000   Code   RO          967    .ARM.Collect$$libinit$$0000000C  c_w.l(libinit2.o)
    0x0800020e   0x0800020e   0x00000000   Code   RO          969    .ARM.Collect$$libinit$$0000000E  c_w.l(libinit2.o)
    0x0800020e   0x0800020e   0x00000006   Code   RO          970    .ARM.Collect$$libinit$$0000000F  c_w.l(libinit2.o)
    0x08000214   0x08000214   0x00000000   Code   RO          972    .ARM.Collect$$libinit$$00000011  c_w.l(libinit2.o)
    0x08000214   0x08000214   0x00000000   Code   RO          974    .ARM.Collect$$libinit$$00000013  c_w.l(libinit2.o)
    0x08000214   0x08000214   0x00000000   Code   RO          976    .ARM.Collect$$libinit$$00000015  c_w.l(libinit2.o)
    0x08000214   0x08000214   0x0000000a   Code   RO          977    .ARM.Collect$$libinit$$00000016  c_w.l(libinit2.o)
    0x0800021e   0x0800021e   0x00000000   Code   RO          978    .ARM.Collect$$libinit$$00000017  c_w.l(libinit2.o)
    0x0800021e   0x0800021e   0x00000000   Code   RO          980    .ARM.Collect$$libinit$$00000019  c_w.l(libinit2.o)
    0x0800021e   0x0800021e   0x00000000   Code   RO          982    .ARM.Collect$$libinit$$0000001B  c_w.l(libinit2.o)
    0x0800021e   0x0800021e   0x00000000   Code   RO          984    .ARM.Collect$$libinit$$0000001D  c_w.l(libinit2.o)
    0x0800021e   0x0800021e   0x00000000   Code   RO          986    .ARM.Collect$$libinit$$0000001F  c_w.l(libinit2.o)
    0x0800021e   0x0800021e   0x00000000   Code   RO          988    .ARM.Collect$$libinit$$00000021  c_w.l(libinit2.o)
    0x0800021e   0x0800021e   0x00000000   Code   RO          990    .ARM.Collect$$libinit$$00000023  c_w.l(libinit2.o)
    0x0800021e   0x0800021e   0x00000000   Code   RO          992    .ARM.Collect$$libinit$$00000025  c_w.l(libinit2.o)
    0x0800021e   0x0800021e   0x00000000   Code   RO          996    .ARM.Collect$$libinit$$0000002C  c_w.l(libinit2.o)
    0x0800021e   0x0800021e   0x00000000   Code   RO          998    .ARM.Collect$$libinit$$0000002E  c_w.l(libinit2.o)
    0x0800021e   0x0800021e   0x00000000   Code   RO         1000    .ARM.Collect$$libinit$$00000030  c_w.l(libinit2.o)
    0x0800021e   0x0800021e   0x00000000   Code   RO         1002    .ARM.Collect$$libinit$$00000032  c_w.l(libinit2.o)
    0x0800021e   0x0800021e   0x00000002   Code   RO         1003    .ARM.Collect$$libinit$$00000033  c_w.l(libinit2.o)
    0x08000220   0x08000220   0x00000002   Code   RO         1051    .ARM.Collect$$libshutdown$$00000000  c_w.l(libshutdown.o)
    0x08000222   0x08000222   0x00000000   Code   RO         1060    .ARM.Collect$$libshutdown$$00000002  c_w.l(libshutdown2.o)
    0x08000222   0x08000222   0x00000000   Code   RO         1062    .ARM.Collect$$libshutdown$$00000004  c_w.l(libshutdown2.o)
    0x08000222   0x08000222   0x00000000   Code   RO         1065    .ARM.Collect$$libshutdown$$00000007  c_w.l(libshutdown2.o)
    0x08000222   0x08000222   0x00000000   Code   RO         1068    .ARM.Collect$$libshutdown$$0000000A  c_w.l(libshutdown2.o)
    0x08000222   0x08000222   0x00000000   Code   RO         1070    .ARM.Collect$$libshutdown$$0000000C  c_w.l(libshutdown2.o)
    0x08000222   0x08000222   0x00000000   Code   RO         1073    .ARM.Collect$$libshutdown$$0000000F  c_w.l(libshutdown2.o)
    0x08000222   0x08000222   0x00000002   Code   RO         1074    .ARM.Collect$$libshutdown$$00000010  c_w.l(libshutdown2.o)
    0x08000224   0x08000224   0x00000000   Code   RO          793    .ARM.Collect$$rtentry$$00000000  c_w.l(__rtentry.o)
    0x08000224   0x08000224   0x00000000   Code   RO          866    .ARM.Collect$$rtentry$$00000002  c_w.l(__rtentry2.o)
    0x08000224   0x08000224   0x00000006   Code   RO          878    .ARM.Collect$$rtentry$$00000004  c_w.l(__rtentry4.o)
    0x0800022a   0x0800022a   0x00000000   Code   RO          868    .ARM.Collect$$rtentry$$00000009  c_w.l(__rtentry2.o)
    0x0800022a   0x0800022a   0x00000004   Code   RO          869    .ARM.Collect$$rtentry$$0000000A  c_w.l(__rtentry2.o)
    0x0800022e   0x0800022e   0x00000000   Code   RO          871    .ARM.Collect$$rtentry$$0000000C  c_w.l(__rtentry2.o)
    0x0800022e   0x0800022e   0x00000008   Code   RO          872    .ARM.Collect$$rtentry$$0000000D  c_w.l(__rtentry2.o)
    0x08000236   0x08000236   0x00000002   Code   RO         1008    .ARM.Collect$$rtexit$$00000000  c_w.l(rtexit.o)
    0x08000238   0x08000238   0x00000000   Code   RO         1021    .ARM.Collect$$rtexit$$00000002  c_w.l(rtexit2.o)
    0x08000238   0x08000238   0x00000004   Code   RO         1022    .ARM.Collect$$rtexit$$00000003  c_w.l(rtexit2.o)
    0x0800023c   0x0800023c   0x00000006   Code   RO         1023    .ARM.Collect$$rtexit$$00000004  c_w.l(rtexit2.o)
    0x08000242   0x08000242   0x00000002   PAD
    0x08000244   0x08000244   0x00000150   Code   RO            1    .text               main.o
    0x08000394   0x08000394   0x000002a4   Code   RO          167    .text               stm32f10x_it.o
    0x08000638   0x08000638   0x000001e0   Code   RO          186    .text               system_stm32f10x.o
    0x08000818   0x08000818   0x00000050   Code   RO          204    .text               led.o
    0x08000868   0x08000868   0x00000044   Code   RO          242    .text               key.o
    0x080008ac   0x080008ac   0x00000250   Code   RO          254    .text               mpuiic.o
    0x08000afc   0x08000afc   0x00000368   Code   RO          266    .text               mpu6050.o
    0x08000e64   0x08000e64   0x00000d70   Code   RO          282    .text               inv_mpu_dmp_motion_driver.o
    0x08001bd4   0x08001bd4   0x0000228c   Code   RO          309    .text               inv_mpu.o
    0x08003e60   0x08003e60   0x000016d2   Code   RO          333    .text               spi_oled.o
    0x08005532   0x08005532   0x00000002   PAD
    0x08005534   0x08005534   0x00000198   Code   RO          351    .text               mg955.o
    0x080056cc   0x080056cc   0x0000035c   Code   RO          363    .text               stm32f10x_gpio.o
    0x08005a28   0x08005a28   0x00000910   Code   RO          375    .text               nrf24l01.o
    0x08006338   0x08006338   0x000001e8   Code   RO          393    .text               floatturn.o
    0x08006520   0x08006520   0x000000d4   Code   RO          405    .text               delay.o
    0x080065f4   0x080065f4   0x00000140   Code   RO          436    .text               usart.o
    0x08006734   0x08006734   0x0000005a   Code   RO          459    .text               rcc.o
    0x0800678e   0x0800678e   0x00000002   PAD
    0x08006790   0x08006790   0x00000290   Code   RO          471    .text               timx.o
    0x08006a20   0x08006a20   0x00000040   Code   RO          514    .text               startup_stm32f10x_hd.o
    0x08006a60   0x08006a60   0x000003a4   Code   RO          518    .text               stm32f10x_rcc.o
    0x08006e04   0x08006e04   0x00000408   Code   RO          532    .text               stm32f10x_usart.o
    0x0800720c   0x0800720c   0x000000dc   Code   RO          544    .text               misc.o
    0x080072e8   0x080072e8   0x00000e1a   Code   RO          556    .text               stm32f10x_tim.o
    0x08008102   0x08008102   0x00000002   PAD
    0x08008104   0x08008104   0x00000c40   Code   RO          580    .text               usmart.o
    0x08008d44   0x08008d44   0x00000528   Code   RO          613    .text               usmart_str.o
    0x0800926c   0x0800926c   0x00000002   Code   RO          627    .text               c_w.l(use_no_semi_2.o)
    0x0800926e   0x0800926e   0x00000048   Code   RO          629    .text               c_w.l(llsdiv.o)
    0x080092b6   0x080092b6   0x00000002   PAD
    0x080092b8   0x080092b8   0x00000018   Code   RO          631    .text               c_w.l(__2printf.o)
    0x080092d0   0x080092d0   0x0000002c   Code   RO          633    .text               c_w.l(__2sprintf.o)
    0x080092fc   0x080092fc   0x0000004e   Code   RO          641    .text               c_w.l(_printf_pad.o)
    0x0800934a   0x0800934a   0x00000052   Code   RO          643    .text               c_w.l(_printf_str.o)
    0x0800939c   0x0800939c   0x00000078   Code   RO          645    .text               c_w.l(_printf_dec.o)
    0x08009414   0x08009414   0x00000058   Code   RO          650    .text               c_w.l(_printf_hex_int.o)
    0x0800946c   0x0800946c   0x00000188   Code   RO          685    .text               c_w.l(__printf_flags_ss_wp.o)
    0x080095f4   0x080095f4   0x00000058   Code   RO          695    .text               c_w.l(memcmp.o)
    0x0800964c   0x0800964c   0x00000010   Code   RO          697    .text               c_w.l(aeabi_memset.o)
    0x0800965c   0x0800965c   0x00000006   Code   RO          699    .text               c_w.l(heapauxi.o)
    0x08009662   0x08009662   0x00000002   Code   RO          791    .text               c_w.l(use_no_semi.o)
    0x08009664   0x08009664   0x000000ee   Code   RO          794    .text               c_w.l(lludivv7m.o)
    0x08009752   0x08009752   0x00000016   Code   RO          796    .text               c_w.l(_rserrno.o)
    0x08009768   0x08009768   0x000000b2   Code   RO          798    .text               c_w.l(_printf_intcommon.o)
    0x0800981a   0x0800981a   0x0000041e   Code   RO          800    .text               c_w.l(_printf_fp_dec.o)
    0x08009c38   0x08009c38   0x00000030   Code   RO          802    .text               c_w.l(_printf_char_common.o)
    0x08009c68   0x08009c68   0x0000000a   Code   RO          804    .text               c_w.l(_sputc.o)
    0x08009c72   0x08009c72   0x0000002c   Code   RO          806    .text               c_w.l(_printf_char.o)
    0x08009c9e   0x08009c9e   0x00000002   PAD
    0x08009ca0   0x08009ca0   0x00000024   Code   RO          808    .text               c_w.l(_printf_char_file.o)
    0x08009cc4   0x08009cc4   0x00000044   Code   RO          811    .text               c_w.l(rt_memclr.o)
    0x08009d08   0x08009d08   0x00000008   Code   RO          887    .text               c_w.l(rt_locale_intlibspace.o)
    0x08009d10   0x08009d10   0x00000008   Code   RO          892    .text               c_w.l(rt_errno_addr_intlibspace.o)
    0x08009d18   0x08009d18   0x0000008a   Code   RO          894    .text               c_w.l(lludiv10.o)
    0x08009da2   0x08009da2   0x00000002   PAD
    0x08009da4   0x08009da4   0x00000080   Code   RO          896    .text               c_w.l(_printf_fp_infnan.o)
    0x08009e24   0x08009e24   0x000000e4   Code   RO          900    .text               c_w.l(bigflt0.o)
    0x08009f08   0x08009f08   0x00000008   Code   RO          925    .text               c_w.l(ferror.o)
    0x08009f10   0x08009f10   0x0000004e   Code   RO          932    .text               c_w.l(rt_memclr_w.o)
    0x08009f5e   0x08009f5e   0x00000002   PAD
    0x08009f60   0x08009f60   0x00000008   Code   RO          942    .text               c_w.l(libspace.o)
    0x08009f68   0x08009f68   0x0000004a   Code   RO          945    .text               c_w.l(sys_stackheap_outer.o)
    0x08009fb2   0x08009fb2   0x00000012   Code   RO          949    .text               c_w.l(exit.o)
    0x08009fc4   0x08009fc4   0x00000080   Code   RO          951    .text               c_w.l(strcmpv7m.o)
    0x0800a044   0x0800a044   0x0000003e   Code   RO          903    CL$$btod_d2e        c_w.l(btod.o)
    0x0800a082   0x0800a082   0x00000046   Code   RO          905    CL$$btod_d2e_denorm_low  c_w.l(btod.o)
    0x0800a0c8   0x0800a0c8   0x00000060   Code   RO          904    CL$$btod_d2e_norm_op1  c_w.l(btod.o)
    0x0800a128   0x0800a128   0x00000338   Code   RO          913    CL$$btod_div_common  c_w.l(btod.o)
    0x0800a460   0x0800a460   0x000000dc   Code   RO          910    CL$$btod_e2e        c_w.l(btod.o)
    0x0800a53c   0x0800a53c   0x0000002a   Code   RO          907    CL$$btod_ediv       c_w.l(btod.o)
    0x0800a566   0x0800a566   0x0000002a   Code   RO          906    CL$$btod_emul       c_w.l(btod.o)
    0x0800a590   0x0800a590   0x00000244   Code   RO          912    CL$$btod_mult_common  c_w.l(btod.o)
    0x0800a7d4   0x0800a7d4   0x00000028   Code   RO          852    i.__ARM_fpclassify  m_ws.l(fpclassify.o)
    0x0800a7fc   0x0800a7fc   0x000000aa   Code   RO          854    i.__kernel_poly     m_ws.l(poly.o)
    0x0800a8a6   0x0800a8a6   0x00000002   PAD
    0x0800a8a8   0x0800a8a8   0x00000010   Code   RO          838    i.__mathlib_dbl_divzero  m_ws.l(dunder.o)
    0x0800a8b8   0x0800a8b8   0x00000006   Code   RO          839    i.__mathlib_dbl_infnan  m_ws.l(dunder.o)
    0x0800a8be   0x0800a8be   0x00000004   Code   RO          840    i.__mathlib_dbl_infnan2  m_ws.l(dunder.o)
    0x0800a8c2   0x0800a8c2   0x0000000c   Code   RO          841    i.__mathlib_dbl_invalid  m_ws.l(dunder.o)
    0x0800a8ce   0x0800a8ce   0x0000000e   Code   RO          842    i.__mathlib_dbl_overflow  m_ws.l(dunder.o)
    0x0800a8dc   0x0800a8dc   0x00000010   Code   RO          844    i.__mathlib_dbl_underflow  m_ws.l(dunder.o)
    0x0800a8ec   0x0800a8ec   0x0000000e   Code   RO          678    i._is_digit         c_w.l(__printf_wp.o)
    0x0800a8fa   0x0800a8fa   0x00000002   PAD
    0x0800a8fc   0x0800a8fc   0x00000270   Code   RO          764    i.asin              m_ws.l(asin.o)
    0x0800ab6c   0x0800ab6c   0x00000220   Code   RO          829    i.atan              m_ws.l(atan.o)
    0x0800ad8c   0x0800ad8c   0x00000180   Code   RO          774    i.atan2             m_ws.l(atan2.o)
    0x0800af0c   0x0800af0c   0x000009d8   Code   RO          782    i.pow               m_ws.l(pow.o)
    0x0800b8e4   0x0800b8e4   0x0000004c   Code   RO          858    i.sqrt              m_ws.l(sqrt.o)
    0x0800b930   0x0800b930   0x0000002c   Code   RO          930    locale$$code        c_w.l(lc_numeric_c.o)
    0x0800b95c   0x0800b95c   0x00000062   Code   RO          703    x$fpl$d2f           fz_ws.l(d2f.o)
    0x0800b9be   0x0800b9be   0x00000002   PAD
    0x0800b9c0   0x0800b9c0   0x00000150   Code   RO          705    x$fpl$dadd          fz_ws.l(daddsub_clz.o)
    0x0800bb10   0x0800bb10   0x00000010   Code   RO          934    x$fpl$dcheck1       fz_ws.l(dcheck1.o)
    0x0800bb20   0x0800bb20   0x00000018   Code   RO         1004    x$fpl$dcmpinf       fz_ws.l(dcmpi.o)
    0x0800bb38   0x0800bb38   0x000002b0   Code   RO          712    x$fpl$ddiv          fz_ws.l(ddiv.o)
    0x0800bde8   0x0800bde8   0x0000005a   Code   RO          715    x$fpl$dfixu         fz_ws.l(dfixu.o)
    0x0800be42   0x0800be42   0x0000002e   Code   RO          720    x$fpl$dflt          fz_ws.l(dflt_clz.o)
    0x0800be70   0x0800be70   0x00000026   Code   RO          719    x$fpl$dfltu         fz_ws.l(dflt_clz.o)
    0x0800be96   0x0800be96   0x00000002   PAD
    0x0800be98   0x0800be98   0x00000078   Code   RO          936    x$fpl$dleqf         fz_ws.l(dleqf.o)
    0x0800bf10   0x0800bf10   0x00000154   Code   RO          725    x$fpl$dmul          fz_ws.l(dmul.o)
    0x0800c064   0x0800c064   0x0000009c   Code   RO          813    x$fpl$dnaninf       fz_ws.l(dnaninf.o)
    0x0800c100   0x0800c100   0x0000000c   Code   RO          815    x$fpl$dretinf       fz_ws.l(dretinf.o)
    0x0800c10c   0x0800c10c   0x0000006c   Code   RO          817    x$fpl$drleqf        fz_ws.l(drleqf.o)
    0x0800c178   0x0800c178   0x00000016   Code   RO          706    x$fpl$drsb          fz_ws.l(daddsub_clz.o)
    0x0800c18e   0x0800c18e   0x00000002   PAD
    0x0800c190   0x0800c190   0x000001cc   Code   RO          938    x$fpl$dsqrt         fz_ws.l(dsqrt_noumaal.o)
    0x0800c35c   0x0800c35c   0x000001d4   Code   RO          707    x$fpl$dsub          fz_ws.l(daddsub_clz.o)
    0x0800c530   0x0800c530   0x00000056   Code   RO          727    x$fpl$f2d           fz_ws.l(f2d.o)
    0x0800c586   0x0800c586   0x00000002   PAD
    0x0800c588   0x0800c588   0x000000c4   Code   RO          729    x$fpl$fadd          fz_ws.l(faddsub_clz.o)
    0x0800c64c   0x0800c64c   0x00000018   Code   RO          819    x$fpl$fcmpinf       fz_ws.l(fcmpi.o)
    0x0800c664   0x0800c664   0x00000184   Code   RO          736    x$fpl$fdiv          fz_ws.l(fdiv.o)
    0x0800c7e8   0x0800c7e8   0x00000068   Code   RO          739    x$fpl$feqf          fz_ws.l(feqf.o)
    0x0800c850   0x0800c850   0x00000036   Code   RO          741    x$fpl$ffix          fz_ws.l(ffix.o)
    0x0800c886   0x0800c886   0x00000002   PAD
    0x0800c888   0x0800c888   0x0000003e   Code   RO          745    x$fpl$ffixu         fz_ws.l(ffixu.o)
    0x0800c8c6   0x0800c8c6   0x00000002   PAD
    0x0800c8c8   0x0800c8c8   0x00000030   Code   RO          750    x$fpl$fflt          fz_ws.l(fflt_clz.o)
    0x0800c8f8   0x0800c8f8   0x00000026   Code   RO          749    x$fpl$ffltu         fz_ws.l(fflt_clz.o)
    0x0800c91e   0x0800c91e   0x00000002   PAD
    0x0800c920   0x0800c920   0x00000068   Code   RO          755    x$fpl$fleqf         fz_ws.l(fleqf.o)
    0x0800c988   0x0800c988   0x00000102   Code   RO          757    x$fpl$fmul          fz_ws.l(fmul.o)
    0x0800ca8a   0x0800ca8a   0x0000008c   Code   RO          821    x$fpl$fnaninf       fz_ws.l(fnaninf.o)
    0x0800cb16   0x0800cb16   0x0000000a   Code   RO          823    x$fpl$fretinf       fz_ws.l(fretinf.o)
    0x0800cb20   0x0800cb20   0x00000062   Code   RO          759    x$fpl$frleqf        fz_ws.l(frleqf.o)
    0x0800cb82   0x0800cb82   0x00000002   PAD
    0x0800cb84   0x0800cb84   0x000000ea   Code   RO          731    x$fpl$fsub          fz_ws.l(faddsub_clz.o)
    0x0800cc6e   0x0800cc6e   0x00000004   Code   RO          761    x$fpl$printf1       fz_ws.l(printf1.o)
    0x0800cc72   0x0800cc72   0x00000064   Code   RO         1006    x$fpl$retnan        fz_ws.l(retnan.o)
    0x0800ccd6   0x0800ccd6   0x0000005c   Code   RO          825    x$fpl$scalbn        fz_ws.l(scalbn.o)
    0x0800cd32   0x0800cd32   0x00000030   Code   RO         1018    x$fpl$trapveneer    fz_ws.l(trapv.o)
    0x0800cd62   0x0800cd62   0x00000000   Code   RO          827    x$fpl$usenofp       fz_ws.l(usenofp.o)
    0x0800cd62   0x0800cd62   0x00000bf6   Data   RO          284    .constdata          inv_mpu_dmp_motion_driver.o
    0x0800d958   0x0800d958   0x00000050   Data   RO          310    .constdata          inv_mpu.o
    0x0800d9a8   0x0800d9a8   0x00000e12   Data   RO          335    .constdata          spi_oled.o
    0x0800e7ba   0x0800e7ba   0x00000028   Data   RO          651    .constdata          c_w.l(_printf_hex_int.o)
    0x0800e7e2   0x0800e7e2   0x00000011   Data   RO          686    .constdata          c_w.l(__printf_flags_ss_wp.o)
    0x0800e7f3   0x0800e7f3   0x00000005   PAD
    0x0800e7f8   0x0800e7f8   0x00000050   Data   RO          765    .constdata          m_ws.l(asin.o)
    0x0800e848   0x0800e848   0x00000088   Data   RO          783    .constdata          m_ws.l(pow.o)
    0x0800e8d0   0x0800e8d0   0x00000098   Data   RO          830    .constdata          m_ws.l(atan.o)
    0x0800e968   0x0800e968   0x00000008   Data   RO          856    .constdata          m_ws.l(qnan.o)
    0x0800e970   0x0800e970   0x00000094   Data   RO          901    .constdata          c_w.l(bigflt0.o)
    0x0800ea04   0x0800ea04   0x0000004d   Data   RO          311    .conststring        inv_mpu.o
    0x0800ea51   0x0800ea51   0x00000003   PAD
    0x0800ea54   0x0800ea54   0x00000028   Data   RO          581    .conststring        usmart.o
    0x0800ea7c   0x0800ea7c   0x0000009c   Data   RO          600    .conststring        usmart_config.o
    0x0800eb18   0x0800eb18   0x00000020   Data   RO         1089    Region$$Table       anon$$obj.o
    0x0800eb38   0x0800eb38   0x0000001c   Data   RO          929    locale$$data        c_w.l(lc_numeric_c.o)


    Execution Region RW_IRAM1 (Exec base: 0x20000000, Load base: 0x0800eb54, Size: 0x00000d20, Max: 0x0000c000, ABSOLUTE, COMPRESSED[0x00000084])

    Exec Addr    Load Addr    Size         Type   Attr      Idx    E Section Name        Object

    0x20000000   COMPRESSED   0x0000000c   Data   RW            3    .data               main.o
    0x2000000c   COMPRESSED   0x00000003   Data   RW          168    .data               stm32f10x_it.o
    0x2000000f   COMPRESSED   0x00000001   PAD
    0x20000010   COMPRESSED   0x00000014   Data   RW          187    .data               system_stm32f10x.o
    0x20000024   COMPRESSED   0x00000035   Data   RW          312    .data               inv_mpu.o
    0x20000059   COMPRESSED   0x00000004   Data   RW          336    .data               spi_oled.o
    0x2000005d   COMPRESSED   0x00000006   Data   RW          376    .data               nrf24l01.o
    0x20000063   COMPRESSED   0x00000001   PAD
    0x20000064   COMPRESSED   0x00000004   Data   RW          406    .data               delay.o
    0x20000068   COMPRESSED   0x00000006   Data   RW          438    .data               usart.o
    0x2000006e   COMPRESSED   0x00000014   Data   RW          519    .data               stm32f10x_rcc.o
    0x20000082   COMPRESSED   0x00000002   PAD
    0x20000084   COMPRESSED   0x0000001c   Data   RW          582    .data               usmart.o
    0x200000a0   COMPRESSED   0x0000011c   Data   RW          601    .data               usmart_config.o
    0x200001bc        -       0x00000025   Zero   RW            2    .bss                main.o
    0x200001e1   COMPRESSED   0x00000003   PAD
    0x200001e4        -       0x00000010   Zero   RW          283    .bss                inv_mpu_dmp_motion_driver.o
    0x200001f4        -       0x00000400   Zero   RW          334    .bss                spi_oled.o
    0x200005f4        -       0x000000c8   Zero   RW          437    .bss                usart.o
    0x200006bc        -       0x00000060   Zero   RW          943    .bss                c_w.l(libspace.o)
    0x2000071c   COMPRESSED   0x00000004   PAD
    0x20000720        -       0x00000200   Zero   RW          512    HEAP                startup_stm32f10x_hd.o
    0x20000920        -       0x00000400   Zero   RW          511    STACK               startup_stm32f10x_hd.o


==============================================================================

Image component sizes


      Code (inc. data)   RO Data    RW Data    ZI Data      Debug   Object Name

       212         18          0          4          0       1079   delay.o
       488         16          0          0          0        876   floatturn.o
      8844        196        157         53          0      24069   inv_mpu.o
      3440        126       3062          0         16      15495   inv_mpu_dmp_motion_driver.o
        68          6          0          0          0        670   key.o
        80          8          0          0          0     205319   led.o
       336         62          0         12         37     255551   main.o
       408         24          0          0          0       1866   mg955.o
       220         22          0          0          0       1841   misc.o
       872         18          0          0          0       4423   mpu6050.o
       592         14          0          0          0       2086   mpuiic.o
      2320        124          0          6          0       8963   nrf24l01.o
        90          0          0          0          0        528   rcc.o
      5842        126       3602          4       1024      24529   spi_oled.o
        64         26        304          0       1536        808   startup_stm32f10x_hd.o
       860         38          0          0          0       5773   stm32f10x_gpio.o
       676          8          0          3          0       2266   stm32f10x_it.o
       932         36          0         20          0       8968   stm32f10x_rcc.o
      3610         88          0          0          0      22880   stm32f10x_tim.o
      1032         22          0          0          0       8496   stm32f10x_usart.o
         0          0          0          0          0         32   sys.o
       480         38          0         20          0       1799   system_stm32f10x.o
       656         30          0          0          0       3153   timx.o
       320         16          0          6        200       3226   usart.o
      3136       1288         40         28          0       4390   usmart.o
         0          0        156        284          0       1668   usmart_config.o
      1320         12          0          0          0       5261   usmart_str.o

    ----------------------------------------------------------------------
     36904       2362       7356        444       2816     616015   Object Totals
         0          0         32          0          0          0   (incl. Generated)
         6          0          3          4          3          0   (incl. Padding)

    ----------------------------------------------------------------------

      Code (inc. data)   RO Data    RW Data    ZI Data      Debug   Library Member Name

        24          4          0          0          0         84   __2printf.o
        44          6          0          0          0         84   __2sprintf.o
        90          0          0          0          0          0   __dczerorl2.o
         8          0          0          0          0         68   __main.o
       392          4         17          0          0         92   __printf_flags_ss_wp.o
        14          0          0          0          0         68   __printf_wp.o
         0          0          0          0          0          0   __rtentry.o
        12          0          0          0          0          0   __rtentry2.o
         6          0          0          0          0          0   __rtentry4.o
        52          8          0          0          0          0   __scatter.o
        28          0          0          0          0          0   __scatter_zi.o
         6          0          0          0          0          0   _printf_c.o
        44          0          0          0          0        108   _printf_char.o
        48          6          0          0          0         96   _printf_char_common.o
        36          4          0          0          0         80   _printf_char_file.o
         6          0          0          0          0          0   _printf_d.o
       120         16          0          0          0         92   _printf_dec.o
         6          0          0          0          0          0   _printf_f.o
      1054          0          0          0          0        216   _printf_fp_dec.o
       128         16          0          0          0         84   _printf_fp_infnan.o
        88          4         40          0          0         88   _printf_hex_int.o
       178          0          0          0          0         88   _printf_intcommon.o
        78          0          0          0          0        108   _printf_pad.o
         0          0          0          0          0          0   _printf_percent.o
         4          0          0          0          0          0   _printf_percent_end.o
         6          0          0          0          0          0   _printf_s.o
        82          0          0          0          0         80   _printf_str.o
         6          0          0          0          0          0   _printf_u.o
         6          0          0          0          0          0   _printf_x.o
        22          0          0          0          0        100   _rserrno.o
        10          0          0          0          0         68   _sputc.o
        16          0          0          0          0         68   aeabi_memset.o
       228          4        148          0          0         96   bigflt0.o
      1936        128          0          0          0        672   btod.o
        18          0          0          0          0         80   exit.o
         8          0          0          0          0         68   ferror.o
         6          0          0          0          0        152   heapauxi.o
        44         10         28          0          0         76   lc_numeric_c.o
         2          0          0          0          0          0   libinit.o
        18          0          0          0          0          0   libinit2.o
         2          0          0          0          0          0   libshutdown.o
         2          0          0          0          0          0   libshutdown2.o
         8          4          0          0         96         68   libspace.o
        72          0          0          0          0         76   llsdiv.o
       138          0          0          0          0         80   lludiv10.o
       238          0          0          0          0        100   lludivv7m.o
        88          0          0          0          0         76   memcmp.o
         8          4          0          0          0         68   rt_errno_addr_intlibspace.o
         8          4          0          0          0         68   rt_locale_intlibspace.o
        68          0          0          0          0         68   rt_memclr.o
        78          0          0          0          0         80   rt_memclr_w.o
         2          0          0          0          0          0   rtexit.o
        10          0          0          0          0          0   rtexit2.o
       128          0          0          0          0         68   strcmpv7m.o
        74          0          0          0          0         80   sys_stackheap_outer.o
         2          0          0          0          0         68   use_no_semi.o
         2          0          0          0          0         68   use_no_semi_2.o
        98          4          0          0          0         92   d2f.o
       826         16          0          0          0        348   daddsub_clz.o
        16          4          0          0          0         68   dcheck1.o
        24          0          0          0          0         68   dcmpi.o
       688        140          0          0          0        208   ddiv.o
        90          4          0          0          0         92   dfixu.o
        84          0          0          0          0        136   dflt_clz.o
       120          4          0          0          0         92   dleqf.o
       340         12          0          0          0        104   dmul.o
       156          4          0          0          0         92   dnaninf.o
        12          0          0          0          0         68   dretinf.o
       108          0          0          0          0         80   drleqf.o
       460         56          0          0          0        120   dsqrt_noumaal.o
        86          4          0          0          0         84   f2d.o
       430          8          0          0          0        168   faddsub_clz.o
        24          0          0          0          0         68   fcmpi.o
       388         76          0          0          0         96   fdiv.o
       104          4          0          0          0         84   feqf.o
        54          4          0          0          0         84   ffix.o
        62          4          0          0          0         84   ffixu.o
        86          0          0          0          0        136   fflt_clz.o
       104          4          0          0          0         84   fleqf.o
       258          4          0          0          0         84   fmul.o
       140          4          0          0          0         84   fnaninf.o
        10          0          0          0          0         68   fretinf.o
        98          0          0          0          0         68   frleqf.o
         4          0          0          0          0         68   printf1.o
       100          0          0          0          0         68   retnan.o
        92          0          0          0          0         68   scalbn.o
        48          0          0          0          0         68   trapv.o
         0          0          0          0          0          0   usenofp.o
       624         52         80          0          0        168   asin.o
       544         70        152          0          0        124   atan.o
       384         38          0          0          0        144   atan2.o
        68         10          0          0          0        408   dunder.o
        40          0          0          0          0         68   fpclassify.o
       170          0          0          0          0         96   poly.o
      2520        190        136          0          0        324   pow.o
         0          0          8          0          0          0   qnan.o
        76          0          0          0          0         84   sqrt.o

    ----------------------------------------------------------------------
     15370        938        614          0        100       8232   Library Totals
        32          0          5          0          4          0   (incl. Padding)

    ----------------------------------------------------------------------

      Code (inc. data)   RO Data    RW Data    ZI Data      Debug   Library Name

      5802        222        233          0         96       3784   c_w.l
      5110        356          0          0          0       3032   fz_ws.l
      4426        360        376          0          0       1416   m_ws.l

    ----------------------------------------------------------------------
     15370        938        614          0        100       8232   Library Totals

    ----------------------------------------------------------------------

==============================================================================


      Code (inc. data)   RO Data    RW Data    ZI Data      Debug   

     52274       3300       7970        444       2916     617431   Grand Totals
     52274       3300       7970        132       2916     617431   ELF Image Totals (compressed)
     52274       3300       7970        132          0          0   ROM Totals

==============================================================================

    Total RO  Size (Code + RO Data)                60244 (  58.83kB)
    Total RW  Size (RW Data + ZI Data)              3360 (   3.28kB)
    Total ROM Size (Code + RO Data + RW Data)      60376 (  58.96kB)

==============================================================================

