<html>
<body>
<pre>
<h1>礦ision Build Log</h1>
<h2>Tool Versions:</h2>
IDE-Version: μVision V5.24.2.0
Copyright (C) 2017 ARM Ltd and ARM Germany GmbH. All rights reserved.
License Information: 12 Lenovo, 21212, LIC=D0D7S-LI1KR-EVB1R-KT4GB-76GJJ-UFQ6R
 
Tool Versions:
Toolchain:       MDK-ARM Plus  Version: 5.24.1
Toolchain Path:  H:\keil5\ARM\ARMCC\Bin
C Compiler:      Armcc.exe V5.06 update 5 (build 528)
Assembler:       Armasm.exe V5.06 update 5 (build 528)
Linker/Locator:  ArmLink.exe V5.06 update 5 (build 528)
Library Manager: ArmAr.exe V5.06 update 5 (build 528)
Hex Converter:   FromElf.exe V5.06 update 5 (build 528)
CPU DLL:         SARMCM3.DLL V5.24.1
Dialog DLL:      DCM.DLL V1.16.0.0
Target DLL:      Segger\JL2CM3.dll V2.99.26.0
Dialog DLL:      TCM.DLL V1.32.0.0
 
<h2>Project:</h2>
D:\onedrive\桌面\电位器无线传输数据\NRF24L01TXmpu6050端加按键选择模式\USER\MPU6050.uvprojx
Project File Date:  07/19/2022

<h2>Output:</h2>
*** Using Compiler 'V5.06 update 5 (build 528)', folder: 'H:\keil5\ARM\ARMCC\Bin'
Build target 'MPU6050'
compiling main.c...
main.c(38): warning:  #223-D: function "NVIC_Configuration" declared implicitly
  	NVIC_Configuration();
main.c(31): warning:  #177-D: variable "pitch"  was declared but never referenced
  	float pitch,roll,yaw; 												//欧拉角
main.c(31): warning:  #177-D: variable "roll"  was declared but never referenced
  	float pitch,roll,yaw; 												//欧拉角
main.c(31): warning:  #177-D: variable "yaw"  was declared but never referenced
  	float pitch,roll,yaw; 												//欧拉角
main.c(32): warning:  #177-D: variable "aacx"  was declared but never referenced
  	short aacx,aacy,aacz;													//加速度传感器原始数据
main.c(32): warning:  #177-D: variable "aacy"  was declared but never referenced
  	short aacx,aacy,aacz;													//加速度传感器原始数据
main.c(32): warning:  #177-D: variable "aacz"  was declared but never referenced
  	short aacx,aacy,aacz;													//加速度传感器原始数据
main.c(33): warning:  #177-D: variable "gyrox"  was declared but never referenced
  	short gyrox,gyroy,gyroz;											//陀螺仪原始数据
main.c(33): warning:  #177-D: variable "gyroy"  was declared but never referenced
  	short gyrox,gyroy,gyroz;											//陀螺仪原始数据
main.c(33): warning:  #177-D: variable "gyroz"  was declared but never referenced
  	short gyrox,gyroy,gyroz;											//陀螺仪原始数据
main.c(34): warning:  #177-D: variable "temp"  was declared but never referenced
  	short temp;																		//温度	   
main.c: 11 warnings, 0 errors
linking...
Program Size: Code=38054 RO-data=4518 RW-data=396 ZI-data=2860  
FromELF: creating hex file...
"..\OBJ\MPU6050.axf" - 0 Error(s), 11 Warning(s).

<h2>Software Packages used:</h2>

Package Vendor: Keil
                http://www.keil.com/pack/Keil.STM32F1xx_DFP.2.2.0.pack
                Keil.STM32F1xx_DFP.2.2.0
                STMicroelectronics STM32F1 Series Device Support, Drivers and Examples

<h2>Collection of Component include folders:</h2>
  .\RTE\_MPU6050
  H:\keil5\ARM\PACK\Keil\STM32F1xx_DFP\2.2.0\Device\Include

<h2>Collection of Component Files used:</h2>
Build Time Elapsed:  00:00:01
</pre>
</body>
</html>
