<html>
<body>
<pre>
<h1>礦ision Build Log</h1>
<h2>Tool Versions:</h2>
IDE-Version: μVision V5.24.2.0
Copyright (C) 2017 ARM Ltd and ARM Germany GmbH. All rights reserved.
License Information: 12 Lenovo, 21212, LIC=D0D7S-LI1KR-EVB1R-KT4GB-76GJJ-UFQ6R
 
Tool Versions:
Toolchain:       MDK-ARM Plus  Version: 5.24.1
Toolchain Path:  H:\keil5\ARM\ARMCC\Bin
C Compiler:      Armcc.exe V5.06 update 5 (build 528)
Assembler:       Armasm.exe V5.06 update 5 (build 528)
Linker/Locator:  ArmLink.exe V5.06 update 5 (build 528)
Library Manager: ArmAr.exe V5.06 update 5 (build 528)
Hex Converter:   FromElf.exe V5.06 update 5 (build 528)
CPU DLL:         SARMCM3.DLL V5.24.1
Dialog DLL:      DCM.DLL V1.16.0.0
Target DLL:      Segger\JL2CM3.dll V2.99.26.0
Dialog DLL:      TCM.DLL V1.32.0.0
 
<h2>Project:</h2>
D:\onedrive\桌面\SPI MPU6050控制四个舵机\（库函数版本，适合MiniSTM32开发板）扩展实验16 ATK-MPU6050六轴传感器实验\USER\MPU6050.uvprojx
Project File Date:  08/04/2022

<h2>Output:</h2>
*** Using Compiler 'V5.06 update 5 (build 528)', folder: 'H:\keil5\ARM\ARMCC\Bin'
Build target 'MPU6050'
compiling led.c...
compiling system_stm32f10x.c...
compiling stm32f10x_it.c...
compiling mpu6050.c...
compiling MG955.c...
compiling key.c...
compiling mpuiic.c...
compiling main.c...
main.c(21): warning:  #550-D: variable "temp"  was set but never used
  	short temp;																		//温度	   
main.c: 1 warning, 0 errors
compiling SPI_OLED.c...
compiling inv_mpu_dmp_motion_driver.c...
compiling inv_mpu.c...
compiling lcd.c...
assembling startup_stm32f10x_hd.s...
compiling delay.c...
compiling stm32f10x_gpio.c...
compiling usart.c...
compiling stm32f10x_usart.c...
compiling stm32f10x_adc.c...
compiling stm32f10x_tim.c...
compiling AD.c...
compiling core_cm3.c...
compiling stm32f10x_rcc.c...
compiling misc.c...
compiling usmart_config.c...
compiling usmart.c...
compiling sys.c...
compiling usmart_str.c...
linking...
Program Size: Code=49714 RO-data=7970 RW-data=432 ZI-data=2872  
FromELF: creating hex file...
"..\OBJ\MPU6050.axf" - 0 Error(s), 1 Warning(s).

<h2>Software Packages used:</h2>

Package Vendor: Keil
                http://www.keil.com/pack/Keil.STM32F1xx_DFP.2.2.0.pack
                Keil.STM32F1xx_DFP.2.2.0
                STMicroelectronics STM32F1 Series Device Support, Drivers and Examples

<h2>Collection of Component include folders:</h2>
  .\RTE\_MPU6050
  H:\keil5\ARM\PACK\Keil\STM32F1xx_DFP\2.2.0\Device\Include

<h2>Collection of Component Files used:</h2>
Build Time Elapsed:  00:00:05
</pre>
</body>
</html>
