Component: ARM Compiler 5.06 update 5 (build 528) Tool: armlink [4d35e2]

==============================================================================

Section Cross References

    main.o(.text) refers to misc.o(.text) for NVIC_PriorityGroupConfig
    main.o(.text) refers to delay.o(.text) for delay_init
    main.o(.text) refers to usart.o(.text) for uart_init
    main.o(.text) refers to led.o(.text) for LED_Init
    main.o(.text) refers to key.o(.text) for KEY_Init
    main.o(.text) refers to oled.o(.text) for OLED_Init
    main.o(.text) refers to servo.o(.text) for Servo_Init
    main.o(.text) refers to nrf24l01.o(.text) for nRF24L01_Setup
    main.o(.text) refers to receieveturn.o(.text) for turn_charinto_float
    main.o(.text) refers to usmart_config.o(.data) for usmart_dev
    main.o(.text) refers to main.o(.data) for RxAddr
    main.o(.text) refers to main.o(.bss) for RXData
    stm32f10x_it.o(.text) refers to misc.o(.text) for NVIC_PriorityGroupConfig
    system_stm32f10x.o(.text) refers to system_stm32f10x.o(.data) for SystemCoreClock
    led.o(.text) refers to stm32f10x_rcc.o(.text) for RCC_APB2PeriphClockCmd
    led.o(.text) refers to stm32f10x_gpio.o(.text) for GPIO_Init
    key.o(.text) refers to stm32f10x_rcc.o(.text) for RCC_APB2PeriphClockCmd
    key.o(.text) refers to stm32f10x_gpio.o(.text) for GPIO_PinRemapConfig
    key.o(.text) refers to delay.o(.text) for delay_ms
    key.o(.text) refers to key.o(.data) for key_up
    lcd.o(.text) refers to _printf_percent.o(.ARM.Collect$$_printf_percent$$00000000) for _printf_percent
    lcd.o(.text) refers to _printf_x.o(.ARM.Collect$$_printf_percent$$0000000C) for _printf_x
    lcd.o(.text) refers to _printf_hex_int.o(.text) for _printf_longlong_hex
    lcd.o(.text) refers to delay.o(.text) for delay_us
    lcd.o(.text) refers to lcd.o(.bss) for lcddev
    lcd.o(.text) refers to dflt_clz.o(x$fpl$dfltu) for __aeabi_ui2d
    lcd.o(.text) refers to dmul.o(x$fpl$dmul) for __aeabi_dmul
    lcd.o(.text) refers to dfixu.o(x$fpl$dfixu) for __aeabi_d2uiz
    lcd.o(.text) refers to lcd.o(.data) for POINT_COLOR
    lcd.o(.text) refers to stm32f10x_rcc.o(.text) for RCC_APB2PeriphClockCmd
    lcd.o(.text) refers to stm32f10x_gpio.o(.text) for GPIO_PinRemapConfig
    lcd.o(.text) refers to noretval__2printf.o(.text) for __2printf
    lcd.o(.text) refers to lcd.o(.constdata) for asc2_1206
    mpuiic.o(.text) refers to delay.o(.text) for delay_us
    mpuiic.o(.text) refers to stm32f10x_rcc.o(.text) for RCC_APB2PeriphClockCmd
    mpuiic.o(.text) refers to stm32f10x_gpio.o(.text) for GPIO_Init
    mpu6050.o(.text) refers to mpuiic.o(.text) for MPU_IIC_Start
    mpu6050.o(.text) refers to delay.o(.text) for delay_ms
    mpu6050.o(.text) refers to dflt_clz.o(x$fpl$dflt) for __aeabi_i2d
    mpu6050.o(.text) refers to ddiv.o(x$fpl$ddiv) for __aeabi_ddiv
    mpu6050.o(.text) refers to daddsub_clz.o(x$fpl$dadd) for __aeabi_dadd
    mpu6050.o(.text) refers to d2f.o(x$fpl$d2f) for __aeabi_d2f
    mpu6050.o(.text) refers to fmul.o(x$fpl$fmul) for __aeabi_fmul
    mpu6050.o(.text) refers to ffix.o(x$fpl$ffix) for __aeabi_f2iz
    inv_mpu_dmp_motion_driver.o(.text) refers to inv_mpu.o(.text) for mpu_load_firmware
    inv_mpu_dmp_motion_driver.o(.text) refers to inv_mpu_dmp_motion_driver.o(.constdata) for dmp_memory
    inv_mpu_dmp_motion_driver.o(.text) refers to inv_mpu_dmp_motion_driver.o(.bss) for dmp
    inv_mpu_dmp_motion_driver.o(.text) refers to fflt_clz.o(x$fpl$ffltu) for __aeabi_ui2f
    inv_mpu_dmp_motion_driver.o(.text) refers to fdiv.o(x$fpl$fdiv) for __aeabi_fdiv
    inv_mpu_dmp_motion_driver.o(.text) refers to fmul.o(x$fpl$fmul) for __aeabi_fmul
    inv_mpu_dmp_motion_driver.o(.text) refers to ffixu.o(x$fpl$ffixu) for __aeabi_f2uiz
    inv_mpu_dmp_motion_driver.o(.text) refers to aeabi_memset.o(.text) for __aeabi_memset
    inv_mpu.o(.text) refers to _printf_pad.o(.text) for _printf_pre_padding
    inv_mpu.o(.text) refers to _printf_percent.o(.ARM.Collect$$_printf_percent$$00000000) for _printf_percent
    inv_mpu.o(.text) refers to _printf_x.o(.ARM.Collect$$_printf_percent$$0000000C) for _printf_x
    inv_mpu.o(.text) refers to _printf_hex_int.o(.text) for _printf_longlong_hex
    inv_mpu.o(.text) refers to _printf_d.o(.ARM.Collect$$_printf_percent$$00000009) for _printf_d
    inv_mpu.o(.text) refers to _printf_dec.o(.text) for _printf_int_dec
    inv_mpu.o(.text) refers to mpu6050.o(.text) for MPU_Write_Len
    inv_mpu.o(.text) refers to noretval__2printf.o(.text) for __2printf
    inv_mpu.o(.text) refers to delay.o(.text) for delay_ms
    inv_mpu.o(.text) refers to inv_mpu.o(.data) for st
    inv_mpu.o(.text) refers to fflt_clz.o(x$fpl$ffltu) for __aeabi_ui2f
    inv_mpu.o(.text) refers to fflt_clz.o(x$fpl$fflt) for __aeabi_i2f
    inv_mpu.o(.text) refers to faddsub_clz.o(x$fpl$fsub) for __aeabi_fsub
    inv_mpu.o(.text) refers to fdiv.o(x$fpl$fdiv) for __aeabi_fdiv
    inv_mpu.o(.text) refers to faddsub_clz.o(x$fpl$fadd) for __aeabi_fadd
[...]
    .text                                    0x08002654   Section        0  stm32f10x_usart.o(.text)
    .text                                    0x08002a5c   Section        0  misc.o(.text)
    .text                                    0x08002b38   Section        0  stm32f10x_tim.o(.text)
    TI4_Config                               0x08002fdf   Thumb Code   130  stm32f10x_tim.o(.text)
    TI3_Config                               0x08003073   Thumb Code   122  stm32f10x_tim.o(.text)
    TI2_Config                               0x08003107   Thumb Code   130  stm32f10x_tim.o(.text)
    TI1_Config                               0x0800319b   Thumb Code   108  stm32f10x_tim.o(.text)
    .text                                    0x08003954   Section        0  usmart.o(.text)
    .text                                    0x08004594   Section        0  usmart_str.o(.text)
    .text                                    0x08004abc   Section        2  use_no_semi_2.o(.text)
    .text                                    0x08004ac0   Section        0  noretval__2printf.o(.text)
    .text                                    0x08004ad8   Section        0  noretval__2sprintf.o(.text)
    .text                                    0x08004b00   Section        0  _printf_pad.o(.text)
    .text                                    0x08004b4e   Section        0  _printf_str.o(.text)
    .text                                    0x08004ba0   Section        0  _printf_dec.o(.text)
    .text                                    0x08004c18   Section        0  _printf_hex_int.o(.text)
    .text                                    0x08004c70   Section        0  __printf_flags_ss_wp.o(.text)
    .text                                    0x08004df8   Section        0  heapauxi.o(.text)
    .text                                    0x08004dfe   Section        2  use_no_semi.o(.text)
    .text                                    0x08004e00   Section        0  _printf_intcommon.o(.text)
    .text                                    0x08004eb2   Section        0  _printf_fp_dec.o(.text)
    _fp_digits                               0x08004eb5   Thumb Code   432  _printf_fp_dec.o(.text)
    .text                                    0x080052d0   Section        0  _printf_char_common.o(.text)
    _printf_input_char                       0x080052d1   Thumb Code    10  _printf_char_common.o(.text)
    .text                                    0x08005300   Section        0  _sputc.o(.text)
    .text                                    0x0800530a   Section        0  _printf_char.o(.text)
    .text                                    0x08005338   Section        0  _printf_char_file.o(.text)
    .text                                    0x0800535c   Section        8  rt_locale_intlibspace.o(.text)
    .text                                    0x08005364   Section      138  lludiv10.o(.text)
    .text                                    0x080053f0   Section        0  _printf_fp_infnan.o(.text)
    .text                                    0x08005470   Section        0  bigflt0.o(.text)
    .text                                    0x08005554   Section        0  ferror.o(.text)
    .text                                    0x0800555c   Section        8  libspace.o(.text)
    .text                                    0x08005564   Section       74  sys_stackheap_outer.o(.text)
    .text                                    0x080055ae   Section        0  exit.o(.text)
    .text                                    0x080055c0   Section      128  strcmpv7m.o(.text)
    CL$$btod_d2e                             0x08005640   Section       62  btod.o(CL$$btod_d2e)
    CL$$btod_d2e_denorm_low                  0x0800567e   Section       70  btod.o(CL$$btod_d2e_denorm_low)
    CL$$btod_d2e_norm_op1                    0x080056c4   Section       96  btod.o(CL$$btod_d2e_norm_op1)
    CL$$btod_div_common                      0x08005724   Section      824  btod.o(CL$$btod_div_common)
    CL$$btod_e2e                             0x08005a5c   Section      220  btod.o(CL$$btod_e2e)
    CL$$btod_ediv                            0x08005b38   Section       42  btod.o(CL$$btod_ediv)
    CL$$btod_emul                            0x08005b62   Section       42  btod.o(CL$$btod_emul)
    CL$$btod_mult_common                     0x08005b8c   Section      580  btod.o(CL$$btod_mult_common)
    i.__ARM_fpclassify                       0x08005dd0   Section        0  fpclassify.o(i.__ARM_fpclassify)
    i._is_digit                              0x08005df8   Section        0  __printf_wp.o(i._is_digit)
    locale$$code                             0x08005e08   Section       44  lc_numeric_c.o(locale$$code)
    x$fpl$d2f                                0x08005e34   Section       98  d2f.o(x$fpl$d2f)
    x$fpl$dadd                               0x08005e98   Section      336  daddsub_clz.o(x$fpl$dadd)
    _dadd1                                   0x08005ea9   Thumb Code     0  daddsub_clz.o(x$fpl$dadd)
    x$fpl$ddiv                               0x08005fe8   Section      688  ddiv.o(x$fpl$ddiv)
    ddiv_entry                               0x08005fef   Thumb Code     0  ddiv.o(x$fpl$ddiv)
    x$fpl$dflt                               0x08006298   Section       46  dflt_clz.o(x$fpl$dflt)
    x$fpl$dfltu                              0x080062c6   Section       38  dflt_clz.o(x$fpl$dfltu)
    x$fpl$dmul                               0x080062ec   Section      340  dmul.o(x$fpl$dmul)
    x$fpl$dnaninf                            0x08006440   Section      156  dnaninf.o(x$fpl$dnaninf)
    x$fpl$dretinf                            0x080064dc   Section       12  dretinf.o(x$fpl$dretinf)
    x$fpl$dsub                               0x080064e8   Section      468  daddsub_clz.o(x$fpl$dsub)
    _dsub1                                   0x080064f9   Thumb Code     0  daddsub_clz.o(x$fpl$dsub)
    x$fpl$f2d                                0x080066bc   Section       86  f2d.o(x$fpl$f2d)
    x$fpl$fadd                               0x08006714   Section      196  faddsub_clz.o(x$fpl$fadd)
    _fadd1                                   0x08006723   Thumb Code     0  faddsub_clz.o(x$fpl$fadd)
    x$fpl$fdiv                               0x080067d8   Section      388  fdiv.o(x$fpl$fdiv)
    _fdiv1                                   0x080067d9   Thumb Code     0  fdiv.o(x$fpl$fdiv)
    x$fpl$ffix                               0x0800695c   Section       54  ffix.o(x$fpl$ffix)
    x$fpl$ffixu                              0x08006994   Section       62  ffixu.o(x$fpl$ffixu)
    x$fpl$fmul                               0x080069d4   Section      258  fmul.o(x$fpl$fmul)
    x$fpl$fnaninf                            0x08006ad6   Section      140  fnaninf.o(x$fpl$fnaninf)
    x$fpl$fretinf                            0x08006b62   Section       10  fretinf.o(x$fpl$fretinf)
    x$fpl$fsub                               0x08006b6c   Section      234  faddsub_clz.o(x$fpl$fsub)
    _fsub1                                   0x08006b7b   Thumb Code     0  faddsub_clz.o(x$fpl$fsub)
    x$fpl$printf1                            0x08006c56   Section        4  printf1.o(x$fpl$printf1)
    .constdata                               0x08006c5a   Section     1520  oled.o(.constdata)
    x$fpl$usenofp                            0x08006c5a   Section        0  usenofp.o(x$fpl$usenofp)
    .constdata                               0x0800724a   Section       40  _printf_hex_int.o(.constdata)
    uc_hextab                                0x0800724a   Data          20  _printf_hex_int.o(.constdata)
    lc_hextab                                0x0800725e   Data          20  _printf_hex_int.o(.constdata)
    .constdata                               0x08007272   Section       17  __printf_flags_ss_wp.o(.constdata)
    maptable                                 0x08007272   Data          17  __printf_flags_ss_wp.o(.constdata)
    .constdata                               0x08007284   Section      148  bigflt0.o(.constdata)
    tenpwrs_x                                0x08007284   Data          60  bigflt0.o(.constdata)
    tenpwrs_i                                0x080072c0   Data          64  bigflt0.o(.constdata)
    .conststring                             0x08007318   Section       40  usmart.o(.conststring)
    .conststring                             0x08007340   Section      156  usmart_config.o(.conststring)
    locale$$data                             0x080073fc   Section       28  lc_numeric_c.o(locale$$data)
    __lcnum_c_name                           0x08007400   Data           2  lc_numeric_c.o(locale$$data)
    __lcnum_c_start                          0x08007408   Data           0  lc_numeric_c.o(locale$$data)
    __lcnum_c_point                          0x08007414   Data           0  lc_numeric_c.o(locale$$data)
    __lcnum_c_thousands                      0x08007416   Data           0  lc_numeric_c.o(locale$$data)
    __lcnum_c_grouping                       0x08007417   Data           0  lc_numeric_c.o(locale$$data)
    __lcnum_c_end                            0x08007418   Data           0  lc_numeric_c.o(locale$$data)
    .data                                    0x20000000   Section        6  main.o(.data)
    .data                                    0x20000008   Section       20  system_stm32f10x.o(.data)
    .data                                    0x2000001c   Section        1  key.o(.data)
    key_up                                   0x2000001c   Data           1  key.o(.data)
    .data                                    0x2000001d   Section        6  nrf24l01.o(.data)
    .data                                    0x20000024   Section        4  delay.o(.data)
    fac_us                                   0x20000024   Data           1  delay.o(.data)
    fac_ms                                   0x20000026   Data           2  delay.o(.data)
    .data                                    0x20000028   Section        6  usart.o(.data)
    .data                                    0x2000002e   Section       20  stm32f10x_rcc.o(.data)
    APBAHBPrescTable                         0x2000002e   Data          16  stm32f10x_rcc.o(.data)
    ADCPrescTable                            0x2000003e   Data           4  stm32f10x_rcc.o(.data)
    .data                                    0x20000044   Section       28  usmart.o(.data)
    .data                                    0x20000060   Section      284  usmart_config.o(.data)
    .bss                                     0x2000017c   Section       36  main.o(.bss)
    .bss                                     0x200001a0   Section      200  usart.o(.bss)
    .bss                                     0x20000268   Section       96  libspace.o(.bss)
    HEAP                                     0x200002c8   Section      512  startup_stm32f10x_hd.o(HEAP)
    Heap_Mem                                 0x200002c8   Data         512  startup_stm32f10x_hd.o(HEAP)
    STACK                                    0x200004c8   Section     1024  startup_stm32f10x_hd.o(STACK)
    Stack_Mem                                0x200004c8   Data        1024  startup_stm32f10x_hd.o(STACK)
    __initial_sp                             0x200008c8   Data           0  startup_stm32f10x_hd.o(STACK)

    Global Symbols

    Symbol Name                              Value     Ov Type        Size  Object(Section)

    BuildAttributes$$THM_ISAv4$P$D$K$B$S$PE$A:L22UL41UL21$X:L11$S22US41US21$IEEE1$IW$USESV6$~STKCKD$USESV7$~SHL$OTIME$ROPI$IEEEX$EBA8$UX$STANDARDLIB$REQ8$PRES8$EABIv2 0x00000000   Number         0  anon$$obj.o ABSOLUTE
    __ARM_use_no_argv                        0x00000000   Number         0  main.o ABSOLUTE
    _printf_flags                            0x00000000   Number         0  printf_stubs.o ABSOLUTE
    _printf_return_value                     0x00000000   Number         0  printf_stubs.o ABSOLUTE
    _printf_sizespec                         0x00000000   Number         0  printf_stubs.o ABSOLUTE
    _printf_widthprec                        0x00000000   Number         0  printf_stubs.o ABSOLUTE
    __ARM_exceptions_init                     - Undefined Weak Reference
    __alloca_initialize                       - Undefined Weak Reference
    __arm_preinit_                            - Undefined Weak Reference
    __cpp_initialize__aeabi_                  - Undefined Weak Reference
    __cxa_finalize                            - Undefined Weak Reference
    __sigvec_lookup                           - Undefined Weak Reference
    _atexit_init                              - Undefined Weak Reference
    _call_atexit_fns                          - Undefined Weak Reference
    _clock_init                               - Undefined Weak Reference
    _fp_trap_init                             - Undefined Weak Reference
    _fp_trap_shutdown                         - Undefined Weak Reference
    _get_lc_collate                           - Undefined Weak Reference
    _get_lc_ctype                             - Undefined Weak Reference
    _get_lc_monetary                          - Undefined Weak Reference
    _get_lc_time                              - Undefined Weak Reference
    _getenv_init                              - Undefined Weak Reference
    _handle_redirection                       - Undefined Weak Reference
    _init_alloc                               - Undefined Weak Reference
    _init_user_alloc                          - Undefined Weak Reference
    _initio                                   - Undefined Weak Reference
    _mutex_acquire                            - Undefined Weak Reference
    _mutex_release                            - Undefined Weak Reference
    _printf_mbtowc                            - Undefined Weak Reference
    _printf_truncate_signed                   - Undefined Weak Reference
    _printf_truncate_unsigned                 - Undefined Weak Reference
    _rand_init                                - Undefined Weak Reference
    _signal_finish                            - Undefined Weak Reference
    _signal_init                              - Undefined Weak Reference
    _terminate_alloc                          - Undefined Weak Reference
    _terminate_user_alloc                     - Undefined Weak Reference
    _terminateio                              - Undefined Weak Reference
    __Vectors_Size                           0x00000130   Number         0  startup_stm32f10x_hd.o ABSOLUTE
    __Vectors                                0x08000000   Data           4  startup_stm32f10x_hd.o(RESET)
    __Vectors_End                            0x08000130   Data           0  startup_stm32f10x_hd.o(RESET)
    __main                                   0x08000131   Thumb Code     8  __main.o(!!!main)
    __scatterload                            0x08000139   Thumb Code     0  __scatter.o(!!!scatter)
    __scatterload_rt2                        0x08000139   Thumb Code    44  __scatter.o(!!!scatter)
    __scatterload_rt2_thumb_only             0x08000139   Thumb Code     0  __scatter.o(!!!scatter)
    __scatterload_null                       0x08000147   Thumb Code     0  __scatter.o(!!!scatter)
    __decompress                             0x0800016d   Thumb Code    90  __dczerorl2.o(!!dczerorl2)
    __decompress1                            0x0800016d   Thumb Code     0  __dczerorl2.o(!!dczerorl2)
    __scatterload_zeroinit                   0x080001c9   Thumb Code    28  __scatter_zi.o(!!handler_zi)
    _printf_f                                0x080001e5   Thumb Code     0  _printf_f.o(.ARM.Collect$$_printf_percent$$00000003)
    _printf_percent                          0x080001e5   Thumb Code     0  _printf_percent.o(.ARM.Collect$$_printf_percent$$00000000)
    _printf_d                                0x080001eb   Thumb Code     0  _printf_d.o(.ARM.Collect$$_printf_percent$$00000009)
    _printf_u                                0x080001f1   Thumb Code     0  _printf_u.o(.ARM.Collect$$_printf_percent$$0000000A)
    _printf_x                                0x080001f7   Thumb Code     0  _printf_x.o(.ARM.Collect$$_printf_percent$$0000000C)
    _printf_c                                0x080001fd   Thumb Code     0  _printf_c.o(.ARM.Collect$$_printf_percent$$00000013)
    _printf_s                                0x08000203   Thumb Code     0  _printf_s.o(.ARM.Collect$$_printf_percent$$00000014)
    _printf_percent_end                      0x08000209   Thumb Code     0  _printf_percent_end.o(.ARM.Collect$$_printf_percent$$00000017)
    __rt_lib_init                            0x0800020d   Thumb Code     0  libinit.o(.ARM.Collect$$libinit$$00000000)
    __rt_lib_init_fp_1                       0x0800020f   Thumb Code     0  libinit2.o(.ARM.Collect$$libinit$$00000002)
    __rt_lib_init_heap_1                     0x0800020f   Thumb Code     0  libinit2.o(.ARM.Collect$$libinit$$0000000A)
    __rt_lib_init_lc_common                  0x0800020f   Thumb Code     0  libinit2.o(.ARM.Collect$$libinit$$0000000F)
    __rt_lib_init_preinit_1                  0x0800020f   Thumb Code     0  libinit2.o(.ARM.Collect$$libinit$$00000004)
    __rt_lib_init_rand_1                     0x0800020f   Thumb Code     0  libinit2.o(.ARM.Collect$$libinit$$0000000E)
    __rt_lib_init_user_alloc_1               0x0800020f   Thumb Code     0  libinit2.o(.ARM.Collect$$libinit$$0000000C)
    __rt_lib_init_lc_collate_1               0x08000215   Thumb Code     0  libinit2.o(.ARM.Collect$$libinit$$00000011)
    __rt_lib_init_lc_ctype_1                 0x08000215   Thumb Code     0  libinit2.o(.ARM.Collect$$libinit$$00000013)
    __rt_lib_init_lc_monetary_1              0x08000215   Thumb Code     0  libinit2.o(.ARM.Collect$$libinit$$00000015)
    __rt_lib_init_lc_numeric_2               0x08000215   Thumb Code     0  libinit2.o(.ARM.Collect$$libinit$$00000016)
    __rt_lib_init_alloca_1                   0x0800021f   Thumb Code     0  libinit2.o(.ARM.Collect$$libinit$$0000002E)
    __rt_lib_init_argv_1                     0x0800021f   Thumb Code     0  libinit2.o(.ARM.Collect$$libinit$$0000002C)
    __rt_lib_init_atexit_1                   0x0800021f   Thumb Code     0  libinit2.o(.ARM.Collect$$libinit$$0000001B)
    __rt_lib_init_clock_1                    0x0800021f   Thumb Code     0  libinit2.o(.ARM.Collect$$libinit$$00000021)
    __rt_lib_init_cpp_1                      0x0800021f   Thumb Code     0  libinit2.o(.ARM.Collect$$libinit$$00000032)
    __rt_lib_init_exceptions_1               0x0800021f   Thumb Code     0  libinit2.o(.ARM.Collect$$libinit$$00000030)
    __rt_lib_init_fp_trap_1                  0x0800021f   Thumb Code     0  libinit2.o(.ARM.Collect$$libinit$$0000001F)
    __rt_lib_init_getenv_1                   0x0800021f   Thumb Code     0  libinit2.o(.ARM.Collect$$libinit$$00000023)
    __rt_lib_init_lc_numeric_1               0x0800021f   Thumb Code     0  libinit2.o(.ARM.Collect$$libinit$$00000017)
    __rt_lib_init_lc_time_1                  0x0800021f   Thumb Code     0  libinit2.o(.ARM.Collect$$libinit$$00000019)
    __rt_lib_init_return                     0x0800021f   Thumb Code     0  libinit2.o(.ARM.Collect$$libinit$$00000033)
    __rt_lib_init_signal_1                   0x0800021f   Thumb Code     0  libinit2.o(.ARM.Collect$$libinit$$0000001D)
    __rt_lib_init_stdio_1                    0x0800021f   Thumb Code     0  libinit2.o(.ARM.Collect$$libinit$$00000025)
    __rt_lib_shutdown                        0x08000221   Thumb Code     0  libshutdown.o(.ARM.Collect$$libshutdown$$00000000)
    __rt_lib_shutdown_cpp_1                  0x08000223   Thumb Code     0  libshutdown2.o(.ARM.Collect$$libshutdown$$00000002)
    __rt_lib_shutdown_fp_trap_1              0x08000223   Thumb Code     0  libshutdown2.o(.ARM.Collect$$libshutdown$$00000007)
    __rt_lib_shutdown_heap_1                 0x08000223   Thumb Code     0  libshutdown2.o(.ARM.Collect$$libshutdown$$0000000F)
    __rt_lib_shutdown_return                 0x08000223   Thumb Code     0  libshutdown2.o(.ARM.Collect$$libshutdown$$00000010)
    __rt_lib_shutdown_signal_1               0x08000223   Thumb Code     0  libshutdown2.o(.ARM.Collect$$libshutdown$$0000000A)
    __rt_lib_shutdown_stdio_1                0x08000223   Thumb Code     0  libshutdown2.o(.ARM.Collect$$libshutdown$$00000004)
    __rt_lib_shutdown_user_alloc_1           0x08000223   Thumb Code     0  libshutdown2.o(.ARM.Collect$$libshutdown$$0000000C)
    __rt_entry                               0x08000225   Thumb Code     0  __rtentry.o(.ARM.Collect$$rtentry$$00000000)
    __rt_entry_presh_1                       0x08000225   Thumb Code     0  __rtentry2.o(.ARM.Collect$$rtentry$$00000002)
    __rt_entry_sh                            0x08000225   Thumb Code     0  __rtentry4.o(.ARM.Collect$$rtentry$$00000004)
    __rt_entry_li                            0x0800022b   Thumb Code     0  __rtentry2.o(.ARM.Collect$$rtentry$$0000000A)
    __rt_entry_postsh_1                      0x0800022b   Thumb Code     0  __rtentry2.o(.ARM.Collect$$rtentry$$00000009)
    __rt_entry_main                          0x0800022f   Thumb Code     0  __rtentry2.o(.ARM.Collect$$rtentry$$0000000D)
    __rt_entry_postli_1                      0x0800022f   Thumb Code     0  __rtentry2.o(.ARM.Collect$$rtentry$$0000000C)
    __rt_exit                                0x08000237   Thumb Code     0  rtexit.o(.ARM.Collect$$rtexit$$00000000)
    __rt_exit_ls                             0x08000239   Thumb Code     0  rtexit2.o(.ARM.Collect$$rtexit$$00000003)
    __rt_exit_prels_1                        0x08000239   Thumb Code     0  rtexit2.o(.ARM.Collect$$rtexit$$00000002)
    __rt_exit_exit                           0x0800023d   Thumb Code     0  rtexit2.o(.ARM.Collect$$rtexit$$00000004)
    main                                     0x08000245   Thumb Code   212  main.o(.text)
    NVIC_Configuration                       0x0800034d   Thumb Code   602  stm32f10x_it.o(.text)
    NMI_Handler                              0x080005a7   Thumb Code     2  stm32f10x_it.o(.text)
    HardFault_Handler                        0x080005a9   Thumb Code     4  stm32f10x_it.o(.text)
    MemManage_Handler                        0x080005ad   Thumb Code     4  stm32f10x_it.o(.text)
    BusFault_Handler                         0x080005b1   Thumb Code     4  stm32f10x_it.o(.text)
    UsageFault_Handler                       0x080005b5   Thumb Code     4  stm32f10x_it.o(.text)
    SVC_Handler                              0x080005b9   Thumb Code     2  stm32f10x_it.o(.text)
    DebugMon_Handler                         0x080005bb   Thumb Code     2  stm32f10x_it.o(.text)
    PendSV_Handler                           0x080005bd   Thumb Code     2  stm32f10x_it.o(.text)
    SysTick_Handler                          0x080005bf   Thumb Code     2  stm32f10x_it.o(.text)
    SystemInit                               0x0800069f   Thumb Code    78  system_stm32f10x.o(.text)
    SystemCoreClockUpdate                    0x080006ed   Thumb Code   142  system_stm32f10x.o(.text)
    LED_Init                                 0x080007a1   Thumb Code    72  led.o(.text)
    KEY_Init                                 0x080007f1   Thumb Code    82  key.o(.text)
    KEY_Scan                                 0x08000843   Thumb Code   154  key.o(.text)
    MPU_IIC_Delay                            0x080008ed   Thumb Code    10  mpuiic.o(.text)
    MPU_IIC_Init                             0x080008f7   Thumb Code    50  mpuiic.o(.text)
    MPU_IIC_Start                            0x08000929   Thumb Code    60  mpuiic.o(.text)
    MPU_IIC_Stop                             0x08000965   Thumb Code    62  mpuiic.o(.text)
    MPU_IIC_Wait_Ack                         0x080009a3   Thumb Code    86  mpuiic.o(.text)
    MPU_IIC_Ack                              0x080009f9   Thumb Code    66  mpuiic.o(.text)
    MPU_IIC_NAck                             0x08000a3b   Thumb Code    66  mpuiic.o(.text)
    MPU_IIC_Send_Byte                        0x08000a7d   Thumb Code    82  mpuiic.o(.text)
    MPU_IIC_Read_Byte                        0x08000acf   Thumb Code    96  mpuiic.o(.text)
    MPU_Write_Byte                           0x08000b3d   Thumb Code    68  mpu6050.o(.text)
    MPU_Set_LPF                              0x08000b81   Thumb Code    58  mpu6050.o(.text)
    MPU_Set_Rate                             0x08000bbb   Thumb Code    58  mpu6050.o(.text)
    MPU_Read_Byte                            0x08000bf5   Thumb Code    58  mpu6050.o(.text)
    MPU_Set_Accel_Fsr                        0x08000c2f   Thumb Code    16  mpu6050.o(.text)
    MPU_Set_Gyro_Fsr                         0x08000c3f   Thumb Code    16  mpu6050.o(.text)
    MPU_Init                                 0x08000c4f   Thumb Code   122  mpu6050.o(.text)
    MPU_Read_Len                             0x08000cc9   Thumb Code   116  mpu6050.o(.text)
    MPU_Get_Temperature                      0x08000d3d   Thumb Code    86  mpu6050.o(.text)
    MPU_Get_Gyroscope                        0x08000d93   Thumb Code    80  mpu6050.o(.text)
    MPU_Get_Accelerometer                    0x08000de3   Thumb Code    80  mpu6050.o(.text)
    MPU_Write_Len                            0x08000e33   Thumb Code    96  mpu6050.o(.text)
    IOInit                                   0x08000ea5   Thumb Code   236  nrf24l01.o(.text)
    SPI_ExchangeByte                         0x08000f91   Thumb Code    82  nrf24l01.o(.text)
    GetCEStatus                              0x08000fe3   Thumb Code     6  nrf24l01.o(.text)
    SetCE                                    0x08000fe9   Thumb Code    42  nrf24l01.o(.text)
    ReadSingleReg                            0x08001013   Thumb Code    42  nrf24l01.o(.text)
    WriteSingleReg                           0x0800103d   Thumb Code    60  nrf24l01.o(.text)
    WriteMultiReg                            0x08001079   Thumb Code    78  nrf24l01.o(.text)
    ReadMultiReg                             0x080010c7   Thumb Code    60  nrf24l01.o(.text)
    FlushTX                                  0x08001103   Thumb Code    30  nrf24l01.o(.text)
    FlushRX                                  0x08001121   Thumb Code    30  nrf24l01.o(.text)
    Nopp                                     0x0800113f   Thumb Code    30  nrf24l01.o(.text)
    ClearIRQ                                 0x0800115d   Thumb Code    48  nrf24l01.o(.text)
    ReadIRQSource                            0x0800118d   Thumb Code    14  nrf24l01.o(.text)
    SetTXAddr                                0x0800119b   Thumb Code    30  nrf24l01.o(.text)
    SetRXAddr                                0x080011b9   Thumb Code    52  nrf24l01.o(.text)
    WriteTXPayload                           0x080011ed   Thumb Code    72  nrf24l01.o(.text)
    nRF24L01_InitNoAck                       0x08001235   Thumb Code    88  nrf24l01.o(.text)
    nRF24L01_InitAck                         0x0800128d   Thumb Code   106  nrf24l01.o(.text)
    SetPipe0Length                           0x080012f7   Thumb Code    32  nrf24l01.o(.text)
    SetFrequency                             0x08001317   Thumb Code    20  nrf24l01.o(.text)
    SetPower                                 0x0800132b   Thumb Code    22  nrf24l01.o(.text)
    SetTxMode                                0x08001341   Thumb Code    24  nrf24l01.o(.text)
    SetRxMode                                0x08001359   Thumb Code    24  nrf24l01.o(.text)
    nRF24L01_TxDat                           0x08001371   Thumb Code    92  nrf24l01.o(.text)
    nRF24L01_TxDat2                          0x080013cd   Thumb Code    92  nrf24l01.o(.text)
    nRF24L01_RxDat                           0x08001429   Thumb Code    86  nrf24l01.o(.text)
    nRF24L01_RxDat2                          0x0800147f   Thumb Code    86  nrf24l01.o(.text)
    nRF24L01_Test                            0x080014d5   Thumb Code    22  nrf24l01.o(.text)
    nRF24L01_Setup                           0x080014eb   Thumb Code    58  nrf24l01.o(.text)
    GetIRQStatus                             0x08001525   Thumb Code    54  nrf24l01.o(.text)
    WaitingRX                                0x0800155b   Thumb Code    10  nrf24l01.o(.text)
    turn_charinto_float                      0x0800156d   Thumb Code   350  receieveturn.o(.text)
    PWM_Init                                 0x080016d5   Thumb Code   196  pwm.o(.text)
    PWM_SetCompare1                          0x08001799   Thumb Code    14  pwm.o(.text)
    PWM_SetCompare2                          0x080017a7   Thumb Code    14  pwm.o(.text)
    PWM_SetCompare3                          0x080017b5   Thumb Code    14  pwm.o(.text)
    PWM_SetCompare4                          0x080017c3   Thumb Code    14  pwm.o(.text)
    Servo_Init                               0x080017dd   Thumb Code     8  servo.o(.text)
    Servo_SetAngle1                          0x080017e5   Thumb Code    48  servo.o(.text)
    Servo_SetAngle2                          0x08001815   Thumb Code    48  servo.o(.text)
    Servo_SetAngle3                          0x08001845   Thumb Code    48  servo.o(.text)
    Servo_SetAngle4                          0x08001875   Thumb Code    48  servo.o(.text)
    OLED_I2C_Init                            0x080018b1   Thumb Code    76  oled.o(.text)
    OLED_I2C_Start                           0x080018fd   Thumb Code    48  oled.o(.text)
    OLED_I2C_Stop                            0x0800192d   Thumb Code    36  oled.o(.text)
    OLED_I2C_SendByte                        0x08001951   Thumb Code    80  oled.o(.text)
    OLED_WriteCommand                        0x080019a1   Thumb Code    32  oled.o(.text)
    OLED_WriteData                           0x080019c1   Thumb Code    32  oled.o(.text)
    OLED_SetCursor                           0x080019e1   Thumb Code    34  oled.o(.text)
    OLED_Clear                               0x08001a03   Thumb Code    42  oled.o(.text)
    OLED_ShowChar                            0x08001a2d   Thumb Code   110  oled.o(.text)
    OLED_ShowString                          0x08001a9b   Thumb Code    40  oled.o(.text)
    OLED_Showfloat                           0x08001ac3   Thumb Code    44  oled.o(.text)
    OLED_Pow                                 0x08001aef   Thumb Code    20  oled.o(.text)
    OLED_ShowNum                             0x08001b03   Thumb Code    68  oled.o(.text)
    OLED_ShowSignedNum                       0x08001b47   Thumb Code   102  oled.o(.text)
    OLED_ShowHexNum                          0x08001bad   Thumb Code    84  oled.o(.text)
    OLED_ShowBinNum                          0x08001c01   Thumb Code    62  oled.o(.text)
    OLED_Init                                0x08001c3f   Thumb Code   192  oled.o(.text)
    delay_init                               0x08001d01   Thumb Code    50  delay.o(.text)
    delay_us                                 0x08001d33   Thumb Code    72  delay.o(.text)
    delay_ms                                 0x08001d7b   Thumb Code    72  delay.o(.text)
    _sys_exit                                0x08001dd5   Thumb Code     6  usart.o(.text)
    fputc                                    0x08001ddb   Thumb Code    24  usart.o(.text)
    uart_init                                0x08001df3   Thumb Code   152  usart.o(.text)
    USART1_IRQHandler                        0x08001e8b   Thumb Code   122  usart.o(.text)
    Reset_Handler                            0x08001f15   Thumb Code     8  startup_stm32f10x_hd.o(.text)
    ADC1_2_IRQHandler                        0x08001f2f   Thumb Code     0  startup_stm32f10x_hd.o(.text)
    ADC3_IRQHandler                          0x08001f2f   Thumb Code     0  startup_stm32f10x_hd.o(.text)
    CAN1_RX1_IRQHandler                      0x08001f2f   Thumb Code     0  startup_stm32f10x_hd.o(.text)
    CAN1_SCE_IRQHandler                      0x08001f2f   Thumb Code     0  startup_stm32f10x_hd.o(.text)
    DMA1_Channel1_IRQHandler                 0x08001f2f   Thumb Code     0  startup_stm32f10x_hd.o(.text)
    DMA1_Channel2_IRQHandler                 0x08001f2f   Thumb Code     0  startup_stm32f10x_hd.o(.text)
    DMA1_Channel3_IRQHandler                 0x08001f2f   Thumb Code     0  startup_stm32f10x_hd.o(.text)
    DMA1_Channel4_IRQHandler                 0x08001f2f   Thumb Code     0  startup_stm32f10x_hd.o(.text)
    DMA1_Channel5_IRQHandler                 0x08001f2f   Thumb Code     0  startup_stm32f10x_hd.o(.text)
    DMA1_Channel6_IRQHandler                 0x08001f2f   Thumb Code     0  startup_stm32f10x_hd.o(.text)
    DMA1_Channel7_IRQHandler                 0x08001f2f   Thumb Code     0  startup_stm32f10x_hd.o(.text)
    DMA2_Channel1_IRQHandler                 0x08001f2f   Thumb Code     0  startup_stm32f10x_hd.o(.text)
    DMA2_Channel2_IRQHandler                 0x08001f2f   Thumb Code     0  startup_stm32f10x_hd.o(.text)
    DMA2_Channel3_IRQHandler                 0x08001f2f   Thumb Code     0  startup_stm32f10x_hd.o(.text)
    DMA2_Channel4_5_IRQHandler               0x08001f2f   Thumb Code     0  startup_stm32f10x_hd.o(.text)
    EXTI0_IRQHandler                         0x08001f2f   Thumb Code     0  startup_stm32f10x_hd.o(.text)
    EXTI15_10_IRQHandler                     0x08001f2f   Thumb Code     0  startup_stm32f10x_hd.o(.text)
    EXTI1_IRQHandler                         0x08001f2f   Thumb Code     0  startup_stm32f10x_hd.o(.text)
    EXTI2_IRQHandler                         0x08001f2f   Thumb Code     0  startup_stm32f10x_hd.o(.text)
    EXTI3_IRQHandler                         0x08001f2f   Thumb Code     0  startup_stm32f10x_hd.o(.text)
    EXTI4_IRQHandler                         0x08001f2f   Thumb Code     0  startup_stm32f10x_hd.o(.text)
    EXTI9_5_IRQHandler                       0x08001f2f   Thumb Code     0  startup_stm32f10x_hd.o(.text)
    FLASH_IRQHandler                         0x08001f2f   Thumb Code     0  startup_stm32f10x_hd.o(.text)
    FSMC_IRQHandler                          0x08001f2f   Thumb Code     0  startup_stm32f10x_hd.o(.text)
    I2C1_ER_IRQHandler                       0x08001f2f   Thumb Code     0  startup_stm32f10x_hd.o(.text)
    I2C1_EV_IRQHandler                       0x08001f2f   Thumb Code     0  startup_stm32f10x_hd.o(.text)
    I2C2_ER_IRQHandler                       0x08001f2f   Thumb Code     0  startup_stm32f10x_hd.o(.text)
    I2C2_EV_IRQHandler                       0x08001f2f   Thumb Code     0  startup_stm32f10x_hd.o(.text)
    PVD_IRQHandler                           0x08001f2f   Thumb Code     0  startup_stm32f10x_hd.o(.text)
    RCC_IRQHandler                           0x08001f2f   Thumb Code     0  startup_stm32f10x_hd.o(.text)
    RTCAlarm_IRQHandler                      0x08001f2f   Thumb Code     0  startup_stm32f10x_hd.o(.text)
    RTC_IRQHandler                           0x08001f2f   Thumb Code     0  startup_stm32f10x_hd.o(.text)
    SDIO_IRQHandler                          0x08001f2f   Thumb Code     0  startup_stm32f10x_hd.o(.text)
    SPI1_IRQHandler                          0x08001f2f   Thumb Code     0  startup_stm32f10x_hd.o(.text)
    SPI2_IRQHandler                          0x08001f2f   Thumb Code     0  startup_stm32f10x_hd.o(.text)
    SPI3_IRQHandler                          0x08001f2f   Thumb Code     0  startup_stm32f10x_hd.o(.text)
    TAMPER_IRQHandler                        0x08001f2f   Thumb Code     0  startup_stm32f10x_hd.o(.text)
    TIM1_BRK_IRQHandler                      0x08001f2f   Thumb Code     0  startup_stm32f10x_hd.o(.text)
    TIM1_CC_IRQHandler                       0x08001f2f   Thumb Code     0  startup_stm32f10x_hd.o(.text)
    TIM1_TRG_COM_IRQHandler                  0x08001f2f   Thumb Code     0  startup_stm32f10x_hd.o(.text)
    TIM1_UP_IRQHandler                       0x08001f2f   Thumb Code     0  startup_stm32f10x_hd.o(.text)
    TIM2_IRQHandler                          0x08001f2f   Thumb Code     0  startup_stm32f10x_hd.o(.text)
    TIM3_IRQHandler                          0x08001f2f   Thumb Code     0  startup_stm32f10x_hd.o(.text)
    TIM5_IRQHandler                          0x08001f2f   Thumb Code     0  startup_stm32f10x_hd.o(.text)
    TIM6_IRQHandler                          0x08001f2f   Thumb Code     0  startup_stm32f10x_hd.o(.text)
    TIM7_IRQHandler                          0x08001f2f   Thumb Code     0  startup_stm32f10x_hd.o(.text)
    TIM8_BRK_IRQHandler                      0x08001f2f   Thumb Code     0  startup_stm32f10x_hd.o(.text)
    TIM8_CC_IRQHandler                       0x08001f2f   Thumb Code     0  startup_stm32f10x_hd.o(.text)
    TIM8_TRG_COM_IRQHandler                  0x08001f2f   Thumb Code     0  startup_stm32f10x_hd.o(.text)
    TIM8_UP_IRQHandler                       0x08001f2f   Thumb Code     0  startup_stm32f10x_hd.o(.text)
    UART4_IRQHandler                         0x08001f2f   Thumb Code     0  startup_stm32f10x_hd.o(.text)
    UART5_IRQHandler                         0x08001f2f   Thumb Code     0  startup_stm32f10x_hd.o(.text)
    USART2_IRQHandler                        0x08001f2f   Thumb Code     0  startup_stm32f10x_hd.o(.text)
    USART3_IRQHandler                        0x08001f2f   Thumb Code     0  startup_stm32f10x_hd.o(.text)
    USBWakeUp_IRQHandler                     0x08001f2f   Thumb Code     0  startup_stm32f10x_hd.o(.text)
    USB_HP_CAN1_TX_IRQHandler                0x08001f2f   Thumb Code     0  startup_stm32f10x_hd.o(.text)
    USB_LP_CAN1_RX0_IRQHandler               0x08001f2f   Thumb Code     0  startup_stm32f10x_hd.o(.text)
    WWDG_IRQHandler                          0x08001f2f   Thumb Code     0  startup_stm32f10x_hd.o(.text)
    __user_initial_stackheap                 0x08001f31   Thumb Code     0  startup_stm32f10x_hd.o(.text)
    GPIO_DeInit                              0x08001f55   Thumb Code   172  stm32f10x_gpio.o(.text)
    GPIO_AFIODeInit                          0x08002001   Thumb Code    20  stm32f10x_gpio.o(.text)
    GPIO_Init                                0x08002015   Thumb Code   278  stm32f10x_gpio.o(.text)
    GPIO_StructInit                          0x0800212b   Thumb Code    16  stm32f10x_gpio.o(.text)
    GPIO_ReadInputDataBit                    0x0800213b   Thumb Code    18  stm32f10x_gpio.o(.text)
    GPIO_ReadInputData                       0x0800214d   Thumb Code     8  stm32f10x_gpio.o(.text)
    GPIO_ReadOutputDataBit                   0x08002155   Thumb Code    18  stm32f10x_gpio.o(.text)
    GPIO_ReadOutputData                      0x08002167   Thumb Code     8  stm32f10x_gpio.o(.text)
    GPIO_SetBits                             0x0800216f   Thumb Code     4  stm32f10x_gpio.o(.text)
    GPIO_ResetBits                           0x08002173   Thumb Code     4  stm32f10x_gpio.o(.text)
    GPIO_WriteBit                            0x08002177   Thumb Code    10  stm32f10x_gpio.o(.text)
    GPIO_Write                               0x08002181   Thumb Code     4  stm32f10x_gpio.o(.text)
    GPIO_PinLockConfig                       0x08002185   Thumb Code    18  stm32f10x_gpio.o(.text)
    GPIO_EventOutputConfig                   0x08002197   Thumb Code    26  stm32f10x_gpio.o(.text)
    GPIO_EventOutputCmd                      0x080021b1   Thumb Code     6  stm32f10x_gpio.o(.text)
    GPIO_PinRemapConfig                      0x080021b7   Thumb Code   138  stm32f10x_gpio.o(.text)
    GPIO_EXTILineConfig                      0x08002241   Thumb Code    66  stm32f10x_gpio.o(.text)
    GPIO_ETH_MediaInterfaceConfig            0x08002283   Thumb Code     8  stm32f10x_gpio.o(.text)
    RCC_DeInit                               0x080022b1   Thumb Code    64  stm32f10x_rcc.o(.text)
    RCC_HSEConfig                            0x080022f1   Thumb Code    70  stm32f10x_rcc.o(.text)
    RCC_GetFlagStatus                        0x08002337   Thumb Code    56  stm32f10x_rcc.o(.text)
    RCC_WaitForHSEStartUp                    0x0800236f   Thumb Code    56  stm32f10x_rcc.o(.text)
    RCC_AdjustHSICalibrationValue            0x080023a7   Thumb Code    20  stm32f10x_rcc.o(.text)
    RCC_HSICmd                               0x080023bb   Thumb Code     6  stm32f10x_rcc.o(.text)
    RCC_PLLConfig                            0x080023c1   Thumb Code    24  stm32f10x_rcc.o(.text)
    RCC_PLLCmd                               0x080023d9   Thumb Code     6  stm32f10x_rcc.o(.text)
    RCC_SYSCLKConfig                         0x080023df   Thumb Code    18  stm32f10x_rcc.o(.text)
    RCC_GetSYSCLKSource                      0x080023f1   Thumb Code    10  stm32f10x_rcc.o(.text)
    RCC_HCLKConfig                           0x080023fb   Thumb Code    18  stm32f10x_rcc.o(.text)
    RCC_PCLK1Config                          0x0800240d   Thumb Code    18  stm32f10x_rcc.o(.text)
    RCC_PCLK2Config                          0x0800241f   Thumb Code    20  stm32f10x_rcc.o(.text)
    RCC_ITConfig                             0x08002433   Thumb Code    26  stm32f10x_rcc.o(.text)
    RCC_USBCLKConfig                         0x0800244d   Thumb Code     8  stm32f10x_rcc.o(.text)
    RCC_ADCCLKConfig                         0x08002455   Thumb Code    18  stm32f10x_rcc.o(.text)
    RCC_LSEConfig                            0x08002467   Thumb Code    50  stm32f10x_rcc.o(.text)
    RCC_LSICmd                               0x08002499   Thumb Code     6  stm32f10x_rcc.o(.text)
    RCC_RTCCLKConfig                         0x0800249f   Thumb Code    12  stm32f10x_rcc.o(.text)
    RCC_RTCCLKCmd                            0x080024ab   Thumb Code     8  stm32f10x_rcc.o(.text)
    RCC_GetClocksFreq                        0x080024b3   Thumb Code   192  stm32f10x_rcc.o(.text)
    RCC_AHBPeriphClockCmd                    0x08002573   Thumb Code    26  stm32f10x_rcc.o(.text)
    RCC_APB2PeriphClockCmd                   0x0800258d   Thumb Code    26  stm32f10x_rcc.o(.text)
    RCC_APB1PeriphClockCmd                   0x080025a7   Thumb Code    26  stm32f10x_rcc.o(.text)
    RCC_APB2PeriphResetCmd                   0x080025c1   Thumb Code    26  stm32f10x_rcc.o(.text)
    RCC_APB1PeriphResetCmd                   0x080025db   Thumb Code    26  stm32f10x_rcc.o(.text)
    RCC_BackupResetCmd                       0x080025f5   Thumb Code     8  stm32f10x_rcc.o(.text)
    RCC_ClockSecuritySystemCmd               0x080025fd   Thumb Code     6  stm32f10x_rcc.o(.text)
    RCC_MCOConfig                            0x08002603   Thumb Code     6  stm32f10x_rcc.o(.text)
    RCC_ClearFlag                            0x08002609   Thumb Code    14  stm32f10x_rcc.o(.text)
    RCC_GetITStatus                          0x08002617   Thumb Code    20  stm32f10x_rcc.o(.text)
    RCC_ClearITPendingBit                    0x0800262b   Thumb Code     6  stm32f10x_rcc.o(.text)
    USART_DeInit                             0x08002655   Thumb Code   134  stm32f10x_usart.o(.text)
    USART_Init                               0x080026db   Thumb Code   210  stm32f10x_usart.o(.text)
    USART_StructInit                         0x080027ad   Thumb Code    24  stm32f10x_usart.o(.text)
    USART_ClockInit                          0x080027c5   Thumb Code    34  stm32f10x_usart.o(.text)
    USART_ClockStructInit                    0x080027e7   Thumb Code    12  stm32f10x_usart.o(.text)
    USART_Cmd                                0x080027f3   Thumb Code    24  stm32f10x_usart.o(.text)
    USART_ITConfig                           0x0800280b   Thumb Code    74  stm32f10x_usart.o(.text)
    USART_DMACmd                             0x08002855   Thumb Code    18  stm32f10x_usart.o(.text)
    USART_SetAddress                         0x08002867   Thumb Code    18  stm32f10x_usart.o(.text)
    USART_WakeUpConfig                       0x08002879   Thumb Code    18  stm32f10x_usart.o(.text)
    USART_ReceiverWakeUpCmd                  0x0800288b   Thumb Code    24  stm32f10x_usart.o(.text)
    USART_LINBreakDetectLengthConfig         0x080028a3   Thumb Code    18  stm32f10x_usart.o(.text)
    USART_LINCmd                             0x080028b5   Thumb Code    24  stm32f10x_usart.o(.text)
    USART_SendData                           0x080028cd   Thumb Code     8  stm32f10x_usart.o(.text)
    USART_ReceiveData                        0x080028d5   Thumb Code    10  stm32f10x_usart.o(.text)
    USART_SendBreak                          0x080028df   Thumb Code    10  stm32f10x_usart.o(.text)
    USART_SetGuardTime                       0x080028e9   Thumb Code    16  stm32f10x_usart.o(.text)
    USART_SetPrescaler                       0x080028f9   Thumb Code    16  stm32f10x_usart.o(.text)
    USART_SmartCardCmd                       0x08002909   Thumb Code    24  stm32f10x_usart.o(.text)
    USART_SmartCardNACKCmd                   0x08002921   Thumb Code    24  stm32f10x_usart.o(.text)
    USART_HalfDuplexCmd                      0x08002939   Thumb Code    24  stm32f10x_usart.o(.text)
    USART_OverSampling8Cmd                   0x08002951   Thumb Code    22  stm32f10x_usart.o(.text)
    USART_OneBitMethodCmd                    0x08002967   Thumb Code    24  stm32f10x_usart.o(.text)
    USART_IrDAConfig                         0x0800297f   Thumb Code    18  stm32f10x_usart.o(.text)
    USART_IrDACmd                            0x08002991   Thumb Code    24  stm32f10x_usart.o(.text)
    USART_GetFlagStatus                      0x080029a9   Thumb Code    26  stm32f10x_usart.o(.text)
    USART_ClearFlag                          0x080029c3   Thumb Code    18  stm32f10x_usart.o(.text)
    USART_GetITStatus                        0x080029d5   Thumb Code    84  stm32f10x_usart.o(.text)
    USART_ClearITPendingBit                  0x08002a29   Thumb Code    52  stm32f10x_usart.o(.text)
    NVIC_PriorityGroupConfig                 0x08002a5d   Thumb Code    10  misc.o(.text)
    NVIC_Init                                0x08002a67   Thumb Code   100  misc.o(.text)
    NVIC_SetVectorTable                      0x08002acb   Thumb Code    14  misc.o(.text)
    NVIC_SystemLPConfig                      0x08002ad9   Thumb Code    34  misc.o(.text)
    SysTick_CLKSourceConfig                  0x08002afb   Thumb Code    40  misc.o(.text)
    TIM_DeInit                               0x08002b39   Thumb Code   424  stm32f10x_tim.o(.text)
    TIM_TimeBaseInit                         0x08002ce1   Thumb Code   122  stm32f10x_tim.o(.text)
    TIM_OC1Init                              0x08002d5b   Thumb Code   132  stm32f10x_tim.o(.text)
    TIM_OC2Init                              0x08002ddf   Thumb Code   154  stm32f10x_tim.o(.text)
    TIM_OC3Init                              0x08002e79   Thumb Code   150  stm32f10x_tim.o(.text)
    TIM_OC4Init                              0x08002f0f   Thumb Code   182  stm32f10x_tim.o(.text)
    TIM_SetIC4Prescaler                      0x08002fc5   Thumb Code    26  stm32f10x_tim.o(.text)
    TIM_SetIC3Prescaler                      0x08003061   Thumb Code    18  stm32f10x_tim.o(.text)
    TIM_SetIC2Prescaler                      0x080030ed   Thumb Code    26  stm32f10x_tim.o(.text)
    TIM_SetIC1Prescaler                      0x08003189   Thumb Code    18  stm32f10x_tim.o(.text)
    TIM_ICInit                               0x08003207   Thumb Code   150  stm32f10x_tim.o(.text)
    TIM_PWMIConfig                           0x0800329d   Thumb Code   124  stm32f10x_tim.o(.text)
    TIM_BDTRConfig                           0x08003319   Thumb Code    32  stm32f10x_tim.o(.text)
    TIM_TimeBaseStructInit                   0x08003339   Thumb Code    18  stm32f10x_tim.o(.text)
    TIM_OCStructInit                         0x0800334b   Thumb Code    20  stm32f10x_tim.o(.text)
    TIM_ICStructInit                         0x0800335f   Thumb Code    18  stm32f10x_tim.o(.text)
    TIM_BDTRStructInit                       0x08003371   Thumb Code    40  stm32f10x_tim.o(.text)
    TIM_Cmd                                  0x08003399   Thumb Code    24  stm32f10x_tim.o(.text)
    TIM_CtrlPWMOutputs                       0x080033b1   Thumb Code    30  stm32f10x_tim.o(.text)
    TIM_ITConfig                             0x080033cf   Thumb Code    18  stm32f10x_tim.o(.text)
    TIM_GenerateEvent                        0x080033e1   Thumb Code     4  stm32f10x_tim.o(.text)
    TIM_DMAConfig                            0x080033e5   Thumb Code    10  stm32f10x_tim.o(.text)
    TIM_DMACmd                               0x080033ef   Thumb Code    18  stm32f10x_tim.o(.text)
    TIM_InternalClockConfig                  0x08003401   Thumb Code    12  stm32f10x_tim.o(.text)
    TIM_SelectInputTrigger                   0x0800340d   Thumb Code    18  stm32f10x_tim.o(.text)
    TIM_ITRxExternalClockConfig              0x0800341f   Thumb Code    24  stm32f10x_tim.o(.text)
    TIM_TIxExternalClockConfig               0x08003437   Thumb Code    62  stm32f10x_tim.o(.text)
    TIM_ETRConfig                            0x08003475   Thumb Code    28  stm32f10x_tim.o(.text)
    TIM_ETRClockMode1Config                  0x08003491   Thumb Code    54  stm32f10x_tim.o(.text)
    TIM_ETRClockMode2Config                  0x080034c7   Thumb Code    32  stm32f10x_tim.o(.text)
    TIM_PrescalerConfig                      0x080034e7   Thumb Code     6  stm32f10x_tim.o(.text)
    TIM_CounterModeConfig                    0x080034ed   Thumb Code    18  stm32f10x_tim.o(.text)
    TIM_EncoderInterfaceConfig               0x080034ff   Thumb Code    66  stm32f10x_tim.o(.text)
    TIM_ForcedOC1Config                      0x08003541   Thumb Code    18  stm32f10x_tim.o(.text)
    TIM_ForcedOC2Config                      0x08003553   Thumb Code    26  stm32f10x_tim.o(.text)
    TIM_ForcedOC3Config                      0x0800356d   Thumb Code    18  stm32f10x_tim.o(.text)
    TIM_ForcedOC4Config                      0x0800357f   Thumb Code    26  stm32f10x_tim.o(.text)
    TIM_ARRPreloadConfig                     0x08003599   Thumb Code    24  stm32f10x_tim.o(.text)
    TIM_SelectCOM                            0x080035b1   Thumb Code    24  stm32f10x_tim.o(.text)
    TIM_SelectCCDMA                          0x080035c9   Thumb Code    24  stm32f10x_tim.o(.text)
    TIM_CCPreloadControl                     0x080035e1   Thumb Code    24  stm32f10x_tim.o(.text)
    TIM_OC1PreloadConfig                     0x080035f9   Thumb Code    18  stm32f10x_tim.o(.text)
    TIM_OC2PreloadConfig                     0x0800360b   Thumb Code    26  stm32f10x_tim.o(.text)
    TIM_OC3PreloadConfig                     0x08003625   Thumb Code    18  stm32f10x_tim.o(.text)
    TIM_OC4PreloadConfig                     0x08003637   Thumb Code    26  stm32f10x_tim.o(.text)
    TIM_OC1FastConfig                        0x08003651   Thumb Code    18  stm32f10x_tim.o(.text)
    TIM_OC2FastConfig                        0x08003663   Thumb Code    26  stm32f10x_tim.o(.text)
    TIM_OC3FastConfig                        0x0800367d   Thumb Code    18  stm32f10x_tim.o(.text)
    TIM_OC4FastConfig                        0x0800368f   Thumb Code    26  stm32f10x_tim.o(.text)
    TIM_ClearOC1Ref                          0x080036a9   Thumb Code    18  stm32f10x_tim.o(.text)
    TIM_ClearOC2Ref                          0x080036bb   Thumb Code    24  stm32f10x_tim.o(.text)
    TIM_ClearOC3Ref                          0x080036d3   Thumb Code    18  stm32f10x_tim.o(.text)
    TIM_ClearOC4Ref                          0x080036e5   Thumb Code    24  stm32f10x_tim.o(.text)
    TIM_OC1PolarityConfig                    0x080036fd   Thumb Code    18  stm32f10x_tim.o(.text)
    TIM_OC1NPolarityConfig                   0x0800370f   Thumb Code    18  stm32f10x_tim.o(.text)
    TIM_OC2PolarityConfig                    0x08003721   Thumb Code    26  stm32f10x_tim.o(.text)
    TIM_OC2NPolarityConfig                   0x0800373b   Thumb Code    26  stm32f10x_tim.o(.text)
    TIM_OC3PolarityConfig                    0x08003755   Thumb Code    26  stm32f10x_tim.o(.text)
    TIM_OC3NPolarityConfig                   0x0800376f   Thumb Code    26  stm32f10x_tim.o(.text)
    TIM_OC4PolarityConfig                    0x08003789   Thumb Code    26  stm32f10x_tim.o(.text)
    TIM_CCxCmd                               0x080037a3   Thumb Code    30  stm32f10x_tim.o(.text)
    TIM_CCxNCmd                              0x080037c1   Thumb Code    30  stm32f10x_tim.o(.text)
    TIM_SelectOCxM                           0x080037df   Thumb Code    82  stm32f10x_tim.o(.text)
    TIM_UpdateDisableConfig                  0x08003831   Thumb Code    24  stm32f10x_tim.o(.text)
    TIM_UpdateRequestConfig                  0x08003849   Thumb Code    24  stm32f10x_tim.o(.text)
    TIM_SelectHallSensor                     0x08003861   Thumb Code    24  stm32f10x_tim.o(.text)
    TIM_SelectOnePulseMode                   0x08003879   Thumb Code    18  stm32f10x_tim.o(.text)
    TIM_SelectOutputTrigger                  0x0800388b   Thumb Code    18  stm32f10x_tim.o(.text)
    TIM_SelectSlaveMode                      0x0800389d   Thumb Code    18  stm32f10x_tim.o(.text)
    TIM_SelectMasterSlaveMode                0x080038af   Thumb Code    18  stm32f10x_tim.o(.text)
    TIM_SetCounter                           0x080038c1   Thumb Code     4  stm32f10x_tim.o(.text)
    TIM_SetAutoreload                        0x080038c5   Thumb Code     4  stm32f10x_tim.o(.text)
    TIM_SetCompare1                          0x080038c9   Thumb Code     4  stm32f10x_tim.o(.text)
    TIM_SetCompare2                          0x080038cd   Thumb Code     4  stm32f10x_tim.o(.text)
    TIM_SetCompare3                          0x080038d1   Thumb Code     4  stm32f10x_tim.o(.text)
    TIM_SetCompare4                          0x080038d5   Thumb Code     6  stm32f10x_tim.o(.text)
    TIM_SetClockDivision                     0x080038db   Thumb Code    18  stm32f10x_tim.o(.text)
    TIM_GetCapture1                          0x080038ed   Thumb Code     6  stm32f10x_tim.o(.text)
    TIM_GetCapture2                          0x080038f3   Thumb Code     6  stm32f10x_tim.o(.text)
    TIM_GetCapture3                          0x080038f9   Thumb Code     6  stm32f10x_tim.o(.text)
    TIM_GetCapture4                          0x080038ff   Thumb Code     8  stm32f10x_tim.o(.text)
    TIM_GetCounter                           0x08003907   Thumb Code     6  stm32f10x_tim.o(.text)
    TIM_GetPrescaler                         0x0800390d   Thumb Code     6  stm32f10x_tim.o(.text)
    TIM_GetFlagStatus                        0x08003913   Thumb Code    18  stm32f10x_tim.o(.text)
    TIM_ClearFlag                            0x08003925   Thumb Code     6  stm32f10x_tim.o(.text)
    TIM_GetITStatus                          0x0800392b   Thumb Code    34  stm32f10x_tim.o(.text)
    TIM_ClearITPendingBit                    0x0800394d   Thumb Code     6  stm32f10x_tim.o(.text)
    usmart_sys_cmd_exe                       0x08003955   Thumb Code  1554  usmart.o(.text)
    usmart_reset_runtime                     0x08003f67   Thumb Code    38  usmart.o(.text)
    usmart_get_runtime                       0x08003f8d   Thumb Code    56  usmart.o(.text)
    TIM4_IRQHandler                          0x08003fc5   Thumb Code    50  usmart.o(.text)
    Timer4_Init                              0x08003ff7   Thumb Code    94  usmart.o(.text)
    usmart_init                              0x08004055   Thumb Code    36  usmart.o(.text)
    usmart_cmd_rec                           0x08004079   Thumb Code   170  usmart.o(.text)
    usmart_exe                               0x08004123   Thumb Code   872  usmart.o(.text)
    usmart_scan                              0x0800448b   Thumb Code   120  usmart.o(.text)
    read_addr                                0x08004503   Thumb Code     6  usmart.o(.text)
    write_addr                               0x08004509   Thumb Code     4  usmart.o(.text)
    usmart_strcmp                            0x08004595   Thumb Code    34  usmart_str.o(.text)
    usmart_strcopy                           0x080045b7   Thumb Code    22  usmart_str.o(.text)
    usmart_strlen                            0x080045cd   Thumb Code    24  usmart_str.o(.text)
    usmart_pow                               0x080045e5   Thumb Code    22  usmart_str.o(.text)
    usmart_str2num                           0x080045fb   Thumb Code   202  usmart_str.o(.text)
    usmart_get_cmdname                       0x080046c5   Thumb Code    54  usmart_str.o(.text)
    usmart_search_nextc                      0x080046fb   Thumb Code    22  usmart_str.o(.text)
    usmart_get_fname                         0x08004711   Thumb Code   440  usmart_str.o(.text)
    usmart_get_aparm                         0x080048c9   Thumb Code   200  usmart_str.o(.text)
    usmart_get_parmpos                       0x08004991   Thumb Code    26  usmart_str.o(.text)
    usmart_get_fparam                        0x080049ab   Thumb Code   262  usmart_str.o(.text)
    __use_no_semihosting                     0x08004abd   Thumb Code     2  use_no_semi_2.o(.text)
    __2printf                                0x08004ac1   Thumb Code    20  noretval__2printf.o(.text)
    __2sprintf                               0x08004ad9   Thumb Code    34  noretval__2sprintf.o(.text)
    _printf_pre_padding                      0x08004b01   Thumb Code    44  _printf_pad.o(.text)
    _printf_post_padding                     0x08004b2d   Thumb Code    34  _printf_pad.o(.text)
    _printf_str                              0x08004b4f   Thumb Code    82  _printf_str.o(.text)
    _printf_int_dec                          0x08004ba1   Thumb Code   104  _printf_dec.o(.text)
    _printf_int_hex                          0x08004c19   Thumb Code    84  _printf_hex_int.o(.text)
    _printf_longlong_hex                     0x08004c19   Thumb Code     0  _printf_hex_int.o(.text)
    __printf                                 0x08004c71   Thumb Code   388  __printf_flags_ss_wp.o(.text)
    __use_two_region_memory                  0x08004df9   Thumb Code     2  heapauxi.o(.text)
    __rt_heap_escrow$2region                 0x08004dfb   Thumb Code     2  heapauxi.o(.text)
    __rt_heap_expand$2region                 0x08004dfd   Thumb Code     2  heapauxi.o(.text)
    __I$use$semihosting                      0x08004dff   Thumb Code     0  use_no_semi.o(.text)
    __use_no_semihosting_swi                 0x08004dff   Thumb Code     2  use_no_semi.o(.text)
    _printf_int_common                       0x08004e01   Thumb Code   178  _printf_intcommon.o(.text)
    __lib_sel_fp_printf                      0x08004eb3   Thumb Code     2  _printf_fp_dec.o(.text)
    _printf_fp_dec_real                      0x08005065   Thumb Code   620  _printf_fp_dec.o(.text)
    _printf_char_common                      0x080052db   Thumb Code    32  _printf_char_common.o(.text)
    _sputc                                   0x08005301   Thumb Code    10  _sputc.o(.text)
    _printf_cs_common                        0x0800530b   Thumb Code    20  _printf_char.o(.text)
    _printf_char                             0x0800531f   Thumb Code    16  _printf_char.o(.text)
    _printf_string                           0x0800532f   Thumb Code     8  _printf_char.o(.text)
    _printf_char_file                        0x08005339   Thumb Code    32  _printf_char_file.o(.text)
    __rt_locale                              0x0800535d   Thumb Code     8  rt_locale_intlibspace.o(.text)
    _ll_udiv10                               0x08005365   Thumb Code   138  lludiv10.o(.text)
    _printf_fp_infnan                        0x080053f1   Thumb Code   112  _printf_fp_infnan.o(.text)
    _btod_etento                             0x08005471   Thumb Code   224  bigflt0.o(.text)
    ferror                                   0x08005555   Thumb Code     8  ferror.o(.text)
    __user_libspace                          0x0800555d   Thumb Code     8  libspace.o(.text)
    __user_perproc_libspace                  0x0800555d   Thumb Code     0  libspace.o(.text)
    __user_perthread_libspace                0x0800555d   Thumb Code     0  libspace.o(.text)
    __user_setup_stackheap                   0x08005565   Thumb Code    74  sys_stackheap_outer.o(.text)
    exit                                     0x080055af   Thumb Code    18  exit.o(.text)
    strcmp                                   0x080055c1   Thumb Code   128  strcmpv7m.o(.text)
    _btod_d2e                                0x08005641   Thumb Code    62  btod.o(CL$$btod_d2e)
    _d2e_denorm_low                          0x0800567f   Thumb Code    70  btod.o(CL$$btod_d2e_denorm_low)
    _d2e_norm_op1                            0x080056c5   Thumb Code    96  btod.o(CL$$btod_d2e_norm_op1)
    __btod_div_common                        0x08005725   Thumb Code   696  btod.o(CL$$btod_div_common)
    _e2e                                     0x08005a5d   Thumb Code   220  btod.o(CL$$btod_e2e)
    _btod_ediv                               0x08005b39   Thumb Code    42  btod.o(CL$$btod_ediv)
    _btod_emul                               0x08005b63   Thumb Code    42  btod.o(CL$$btod_emul)
    __btod_mult_common                       0x08005b8d   Thumb Code   580  btod.o(CL$$btod_mult_common)
    __ARM_fpclassify                         0x08005dd1   Thumb Code    40  fpclassify.o(i.__ARM_fpclassify)
    _is_digit                                0x08005df9   Thumb Code    14  __printf_wp.o(i._is_digit)
    _get_lc_numeric                          0x08005e09   Thumb Code    44  lc_numeric_c.o(locale$$code)
    __aeabi_d2f                              0x08005e35   Thumb Code     0  d2f.o(x$fpl$d2f)
    _d2f                                     0x08005e35   Thumb Code    98  d2f.o(x$fpl$d2f)
    __aeabi_dadd                             0x08005e99   Thumb Code     0  daddsub_clz.o(x$fpl$dadd)
    _dadd                                    0x08005e99   Thumb Code   332  daddsub_clz.o(x$fpl$dadd)
    __aeabi_ddiv                             0x08005fe9   Thumb Code     0  ddiv.o(x$fpl$ddiv)
    _ddiv                                    0x08005fe9   Thumb Code   552  ddiv.o(x$fpl$ddiv)
    __aeabi_i2d                              0x08006299   Thumb Code     0  dflt_clz.o(x$fpl$dflt)
    _dflt                                    0x08006299   Thumb Code    46  dflt_clz.o(x$fpl$dflt)
    __aeabi_ui2d                             0x080062c7   Thumb Code     0  dflt_clz.o(x$fpl$dfltu)
    _dfltu                                   0x080062c7   Thumb Code    38  dflt_clz.o(x$fpl$dfltu)
    __aeabi_dmul                             0x080062ed   Thumb Code     0  dmul.o(x$fpl$dmul)
    _dmul                                    0x080062ed   Thumb Code   332  dmul.o(x$fpl$dmul)
    __fpl_dnaninf                            0x08006441   Thumb Code   156  dnaninf.o(x$fpl$dnaninf)
    __fpl_dretinf                            0x080064dd   Thumb Code    12  dretinf.o(x$fpl$dretinf)
    __aeabi_dsub                             0x080064e9   Thumb Code     0  daddsub_clz.o(x$fpl$dsub)
    _dsub                                    0x080064e9   Thumb Code   464  daddsub_clz.o(x$fpl$dsub)
    __aeabi_f2d                              0x080066bd   Thumb Code     0  f2d.o(x$fpl$f2d)
    _f2d                                     0x080066bd   Thumb Code    86  f2d.o(x$fpl$f2d)
    __aeabi_fadd                             0x08006715   Thumb Code     0  faddsub_clz.o(x$fpl$fadd)
    _fadd                                    0x08006715   Thumb Code   196  faddsub_clz.o(x$fpl$fadd)
    __aeabi_fdiv                             0x080067d9   Thumb Code     0  fdiv.o(x$fpl$fdiv)
    _fdiv                                    0x080067d9   Thumb Code   384  fdiv.o(x$fpl$fdiv)
    __aeabi_f2iz                             0x0800695d   Thumb Code     0  ffix.o(x$fpl$ffix)
    _ffix                                    0x0800695d   Thumb Code    54  ffix.o(x$fpl$ffix)
    __aeabi_f2uiz                            0x08006995   Thumb Code     0  ffixu.o(x$fpl$ffixu)
    _ffixu                                   0x08006995   Thumb Code    62  ffixu.o(x$fpl$ffixu)
    __aeabi_fmul                             0x080069d5   Thumb Code     0  fmul.o(x$fpl$fmul)
    _fmul                                    0x080069d5   Thumb Code   258  fmul.o(x$fpl$fmul)
    __fpl_fnaninf                            0x08006ad7   Thumb Code   140  fnaninf.o(x$fpl$fnaninf)
    __fpl_fretinf                            0x08006b63   Thumb Code    10  fretinf.o(x$fpl$fretinf)
    __aeabi_fsub                             0x08006b6d   Thumb Code     0  faddsub_clz.o(x$fpl$fsub)
    _fsub                                    0x08006b6d   Thumb Code   234  faddsub_clz.o(x$fpl$fsub)
    _printf_fp_dec                           0x08006c57   Thumb Code     4  printf1.o(x$fpl$printf1)
    OLED_F8x16                               0x08006c5a   Data        1520  oled.o(.constdata)
    __I$use$fp                               0x08006c5a   Number         0  usenofp.o(x$fpl$usenofp)
    Region$$Table$$Base                      0x080073dc   Number         0  anon$$obj.o(Region$$Table)
    Region$$Table$$Limit                     0x080073fc   Number         0  anon$$obj.o(Region$$Table)
    RxAddr                                   0x20000000   Data           5  main.o(.data)
    TranFlag                                 0x20000005   Data           1  main.o(.data)
    SystemCoreClock                          0x20000008   Data           4  system_stm32f10x.o(.data)
    AHBPrescTable                            0x2000000c   Data          16  system_stm32f10x.o(.data)
    INIT_ADDR                                0x2000001d   Data           5  nrf24l01.o(.data)
    CE_Status                                0x20000022   Data           1  nrf24l01.o(.data)
    __stdout                                 0x20000028   Data           4  usart.o(.data)
    USART_RX_STA                             0x2000002c   Data           2  usart.o(.data)
    sys_cmd_tab                              0x20000044   Data          28  usmart.o(.data)
    usmart_nametab                           0x20000060   Data          40  usmart_config.o(.data)
    usmart_dev                               0x20000088   Data         244  usmart_config.o(.data)
    RXData                                   0x2000017c   Data          17  main.o(.bss)
    mpudata                                  0x20000190   Data          16  main.o(.bss)
    USART_RX_BUF                             0x200001a0   Data         200  usart.o(.bss)
    __libspace_start                         0x20000268   Data          96  libspace.o(.bss)
    __temporary_stack_top$libspace           0x200002c8   Data           0  libspace.o(.bss)



==============================================================================

Memory Map of the image

  Image Entry point : 0x08000131

  Load Region LR_IROM1 (Base: 0x08000000, Size: 0x00007594, Max: 0x00040000, ABSOLUTE, COMPRESSED[0x0000748c])

    Execution Region ER_IROM1 (Exec base: 0x08000000, Load base: 0x08000000, Size: 0x00007418, Max: 0x00040000, ABSOLUTE)

    Exec Addr    Load Addr    Size         Type   Attr      Idx    E Section Name        Object

    0x08000000   0x08000000   0x00000130   Data   RO          508    RESET               startup_stm32f10x_hd.o
    0x08000130   0x08000130   0x00000008   Code   RO          696  * !!!main             c_w.l(__main.o)
    0x08000138   0x08000138   0x00000034   Code   RO         1076    !!!scatter          c_w.l(__scatter.o)
    0x0800016c   0x0800016c   0x0000005a   Code   RO         1074    !!dczerorl2         c_w.l(__dczerorl2.o)
    0x080001c6   0x080001c6   0x00000002   PAD
    0x080001c8   0x080001c8   0x0000001c   Code   RO         1078    !!handler_zi        c_w.l(__scatter_zi.o)
    0x080001e4   0x080001e4   0x00000000   Code   RO          689    .ARM.Collect$$_printf_percent$$00000000  c_w.l(_printf_percent.o)
    0x080001e4   0x080001e4   0x00000006   Code   RO          688    .ARM.Collect$$_printf_percent$$00000003  c_w.l(_printf_f.o)
    0x080001ea   0x080001ea   0x00000006   Code   RO          686    .ARM.Collect$$_printf_percent$$00000009  c_w.l(_printf_d.o)
    0x080001f0   0x080001f0   0x00000006   Code   RO          687    .ARM.Collect$$_printf_percent$$0000000A  c_w.l(_printf_u.o)
    0x080001f6   0x080001f6   0x00000006   Code   RO          685    .ARM.Collect$$_printf_percent$$0000000C  c_w.l(_printf_x.o)
    0x080001fc   0x080001fc   0x00000006   Code   RO          683    .ARM.Collect$$_printf_percent$$00000013  c_w.l(_printf_c.o)
    0x08000202   0x08000202   0x00000006   Code   RO          684    .ARM.Collect$$_printf_percent$$00000014  c_w.l(_printf_s.o)
    0x08000208   0x08000208   0x00000004   Code   RO          795    .ARM.Collect$$_printf_percent$$00000017  c_w.l(_printf_percent_end.o)
    0x0800020c   0x0800020c   0x00000002   Code   RO          941    .ARM.Collect$$libinit$$00000000  c_w.l(libinit.o)
    0x0800020e   0x0800020e   0x00000000   Code   RO          943    .ARM.Collect$$libinit$$00000002  c_w.l(libinit2.o)
    0x0800020e   0x0800020e   0x00000000   Code   RO          945    .ARM.Collect$$libinit$$00000004  c_w.l(libinit2.o)
    0x0800020e   0x0800020e   0x00000000   Code   RO          948    .ARM.Collect$$libinit$$0000000A  c_w.l(libinit2.o)
    0x0800020e   0x0800020e   0x00000000   Code   RO          950    .ARM.Collect$$libinit$$0000000C  c_w.l(libinit2.o)
    0x0800020e   0x0800020e   0x00000000   Code   RO          952    .ARM.Collect$$libinit$$0000000E  c_w.l(libinit2.o)
    0x0800020e   0x0800020e   0x00000006   Code   RO          953    .ARM.Collect$$libinit$$0000000F  c_w.l(libinit2.o)
    0x08000214   0x08000214   0x00000000   Code   RO          955    .ARM.Collect$$libinit$$00000011  c_w.l(libinit2.o)
    0x08000214   0x08000214   0x00000000   Code   RO          957    .ARM.Collect$$libinit$$00000013  c_w.l(libinit2.o)
    0x08000214   0x08000214   0x00000000   Code   RO          959    .ARM.Collect$$libinit$$00000015  c_w.l(libinit2.o)
    0x08000214   0x08000214   0x0000000a   Code   RO          960    .ARM.Collect$$libinit$$00000016  c_w.l(libinit2.o)
    0x0800021e   0x0800021e   0x00000000   Code   RO          961    .ARM.Collect$$libinit$$00000017  c_w.l(libinit2.o)
    0x0800021e   0x0800021e   0x00000000   Code   RO          963    .ARM.Collect$$libinit$$00000019  c_w.l(libinit2.o)
    0x0800021e   0x0800021e   0x00000000   Code   RO          965    .ARM.Collect$$libinit$$0000001B  c_w.l(libinit2.o)
    0x0800021e   0x0800021e   0x00000000   Code   RO          967    .ARM.Collect$$libinit$$0000001D  c_w.l(libinit2.o)
    0x0800021e   0x0800021e   0x00000000   Code   RO          969    .ARM.Collect$$libinit$$0000001F  c_w.l(libinit2.o)
    0x0800021e   0x0800021e   0x00000000   Code   RO          971    .ARM.Collect$$libinit$$00000021  c_w.l(libinit2.o)
    0x0800021e   0x0800021e   0x00000000   Code   RO          973    .ARM.Collect$$libinit$$00000023  c_w.l(libinit2.o)
    0x0800021e   0x0800021e   0x00000000   Code   RO          975    .ARM.Collect$$libinit$$00000025  c_w.l(libinit2.o)
    0x0800021e   0x0800021e   0x00000000   Code   RO          979    .ARM.Collect$$libinit$$0000002C  c_w.l(libinit2.o)
    0x0800021e   0x0800021e   0x00000000   Code   RO          981    .ARM.Collect$$libinit$$0000002E  c_w.l(libinit2.o)
    0x0800021e   0x0800021e   0x00000000   Code   RO          983    .ARM.Collect$$libinit$$00000030  c_w.l(libinit2.o)
    0x0800021e   0x0800021e   0x00000000   Code   RO          985    .ARM.Collect$$libinit$$00000032  c_w.l(libinit2.o)
    0x0800021e   0x0800021e   0x00000002   Code   RO          986    .ARM.Collect$$libinit$$00000033  c_w.l(libinit2.o)
    0x08000220   0x08000220   0x00000002   Code   RO         1034    .ARM.Collect$$libshutdown$$00000000  c_w.l(libshutdown.o)
    0x08000222   0x08000222   0x00000000   Code   RO         1043    .ARM.Collect$$libshutdown$$00000002  c_w.l(libshutdown2.o)
    0x08000222   0x08000222   0x00000000   Code   RO         1045    .ARM.Collect$$libshutdown$$00000004  c_w.l(libshutdown2.o)
    0x08000222   0x08000222   0x00000000   Code   RO         1048    .ARM.Collect$$libshutdown$$00000007  c_w.l(libshutdown2.o)
    0x08000222   0x08000222   0x00000000   Code   RO         1051    .ARM.Collect$$libshutdown$$0000000A  c_w.l(libshutdown2.o)
    0x08000222   0x08000222   0x00000000   Code   RO         1053    .ARM.Collect$$libshutdown$$0000000C  c_w.l(libshutdown2.o)
    0x08000222   0x08000222   0x00000000   Code   RO         1056    .ARM.Collect$$libshutdown$$0000000F  c_w.l(libshutdown2.o)
    0x08000222   0x08000222   0x00000002   Code   RO         1057    .ARM.Collect$$libshutdown$$00000010  c_w.l(libshutdown2.o)
    0x08000224   0x08000224   0x00000000   Code   RO          778    .ARM.Collect$$rtentry$$00000000  c_w.l(__rtentry.o)
    0x08000224   0x08000224   0x00000000   Code   RO          849    .ARM.Collect$$rtentry$$00000002  c_w.l(__rtentry2.o)
    0x08000224   0x08000224   0x00000006   Code   RO          861    .ARM.Collect$$rtentry$$00000004  c_w.l(__rtentry4.o)
    0x0800022a   0x0800022a   0x00000000   Code   RO          851    .ARM.Collect$$rtentry$$00000009  c_w.l(__rtentry2.o)
    0x0800022a   0x0800022a   0x00000004   Code   RO          852    .ARM.Collect$$rtentry$$0000000A  c_w.l(__rtentry2.o)
    0x0800022e   0x0800022e   0x00000000   Code   RO          854    .ARM.Collect$$rtentry$$0000000C  c_w.l(__rtentry2.o)
    0x0800022e   0x0800022e   0x00000008   Code   RO          855    .ARM.Collect$$rtentry$$0000000D  c_w.l(__rtentry2.o)
    0x08000236   0x08000236   0x00000002   Code   RO          991    .ARM.Collect$$rtexit$$00000000  c_w.l(rtexit.o)
    0x08000238   0x08000238   0x00000000   Code   RO         1004    .ARM.Collect$$rtexit$$00000002  c_w.l(rtexit2.o)
    0x08000238   0x08000238   0x00000004   Code   RO         1005    .ARM.Collect$$rtexit$$00000003  c_w.l(rtexit2.o)
    0x0800023c   0x0800023c   0x00000006   Code   RO         1006    .ARM.Collect$$rtexit$$00000004  c_w.l(rtexit2.o)
    0x08000242   0x08000242   0x00000002   PAD
    0x08000244   0x08000244   0x00000108   Code   RO            1    .text               main.o
    0x0800034c   0x0800034c   0x00000274   Code   RO          144    .text               stm32f10x_it.o
    0x080005c0   0x080005c0   0x000001e0   Code   RO          191    .text               system_stm32f10x.o
    0x080007a0   0x080007a0   0x00000050   Code   RO          209    .text               led.o
    0x080007f0   0x080007f0   0x000000fc   Code   RO          221    .text               key.o
    0x080008ec   0x080008ec   0x00000250   Code   RO          264    .text               mpuiic.o
    0x08000b3c   0x08000b3c   0x00000368   Code   RO          279    .text               mpu6050.o
    0x08000ea4   0x08000ea4   0x000006c8   Code   RO          367    .text               nrf24l01.o
    0x0800156c   0x0800156c   0x00000168   Code   RO          385    .text               receieveturn.o
    0x080016d4   0x080016d4   0x00000108   Code   RO          397    .text               pwm.o
    0x080017dc   0x080017dc   0x000000d4   Code   RO          409    .text               servo.o
    0x080018b0   0x080018b0   0x0000044e   Code   RO          424    .text               oled.o
    0x08001cfe   0x08001cfe   0x00000002   PAD
    0x08001d00   0x08001d00   0x000000d4   Code   RO          442    .text               delay.o
    0x08001dd4   0x08001dd4   0x00000140   Code   RO          473    .text               usart.o
    0x08001f14   0x08001f14   0x00000040   Code   RO          509    .text               startup_stm32f10x_hd.o
    0x08001f54   0x08001f54   0x0000035c   Code   RO          513    .text               stm32f10x_gpio.o
    0x080022b0   0x080022b0   0x000003a4   Code   RO          525    .text               stm32f10x_rcc.o
    0x08002654   0x08002654   0x00000408   Code   RO          539    .text               stm32f10x_usart.o
    0x08002a5c   0x08002a5c   0x000000dc   Code   RO          551    .text               misc.o
    0x08002b38   0x08002b38   0x00000e1a   Code   RO          563    .text               stm32f10x_tim.o
    0x08003952   0x08003952   0x00000002   PAD
    0x08003954   0x08003954   0x00000c40   Code   RO          575    .text               usmart.o
    0x08004594   0x08004594   0x00000528   Code   RO          608    .text               usmart_str.o
    0x08004abc   0x08004abc   0x00000002   Code   RO          622    .text               c_w.l(use_no_semi_2.o)
    0x08004abe   0x08004abe   0x00000002   PAD
    0x08004ac0   0x08004ac0   0x00000018   Code   RO          630    .text               c_w.l(noretval__2printf.o)
    0x08004ad8   0x08004ad8   0x00000028   Code   RO          632    .text               c_w.l(noretval__2sprintf.o)
    0x08004b00   0x08004b00   0x0000004e   Code   RO          636    .text               c_w.l(_printf_pad.o)
    0x08004b4e   0x08004b4e   0x00000052   Code   RO          638    .text               c_w.l(_printf_str.o)
    0x08004ba0   0x08004ba0   0x00000078   Code   RO          640    .text               c_w.l(_printf_dec.o)
    0x08004c18   0x08004c18   0x00000058   Code   RO          645    .text               c_w.l(_printf_hex_int.o)
    0x08004c70   0x08004c70   0x00000188   Code   RO          680    .text               c_w.l(__printf_flags_ss_wp.o)
    0x08004df8   0x08004df8   0x00000006   Code   RO          694    .text               c_w.l(heapauxi.o)
    0x08004dfe   0x08004dfe   0x00000002   Code   RO          776    .text               c_w.l(use_no_semi.o)
    0x08004e00   0x08004e00   0x000000b2   Code   RO          783    .text               c_w.l(_printf_intcommon.o)
    0x08004eb2   0x08004eb2   0x0000041e   Code   RO          785    .text               c_w.l(_printf_fp_dec.o)
    0x080052d0   0x080052d0   0x00000030   Code   RO          787    .text               c_w.l(_printf_char_common.o)
    0x08005300   0x08005300   0x0000000a   Code   RO          789    .text               c_w.l(_sputc.o)
    0x0800530a   0x0800530a   0x0000002c   Code   RO          791    .text               c_w.l(_printf_char.o)
    0x08005336   0x08005336   0x00000002   PAD
    0x08005338   0x08005338   0x00000024   Code   RO          793    .text               c_w.l(_printf_char_file.o)
    0x0800535c   0x0800535c   0x00000008   Code   RO          870    .text               c_w.l(rt_locale_intlibspace.o)
    0x08005364   0x08005364   0x0000008a   Code   RO          877    .text               c_w.l(lludiv10.o)
    0x080053ee   0x080053ee   0x00000002   PAD
    0x080053f0   0x080053f0   0x00000080   Code   RO          879    .text               c_w.l(_printf_fp_infnan.o)
    0x08005470   0x08005470   0x000000e4   Code   RO          883    .text               c_w.l(bigflt0.o)
    0x08005554   0x08005554   0x00000008   Code   RO          908    .text               c_w.l(ferror.o)
    0x0800555c   0x0800555c   0x00000008   Code   RO          925    .text               c_w.l(libspace.o)
    0x08005564   0x08005564   0x0000004a   Code   RO          928    .text               c_w.l(sys_stackheap_outer.o)
    0x080055ae   0x080055ae   0x00000012   Code   RO          932    .text               c_w.l(exit.o)
    0x080055c0   0x080055c0   0x00000080   Code   RO          934    .text               c_w.l(strcmpv7m.o)
    0x08005640   0x08005640   0x0000003e   Code   RO          886    CL$$btod_d2e        c_w.l(btod.o)
    0x0800567e   0x0800567e   0x00000046   Code   RO          888    CL$$btod_d2e_denorm_low  c_w.l(btod.o)
    0x080056c4   0x080056c4   0x00000060   Code   RO          887    CL$$btod_d2e_norm_op1  c_w.l(btod.o)
    0x08005724   0x08005724   0x00000338   Code   RO          896    CL$$btod_div_common  c_w.l(btod.o)
    0x08005a5c   0x08005a5c   0x000000dc   Code   RO          893    CL$$btod_e2e        c_w.l(btod.o)
    0x08005b38   0x08005b38   0x0000002a   Code   RO          890    CL$$btod_ediv       c_w.l(btod.o)
    0x08005b62   0x08005b62   0x0000002a   Code   RO          889    CL$$btod_emul       c_w.l(btod.o)
    0x08005b8c   0x08005b8c   0x00000244   Code   RO          895    CL$$btod_mult_common  c_w.l(btod.o)
    0x08005dd0   0x08005dd0   0x00000028   Code   RO          835    i.__ARM_fpclassify  m_ws.l(fpclassify.o)
    0x08005df8   0x08005df8   0x0000000e   Code   RO          673    i._is_digit         c_w.l(__printf_wp.o)
    0x08005e06   0x08005e06   0x00000002   PAD
    0x08005e08   0x08005e08   0x0000002c   Code   RO          913    locale$$code        c_w.l(lc_numeric_c.o)
    0x08005e34   0x08005e34   0x00000062   Code   RO          698    x$fpl$d2f           fz_ws.l(d2f.o)
    0x08005e96   0x08005e96   0x00000002   PAD
    0x08005e98   0x08005e98   0x00000150   Code   RO          700    x$fpl$dadd          fz_ws.l(daddsub_clz.o)
    0x08005fe8   0x08005fe8   0x000002b0   Code   RO          707    x$fpl$ddiv          fz_ws.l(ddiv.o)
    0x08006298   0x08006298   0x0000002e   Code   RO          715    x$fpl$dflt          fz_ws.l(dflt_clz.o)
    0x080062c6   0x080062c6   0x00000026   Code   RO          714    x$fpl$dfltu         fz_ws.l(dflt_clz.o)
    0x080062ec   0x080062ec   0x00000154   Code   RO          720    x$fpl$dmul          fz_ws.l(dmul.o)
    0x08006440   0x08006440   0x0000009c   Code   RO          798    x$fpl$dnaninf       fz_ws.l(dnaninf.o)
    0x080064dc   0x080064dc   0x0000000c   Code   RO          800    x$fpl$dretinf       fz_ws.l(dretinf.o)
    0x080064e8   0x080064e8   0x000001d4   Code   RO          702    x$fpl$dsub          fz_ws.l(daddsub_clz.o)
    0x080066bc   0x080066bc   0x00000056   Code   RO          722    x$fpl$f2d           fz_ws.l(f2d.o)
    0x08006712   0x08006712   0x00000002   PAD
    0x08006714   0x08006714   0x000000c4   Code   RO          724    x$fpl$fadd          fz_ws.l(faddsub_clz.o)
    0x080067d8   0x080067d8   0x00000184   Code   RO          731    x$fpl$fdiv          fz_ws.l(fdiv.o)
    0x0800695c   0x0800695c   0x00000036   Code   RO          736    x$fpl$ffix          fz_ws.l(ffix.o)
    0x08006992   0x08006992   0x00000002   PAD
    0x08006994   0x08006994   0x0000003e   Code   RO          740    x$fpl$ffixu         fz_ws.l(ffixu.o)
    0x080069d2   0x080069d2   0x00000002   PAD
    0x080069d4   0x080069d4   0x00000102   Code   RO          752    x$fpl$fmul          fz_ws.l(fmul.o)
    0x08006ad6   0x08006ad6   0x0000008c   Code   RO          804    x$fpl$fnaninf       fz_ws.l(fnaninf.o)
    0x08006b62   0x08006b62   0x0000000a   Code   RO          806    x$fpl$fretinf       fz_ws.l(fretinf.o)
    0x08006b6c   0x08006b6c   0x000000ea   Code   RO          726    x$fpl$fsub          fz_ws.l(faddsub_clz.o)
    0x08006c56   0x08006c56   0x00000004   Code   RO          756    x$fpl$printf1       fz_ws.l(printf1.o)
    0x08006c5a   0x08006c5a   0x00000000   Code   RO          810    x$fpl$usenofp       fz_ws.l(usenofp.o)
    0x08006c5a   0x08006c5a   0x000005f0   Data   RO          425    .constdata          oled.o
    0x0800724a   0x0800724a   0x00000028   Data   RO          646    .constdata          c_w.l(_printf_hex_int.o)
    0x08007272   0x08007272   0x00000011   Data   RO          681    .constdata          c_w.l(__printf_flags_ss_wp.o)
    0x08007283   0x08007283   0x00000001   PAD
    0x08007284   0x08007284   0x00000094   Data   RO          884    .constdata          c_w.l(bigflt0.o)
    0x08007318   0x08007318   0x00000028   Data   RO          576    .conststring        usmart.o
    0x08007340   0x08007340   0x0000009c   Data   RO          591    .conststring        usmart_config.o
    0x080073dc   0x080073dc   0x00000020   Data   RO         1072    Region$$Table       anon$$obj.o
    0x080073fc   0x080073fc   0x0000001c   Data   RO          912    locale$$data        c_w.l(lc_numeric_c.o)


    Execution Region RW_IRAM1 (Exec base: 0x20000000, Load base: 0x08007418, Size: 0x000008c8, Max: 0x0000c000, ABSOLUTE, COMPRESSED[0x00000074])

    Exec Addr    Load Addr    Size         Type   Attr      Idx    E Section Name        Object

    0x20000000   COMPRESSED   0x00000006   Data   RW            3    .data               main.o
    0x20000006   COMPRESSED   0x00000002   PAD
    0x20000008   COMPRESSED   0x00000014   Data   RW          192    .data               system_stm32f10x.o
    0x2000001c   COMPRESSED   0x00000001   Data   RW          222    .data               key.o
    0x2000001d   COMPRESSED   0x00000006   Data   RW          368    .data               nrf24l01.o
    0x20000023   COMPRESSED   0x00000001   PAD
    0x20000024   COMPRESSED   0x00000004   Data   RW          443    .data               delay.o
    0x20000028   COMPRESSED   0x00000006   Data   RW          475    .data               usart.o
    0x2000002e   COMPRESSED   0x00000014   Data   RW          526    .data               stm32f10x_rcc.o
    0x20000042   COMPRESSED   0x00000002   PAD
    0x20000044   COMPRESSED   0x0000001c   Data   RW          577    .data               usmart.o
    0x20000060   COMPRESSED   0x0000011c   Data   RW          592    .data               usmart_config.o
    0x2000017c        -       0x00000024   Zero   RW            2    .bss                main.o
    0x200001a0        -       0x000000c8   Zero   RW          474    .bss                usart.o
    0x20000268        -       0x00000060   Zero   RW          926    .bss                c_w.l(libspace.o)
    0x200002c8        -       0x00000200   Zero   RW          507    HEAP                startup_stm32f10x_hd.o
    0x200004c8        -       0x00000400   Zero   RW          506    STACK               startup_stm32f10x_hd.o


==============================================================================

Image component sizes


      Code (inc. data)   RO Data    RW Data    ZI Data      Debug   Object Name

       212         18          0          4          0        991   delay.o
       252         16          0          1          0        812   key.o
        80          8          0          0          0        471   led.o
       264         52          0          6         36     254048   main.o
       220         22          0          0          0       1749   misc.o
       872         18          0          0          0       4335   mpu6050.o
       592         14          0          0          0       2038   mpuiic.o
      1736         24          0          6          0       8396   nrf24l01.o
      1102         16       1520          0          0       5271   oled.o
       264         12          0          0          0       1367   pwm.o
       360         10          0          0          0        806   receieveturn.o
       212         12          0          0          0       1137   servo.o
        64         26        304          0       1536        772   startup_stm32f10x_hd.o
       860         38          0          0          0       5681   stm32f10x_gpio.o
       628          0          0          0          0     206465   stm32f10x_it.o
       932         36          0         20          0       8836   stm32f10x_rcc.o
      3610         88          0          0          0      22792   stm32f10x_tim.o
      1032         22          0          0          0       8408   stm32f10x_usart.o
         0          0          0          0          0         32   sys.o
       480         38          0         20          0       1659   system_stm32f10x.o
       320         16          0          6        200       3094   usart.o
      3136       1288         40         28          0       4250   usmart.o
         0          0        156        284          0       1564   usmart_config.o
      1320         12          0          0          0       5173   usmart_str.o

    ----------------------------------------------------------------------
     18552       1786       2052        380       1772     550147   Object Totals
         0          0         32          0          0          0   (incl. Generated)
         4          0          0          5          0          0   (incl. Padding)

    ----------------------------------------------------------------------

      Code (inc. data)   RO Data    RW Data    ZI Data      Debug   Library Member Name

        90          0          0          0          0          0   __dczerorl2.o
         8          0          0          0          0         68   __main.o
       392          4         17          0          0         92   __printf_flags_ss_wp.o
        14          0          0          0          0         68   __printf_wp.o
         0          0          0          0          0          0   __rtentry.o
        12          0          0          0          0          0   __rtentry2.o
         6          0          0          0          0          0   __rtentry4.o
        52          8          0          0          0          0   __scatter.o
        28          0          0          0          0          0   __scatter_zi.o
         6          0          0          0          0          0   _printf_c.o
        44          0          0          0          0        108   _printf_char.o
        48          6          0          0          0         96   _printf_char_common.o
        36          4          0          0          0         80   _printf_char_file.o
         6          0          0          0          0          0   _printf_d.o
       120         16          0          0          0         92   _printf_dec.o
         6          0          0          0          0          0   _printf_f.o
      1054          0          0          0          0        216   _printf_fp_dec.o
       128         16          0          0          0         84   _printf_fp_infnan.o
        88          4         40          0          0         88   _printf_hex_int.o
       178          0          0          0          0         88   _printf_intcommon.o
        78          0          0          0          0        108   _printf_pad.o
         0          0          0          0          0          0   _printf_percent.o
         4          0          0          0          0          0   _printf_percent_end.o
         6          0          0          0          0          0   _printf_s.o
        82          0          0          0          0         80   _printf_str.o
         6          0          0          0          0          0   _printf_u.o
         6          0          0          0          0          0   _printf_x.o
        10          0          0          0          0         68   _sputc.o
       228          4        148          0          0         96   bigflt0.o
      1936        128          0          0          0        672   btod.o
        18          0          0          0          0         80   exit.o
         8          0          0          0          0         68   ferror.o
         6          0          0          0          0        152   heapauxi.o
        44         10         28          0          0         76   lc_numeric_c.o
         2          0          0          0          0          0   libinit.o
        18          0          0          0          0          0   libinit2.o
         2          0          0          0          0          0   libshutdown.o
         2          0          0          0          0          0   libshutdown2.o
         8          4          0          0         96         68   libspace.o
       138          0          0          0          0         80   lludiv10.o
        24          4          0          0          0         84   noretval__2printf.o
        40          6          0          0          0         84   noretval__2sprintf.o
         8          4          0          0          0         68   rt_locale_intlibspace.o
         2          0          0          0          0          0   rtexit.o
        10          0          0          0          0          0   rtexit2.o
       128          0          0          0          0         68   strcmpv7m.o
        74          0          0          0          0         80   sys_stackheap_outer.o
         2          0          0          0          0         68   use_no_semi.o
         2          0          0          0          0         68   use_no_semi_2.o
        98          4          0          0          0         92   d2f.o
       804         16          0          0          0        272   daddsub_clz.o
       688        140          0          0          0        208   ddiv.o
        84          0          0          0          0        136   dflt_clz.o
       340         12          0          0          0        104   dmul.o
       156          4          0          0          0         92   dnaninf.o
        12          0          0          0          0         68   dretinf.o
        86          4          0          0          0         84   f2d.o
       430          8          0          0          0        168   faddsub_clz.o
       388         76          0          0          0         96   fdiv.o
        54          4          0          0          0         84   ffix.o
        62          4          0          0          0         84   ffixu.o
       258          4          0          0          0         84   fmul.o
       140          4          0          0          0         84   fnaninf.o
        10          0          0          0          0         68   fretinf.o
         4          0          0          0          0         68   printf1.o
         0          0          0          0          0          0   usenofp.o
        40          0          0          0          0         68   fpclassify.o

    ----------------------------------------------------------------------
      8882        498        234          0         96       5008   Library Totals
        20          0          1          0          0          0   (incl. Padding)

    ----------------------------------------------------------------------

      Code (inc. data)   RO Data    RW Data    ZI Data      Debug   Library Name

      5208        218        233          0         96       3148   c_w.l
      3614        280          0          0          0       1792   fz_ws.l
        40          0          0          0          0         68   m_ws.l

    ----------------------------------------------------------------------
      8882        498        234          0         96       5008   Library Totals

    ----------------------------------------------------------------------

==============================================================================


      Code (inc. data)   RO Data    RW Data    ZI Data      Debug   

     27434       2284       2286        380       1868     550731   Grand Totals
     27434       2284       2286        116       1868     550731   ELF Image Totals (compressed)
     27434       2284       2286        116          0          0   ROM Totals

==============================================================================

    Total RO  Size (Code + RO Data)                29720 (  29.02kB)
    Total RW  Size (RW Data + ZI Data)              2248 (   2.20kB)
    Total ROM Size (Code + RO Data + RW Data)      29836 (  29.14kB)

==============================================================================

