<html>
<body>
<pre>
<h1>礦ision Build Log</h1>
<h2>Tool Versions:</h2>
IDE-Version: μVision V5.24.2.0
Copyright (C) 2017 ARM Ltd and ARM Germany GmbH. All rights reserved.
License Information: 12 Lenovo, 21212, LIC=D0D7S-LI1KR-EVB1R-KT4GB-76GJJ-UFQ6R
 
Tool Versions:
Toolchain:       MDK-ARM Plus  Version: 5.24.1
Toolchain Path:  H:\keil5\ARM\ARMCC\Bin
C Compiler:      Armcc.exe V5.06 update 5 (build 528)
Assembler:       Armasm.exe V5.06 update 5 (build 528)
Linker/Locator:  ArmLink.exe V5.06 update 5 (build 528)
Library Manager: ArmAr.exe V5.06 update 5 (build 528)
Hex Converter:   FromElf.exe V5.06 update 5 (build 528)
CPU DLL:         SARMCM3.DLL V5.24.1
Dialog DLL:      DCM.DLL V1.16.0.0
Target DLL:      STLink\ST-LINKIII-KEIL_SWO.dll V3.0.1.0
Dialog DLL:      TCM.DLL V1.32.0.0
 
<h2>Project:</h2>
D:\onedrive\桌面\电位器无线传输数据\NRF24L01TX 电位器\USER\STM32_nrf24l01TX.uvproj
Project File Date:  07/12/2022

<h2>Output:</h2>
*** Using Compiler 'V5.06 update 5 (build 528)', folder: 'H:\keil5\ARM\ARMCC\Bin'
Build target 'STM32_nrf24l01TX'
assembling startup_stm32f10x_hd.s...
compiling core_cm3.c...
compiling stm32f10x_rcc.c...
compiling stm32f10x_gpio.c...
compiling stm32f10x_it.c...
compiling stm32f10x_exti.c...
compiling stm32f10x_usart.c...
compiling misc.c...
compiling system_stm32f10x.c...
compiling stm32f10x_tim.c...
compiling stm32f10x_adc.c...
compiling main.c...
compiling Delay.c...
compiling RCC.c...
compiling EXTI.c...
compiling ADC.c...
compiling LED.c...
compiling floatturn.c...
compiling Key.c...
compiling PWM.c...
compiling TIMx.c...
compiling nRF24L01.c...
compiling USART.c...
compiling AD.c...
compiling BUZZER.c...
compiling SPI_OLED.c...
linking...
Program Size: Code=34038 RO-data=4322 RW-data=92 ZI-data=2700  
FromELF: creating hex file...
"..\Output\STM32_nrf24l01TX.axf" - 0 Error(s), 0 Warning(s).
Build Time Elapsed:  00:00:03
</pre>
</body>
</html>
