Component: ARM Compiler 5.06 update 5 (build 528) Tool: armlink [4d35e2]

==============================================================================

Section Cross References

    main.o(.text) refers to misc.o(.text) for NVIC_PriorityGroupConfig
    main.o(.text) refers to delay.o(.text) for delay_init
    main.o(.text) refers to usart.o(.text) for uart_init
    main.o(.text) refers to led.o(.text) for LED_Init
    main.o(.text) refers to key.o(.text) for KEY_Init
    main.o(.text) refers to spi_oled.o(.text) for OLED12864_Init
    main.o(.text) refers to servo.o(.text) for Servo_Init
    main.o(.text) refers to nrf24l01.o(.text) for nRF24L01_Setup
    main.o(.text) refers to receieveturn.o(.text) for turn_charinto_float
    main.o(.text) refers to usmart_config.o(.data) for usmart_dev
    main.o(.text) refers to main.o(.data) for RxAddr
    main.o(.text) refers to main.o(.bss) for RXData
    stm32f10x_it.o(.text) refers to misc.o(.text) for NVIC_PriorityGroupConfig
    system_stm32f10x.o(.text) refers to system_stm32f10x.o(.data) for SystemCoreClock
    led.o(.text) refers to stm32f10x_rcc.o(.text) for RCC_APB2PeriphClockCmd
    led.o(.text) refers to stm32f10x_gpio.o(.text) for GPIO_Init
    key.o(.text) refers to stm32f10x_rcc.o(.text) for RCC_APB2PeriphClockCmd
    key.o(.text) refers to stm32f10x_gpio.o(.text) for GPIO_PinRemapConfig
    key.o(.text) refers to delay.o(.text) for delay_ms
    key.o(.text) refers to key.o(.data) for key_up
    lcd.o(.text) refers to _printf_percent.o(.ARM.Collect$$_printf_percent$$00000000) for _printf_percent
    lcd.o(.text) refers to _printf_x.o(.ARM.Collect$$_printf_percent$$0000000C) for _printf_x
    lcd.o(.text) refers to _printf_hex_int.o(.text) for _printf_longlong_hex
    lcd.o(.text) refers to delay.o(.text) for delay_us
    lcd.o(.text) refers to lcd.o(.bss) for lcddev
    lcd.o(.text) refers to dflt_clz.o(x$fpl$dfltu) for __aeabi_ui2d
    lcd.o(.text) refers to dmul.o(x$fpl$dmul) for __aeabi_dmul
    lcd.o(.text) refers to dfixu.o(x$fpl$dfixu) for __aeabi_d2uiz
    lcd.o(.text) refers to lcd.o(.data) for POINT_COLOR
    lcd.o(.text) refers to stm32f10x_rcc.o(.text) for RCC_APB2PeriphClockCmd
    lcd.o(.text) refers to stm32f10x_gpio.o(.text) for GPIO_PinRemapConfig
    lcd.o(.text) refers to __2printf.o(.text) for __2printf
    lcd.o(.text) refers to lcd.o(.constdata) for asc2_1206
    mpuiic.o(.text) refers to delay.o(.text) for delay_us
    mpuiic.o(.text) refers to stm32f10x_rcc.o(.text) for RCC_APB2PeriphClockCmd
    mpuiic.o(.text) refers to stm32f10x_gpio.o(.text) for GPIO_Init
    mpu6050.o(.text) refers to mpuiic.o(.text) for MPU_IIC_Start
    mpu6050.o(.text) refers to delay.o(.text) for delay_ms
    mpu6050.o(.text) refers to dflt_clz.o(x$fpl$dflt) for __aeabi_i2d
    mpu6050.o(.text) refers to ddiv.o(x$fpl$ddiv) for __aeabi_ddiv
    mpu6050.o(.text) refers to daddsub_clz.o(x$fpl$dadd) for __aeabi_dadd
    mpu6050.o(.text) refers to d2f.o(x$fpl$d2f) for __aeabi_d2f
    mpu6050.o(.text) refers to fmul.o(x$fpl$fmul) for __aeabi_fmul
    mpu6050.o(.text) refers to ffix.o(x$fpl$ffix) for __aeabi_f2iz
    inv_mpu_dmp_motion_driver.o(.text) refers to inv_mpu.o(.text) for mpu_load_firmware
    inv_mpu_dmp_motion_driver.o(.text) refers to inv_mpu_dmp_motion_driver.o(.constdata) for dmp_memory
    inv_mpu_dmp_motion_driver.o(.text) refers to inv_mpu_dmp_motion_driver.o(.bss) for dmp
    inv_mpu_dmp_motion_driver.o(.text) refers to fflt_clz.o(x$fpl$ffltu) for __aeabi_ui2f
    inv_mpu_dmp_motion_driver.o(.text) refers to fdiv.o(x$fpl$fdiv) for __aeabi_fdiv
    inv_mpu_dmp_motion_driver.o(.text) refers to fmul.o(x$fpl$fmul) for __aeabi_fmul
    inv_mpu_dmp_motion_driver.o(.text) refers to ffixu.o(x$fpl$ffixu) for __aeabi_f2uiz
    inv_mpu_dmp_motion_driver.o(.text) refers to aeabi_memset.o(.text) for __aeabi_memset
    inv_mpu.o(.text) refers to _printf_pad.o(.text) for _printf_pre_padding
    inv_mpu.o(.text) refers to _printf_percent.o(.ARM.Collect$$_printf_percent$$00000000) for _printf_percent
    inv_mpu.o(.text) refers to _printf_x.o(.ARM.Collect$$_printf_percent$$0000000C) for _printf_x
    inv_mpu.o(.text) refers to _printf_hex_int.o(.text) for _printf_longlong_hex
    inv_mpu.o(.text) refers to _printf_d.o(.ARM.Collect$$_printf_percent$$00000009) for _printf_d
    inv_mpu.o(.text) refers to _printf_dec.o(.text) for _printf_int_dec
    inv_mpu.o(.text) refers to mpu6050.o(.text) for MPU_Write_Len
    inv_mpu.o(.text) refers to __2printf.o(.text) for __2printf
    inv_mpu.o(.text) refers to delay.o(.text) for delay_ms
    inv_mpu.o(.text) refers to inv_mpu.o(.data) for st
    inv_mpu.o(.text) refers to fflt_clz.o(x$fpl$ffltu) for __aeabi_ui2f
    inv_mpu.o(.text) refers to fflt_clz.o(x$fpl$fflt) for __aeabi_i2f
    inv_mpu.o(.text) refers to faddsub_clz.o(x$fpl$fsub) for __aeabi_fsub
    inv_mpu.o(.text) refers to fdiv.o(x$fpl$fdiv) for __aeabi_fdiv
    inv_mpu.o(.text) refers to faddsub_clz.o(x$fpl$fadd) for __aeabi_fadd
[...]
    _get_lc_ctype                             - Undefined Weak Reference
    _get_lc_monetary                          - Undefined Weak Reference
    _get_lc_time                              - Undefined Weak Reference
    _getenv_init                              - Undefined Weak Reference
    _handle_redirection                       - Undefined Weak Reference
    _init_alloc                               - Undefined Weak Reference
    _init_user_alloc                          - Undefined Weak Reference
    _initio                                   - Undefined Weak Reference
    _mutex_acquire                            - Undefined Weak Reference
    _mutex_release                            - Undefined Weak Reference
    _printf_mbtowc                            - Undefined Weak Reference
    _printf_truncate_signed                   - Undefined Weak Reference
    _printf_truncate_unsigned                 - Undefined Weak Reference
    _rand_init                                - Undefined Weak Reference
    _signal_finish                            - Undefined Weak Reference
    _signal_init                              - Undefined Weak Reference
    _terminate_alloc                          - Undefined Weak Reference
    _terminate_user_alloc                     - Undefined Weak Reference
    _terminateio                              - Undefined Weak Reference
    __Vectors_Size                           0x00000130   Number         0  startup_stm32f10x_hd.o ABSOLUTE
    __Vectors                                0x08000000   Data           4  startup_stm32f10x_hd.o(RESET)
    __Vectors_End                            0x08000130   Data           0  startup_stm32f10x_hd.o(RESET)
    __main                                   0x08000131   Thumb Code     8  __main.o(!!!main)
    __scatterload                            0x08000139   Thumb Code     0  __scatter.o(!!!scatter)
    __scatterload_rt2                        0x08000139   Thumb Code    44  __scatter.o(!!!scatter)
    __scatterload_rt2_thumb_only             0x08000139   Thumb Code     0  __scatter.o(!!!scatter)
    __scatterload_null                       0x08000147   Thumb Code     0  __scatter.o(!!!scatter)
    __decompress                             0x0800016d   Thumb Code    90  __dczerorl2.o(!!dczerorl2)
    __decompress1                            0x0800016d   Thumb Code     0  __dczerorl2.o(!!dczerorl2)
    __scatterload_zeroinit                   0x080001c9   Thumb Code    28  __scatter_zi.o(!!handler_zi)
    _printf_f                                0x080001e5   Thumb Code     0  _printf_f.o(.ARM.Collect$$_printf_percent$$00000003)
    _printf_percent                          0x080001e5   Thumb Code     0  _printf_percent.o(.ARM.Collect$$_printf_percent$$00000000)
    _printf_d                                0x080001eb   Thumb Code     0  _printf_d.o(.ARM.Collect$$_printf_percent$$00000009)
    _printf_u                                0x080001f1   Thumb Code     0  _printf_u.o(.ARM.Collect$$_printf_percent$$0000000A)
    _printf_x                                0x080001f7   Thumb Code     0  _printf_x.o(.ARM.Collect$$_printf_percent$$0000000C)
    _printf_c                                0x080001fd   Thumb Code     0  _printf_c.o(.ARM.Collect$$_printf_percent$$00000013)
    _printf_s                                0x08000203   Thumb Code     0  _printf_s.o(.ARM.Collect$$_printf_percent$$00000014)
    _printf_percent_end                      0x08000209   Thumb Code     0  _printf_percent_end.o(.ARM.Collect$$_printf_percent$$00000017)
    __rt_lib_init                            0x0800020d   Thumb Code     0  libinit.o(.ARM.Collect$$libinit$$00000000)
    __rt_lib_init_fp_1                       0x0800020f   Thumb Code     0  libinit2.o(.ARM.Collect$$libinit$$00000002)
    __rt_lib_init_heap_1                     0x0800020f   Thumb Code     0  libinit2.o(.ARM.Collect$$libinit$$0000000A)
    __rt_lib_init_lc_common                  0x0800020f   Thumb Code     0  libinit2.o(.ARM.Collect$$libinit$$0000000F)
    __rt_lib_init_preinit_1                  0x0800020f   Thumb Code     0  libinit2.o(.ARM.Collect$$libinit$$00000004)
    __rt_lib_init_rand_1                     0x0800020f   Thumb Code     0  libinit2.o(.ARM.Collect$$libinit$$0000000E)
    __rt_lib_init_user_alloc_1               0x0800020f   Thumb Code     0  libinit2.o(.ARM.Collect$$libinit$$0000000C)
    __rt_lib_init_lc_collate_1               0x08000215   Thumb Code     0  libinit2.o(.ARM.Collect$$libinit$$00000011)
    __rt_lib_init_lc_ctype_1                 0x08000215   Thumb Code     0  libinit2.o(.ARM.Collect$$libinit$$00000013)
    __rt_lib_init_lc_monetary_1              0x08000215   Thumb Code     0  libinit2.o(.ARM.Collect$$libinit$$00000015)
    __rt_lib_init_lc_numeric_2               0x08000215   Thumb Code     0  libinit2.o(.ARM.Collect$$libinit$$00000016)
    __rt_lib_init_alloca_1                   0x0800021f   Thumb Code     0  libinit2.o(.ARM.Collect$$libinit$$0000002E)
    __rt_lib_init_argv_1                     0x0800021f   Thumb Code     0  libinit2.o(.ARM.Collect$$libinit$$0000002C)
    __rt_lib_init_atexit_1                   0x0800021f   Thumb Code     0  libinit2.o(.ARM.Collect$$libinit$$0000001B)
    __rt_lib_init_clock_1                    0x0800021f   Thumb Code     0  libinit2.o(.ARM.Collect$$libinit$$00000021)
    __rt_lib_init_cpp_1                      0x0800021f   Thumb Code     0  libinit2.o(.ARM.Collect$$libinit$$00000032)
    __rt_lib_init_exceptions_1               0x0800021f   Thumb Code     0  libinit2.o(.ARM.Collect$$libinit$$00000030)
    __rt_lib_init_fp_trap_1                  0x0800021f   Thumb Code     0  libinit2.o(.ARM.Collect$$libinit$$0000001F)
    __rt_lib_init_getenv_1                   0x0800021f   Thumb Code     0  libinit2.o(.ARM.Collect$$libinit$$00000023)
    __rt_lib_init_lc_numeric_1               0x0800021f   Thumb Code     0  libinit2.o(.ARM.Collect$$libinit$$00000017)
    __rt_lib_init_lc_time_1                  0x0800021f   Thumb Code     0  libinit2.o(.ARM.Collect$$libinit$$00000019)
    __rt_lib_init_return                     0x0800021f   Thumb Code     0  libinit2.o(.ARM.Collect$$libinit$$00000033)
    __rt_lib_init_signal_1                   0x0800021f   Thumb Code     0  libinit2.o(.ARM.Collect$$libinit$$0000001D)
    __rt_lib_init_stdio_1                    0x0800021f   Thumb Code     0  libinit2.o(.ARM.Collect$$libinit$$00000025)
    __rt_lib_shutdown                        0x08000221   Thumb Code     0  libshutdown.o(.ARM.Collect$$libshutdown$$00000000)
    __rt_lib_shutdown_cpp_1                  0x08000223   Thumb Code     0  libshutdown2.o(.ARM.Collect$$libshutdown$$00000002)
    __rt_lib_shutdown_fp_trap_1              0x08000223   Thumb Code     0  libshutdown2.o(.ARM.Collect$$libshutdown$$00000007)
    __rt_lib_shutdown_heap_1                 0x08000223   Thumb Code     0  libshutdown2.o(.ARM.Collect$$libshutdown$$0000000F)
    __rt_lib_shutdown_return                 0x08000223   Thumb Code     0  libshutdown2.o(.ARM.Collect$$libshutdown$$00000010)
    __rt_lib_shutdown_signal_1               0x08000223   Thumb Code     0  libshutdown2.o(.ARM.Collect$$libshutdown$$0000000A)
    __rt_lib_shutdown_stdio_1                0x08000223   Thumb Code     0  libshutdown2.o(.ARM.Collect$$libshutdown$$00000004)
    __rt_lib_shutdown_user_alloc_1           0x08000223   Thumb Code     0  libshutdown2.o(.ARM.Collect$$libshutdown$$0000000C)
    __rt_entry                               0x08000225   Thumb Code     0  __rtentry.o(.ARM.Collect$$rtentry$$00000000)
    __rt_entry_presh_1                       0x08000225   Thumb Code     0  __rtentry2.o(.ARM.Collect$$rtentry$$00000002)
    __rt_entry_sh                            0x08000225   Thumb Code     0  __rtentry4.o(.ARM.Collect$$rtentry$$00000004)
    __rt_entry_li                            0x0800022b   Thumb Code     0  __rtentry2.o(.ARM.Collect$$rtentry$$0000000A)
    __rt_entry_postsh_1                      0x0800022b   Thumb Code     0  __rtentry2.o(.ARM.Collect$$rtentry$$00000009)
    __rt_entry_main                          0x0800022f   Thumb Code     0  __rtentry2.o(.ARM.Collect$$rtentry$$0000000D)
    __rt_entry_postli_1                      0x0800022f   Thumb Code     0  __rtentry2.o(.ARM.Collect$$rtentry$$0000000C)
    __rt_exit                                0x08000237   Thumb Code     0  rtexit.o(.ARM.Collect$$rtexit$$00000000)
    __rt_exit_ls                             0x08000239   Thumb Code     0  rtexit2.o(.ARM.Collect$$rtexit$$00000003)
    __rt_exit_prels_1                        0x08000239   Thumb Code     0  rtexit2.o(.ARM.Collect$$rtexit$$00000002)
    __rt_exit_exit                           0x0800023d   Thumb Code     0  rtexit2.o(.ARM.Collect$$rtexit$$00000004)
    main                                     0x08000245   Thumb Code   256  main.o(.text)
    NVIC_Configuration                       0x08000379   Thumb Code   602  stm32f10x_it.o(.text)
    NMI_Handler                              0x080005d3   Thumb Code     2  stm32f10x_it.o(.text)
    HardFault_Handler                        0x080005d5   Thumb Code     4  stm32f10x_it.o(.text)
    MemManage_Handler                        0x080005d9   Thumb Code     4  stm32f10x_it.o(.text)
    BusFault_Handler                         0x080005dd   Thumb Code     4  stm32f10x_it.o(.text)
    UsageFault_Handler                       0x080005e1   Thumb Code     4  stm32f10x_it.o(.text)
    SVC_Handler                              0x080005e5   Thumb Code     2  stm32f10x_it.o(.text)
    DebugMon_Handler                         0x080005e7   Thumb Code     2  stm32f10x_it.o(.text)
    PendSV_Handler                           0x080005e9   Thumb Code     2  stm32f10x_it.o(.text)
    SysTick_Handler                          0x080005eb   Thumb Code     2  stm32f10x_it.o(.text)
    SystemInit                               0x080006cb   Thumb Code    78  system_stm32f10x.o(.text)
    SystemCoreClockUpdate                    0x08000719   Thumb Code   142  system_stm32f10x.o(.text)
    LED_Init                                 0x080007cd   Thumb Code    72  led.o(.text)
    KEY_Init                                 0x0800081d   Thumb Code    82  key.o(.text)
    KEY_Scan                                 0x0800086f   Thumb Code   154  key.o(.text)
    MPU_IIC_Delay                            0x08000919   Thumb Code    10  mpuiic.o(.text)
    MPU_IIC_Init                             0x08000923   Thumb Code    50  mpuiic.o(.text)
    MPU_IIC_Start                            0x08000955   Thumb Code    60  mpuiic.o(.text)
    MPU_IIC_Stop                             0x08000991   Thumb Code    62  mpuiic.o(.text)
    MPU_IIC_Wait_Ack                         0x080009cf   Thumb Code    86  mpuiic.o(.text)
    MPU_IIC_Ack                              0x08000a25   Thumb Code    66  mpuiic.o(.text)
    MPU_IIC_NAck                             0x08000a67   Thumb Code    66  mpuiic.o(.text)
    MPU_IIC_Send_Byte                        0x08000aa9   Thumb Code    82  mpuiic.o(.text)
    MPU_IIC_Read_Byte                        0x08000afb   Thumb Code    96  mpuiic.o(.text)
    MPU_Write_Byte                           0x08000b69   Thumb Code    68  mpu6050.o(.text)
    MPU_Set_LPF                              0x08000bad   Thumb Code    58  mpu6050.o(.text)
    MPU_Set_Rate                             0x08000be7   Thumb Code    58  mpu6050.o(.text)
    MPU_Read_Byte                            0x08000c21   Thumb Code    58  mpu6050.o(.text)
    MPU_Set_Accel_Fsr                        0x08000c5b   Thumb Code    16  mpu6050.o(.text)
    MPU_Set_Gyro_Fsr                         0x08000c6b   Thumb Code    16  mpu6050.o(.text)
    MPU_Init                                 0x08000c7b   Thumb Code   122  mpu6050.o(.text)
    MPU_Read_Len                             0x08000cf5   Thumb Code   116  mpu6050.o(.text)
    MPU_Get_Temperature                      0x08000d69   Thumb Code    86  mpu6050.o(.text)
    MPU_Get_Gyroscope                        0x08000dbf   Thumb Code    80  mpu6050.o(.text)
    MPU_Get_Accelerometer                    0x08000e0f   Thumb Code    80  mpu6050.o(.text)
    MPU_Write_Len                            0x08000e5f   Thumb Code    96  mpu6050.o(.text)
    OLED12864_IoInit                         0x08000ed1   Thumb Code   230  spi_oled.o(.text)
    OLED12864_SendByte                       0x08000fb7   Thumb Code    64  spi_oled.o(.text)
    OLED12864_SendCom                        0x08000ff7   Thumb Code    42  spi_oled.o(.text)
    OLED12864_SendData                       0x08001021   Thumb Code    42  spi_oled.o(.text)
    Location                                 0x0800104b   Thumb Code    36  spi_oled.o(.text)
    RefreshAll                               0x0800106f   Thumb Code    56  spi_oled.o(.text)
    ClearAllBuf                              0x080010a7   Thumb Code    36  spi_oled.o(.text)
    OLED12864_Clean                          0x080010cb   Thumb Code    12  spi_oled.o(.text)
    OLED12864_Init                           0x080010d7   Thumb Code   240  spi_oled.o(.text)
    OLED12864_TurnBias                       0x080011c7   Thumb Code    18  spi_oled.o(.text)
    OLED12864_Location                       0x080011d9   Thumb Code    20  spi_oled.o(.text)
    Refresh                                  0x080011ed   Thumb Code   106  spi_oled.o(.text)
    ClearPointofBuf                          0x08001257   Thumb Code    76  spi_oled.o(.text)
    WriteBytetoBuf                           0x080012a3   Thumb Code   170  spi_oled.o(.text)
    WriteRevBytetoBuf                        0x0800134d   Thumb Code   186  spi_oled.o(.text)
    ClearBuf                                 0x08001407   Thumb Code    64  spi_oled.o(.text)
    ClearArea                                0x08001447   Thumb Code    40  spi_oled.o(.text)
    WriteChartoBuf                           0x0800146f   Thumb Code    38  spi_oled.o(.text)
    WriteRevChartoBuf                        0x08001495   Thumb Code    42  spi_oled.o(.text)
    OLED12864_DisChar                        0x080014bf   Thumb Code    52  spi_oled.o(.text)
    OLED12864_DisOneChar                     0x080014f3   Thumb Code    90  spi_oled.o(.text)
    WriteStrtoBuf                            0x0800154d   Thumb Code    30  spi_oled.o(.text)
    WriteRevStrtoBuf                         0x0800156b   Thumb Code    30  spi_oled.o(.text)
    OLED12864_DisStr                         0x08001589   Thumb Code    86  spi_oled.o(.text)
    OLED12864_DisRevStr                      0x080015df   Thumb Code    58  spi_oled.o(.text)
    OLED12864_Format1                        0x08001619   Thumb Code    58  spi_oled.o(.text)
    OLED12864_Format2                        0x08001653   Thumb Code    58  spi_oled.o(.text)
    OLED12864_Format3                        0x0800168d   Thumb Code    58  spi_oled.o(.text)
    OLED12864_Format4                        0x080016c7   Thumb Code   118  spi_oled.o(.text)
    OLED12864_Format5                        0x0800173d   Thumb Code    60  spi_oled.o(.text)
    WriteBigChar                             0x08001779   Thumb Code    80  spi_oled.o(.text)
    WriteBigRevChar                          0x080017c9   Thumb Code    92  spi_oled.o(.text)
    OLED12864_DisBigChar                     0x08001825   Thumb Code    52  spi_oled.o(.text)
    WriteBigStr                              0x08001859   Thumb Code    54  spi_oled.o(.text)
    Write6BigStr                             0x0800188f   Thumb Code    52  spi_oled.o(.text)
    OLED12864_DisOneBigChar                  0x080018c3   Thumb Code    90  spi_oled.o(.text)
    OLED12864_DisBigStr                      0x0800191d   Thumb Code    86  spi_oled.o(.text)
    OLED12864_DisBigStr1                     0x08001973   Thumb Code    76  spi_oled.o(.text)
    OLED12864_BigFormat1                     0x080019bf   Thumb Code    60  spi_oled.o(.text)
    OLED12864_BigFormat2                     0x080019fb   Thumb Code    58  spi_oled.o(.text)
    OLED12864_BigFormat3                     0x08001a35   Thumb Code    68  spi_oled.o(.text)
    OLED12864_BigFormat4                     0x08001a79   Thumb Code    68  spi_oled.o(.text)
    OLED12864_BigFormat5                     0x08001abd   Thumb Code    58  spi_oled.o(.text)
    WriteBigCh                               0x08001af7   Thumb Code   104  spi_oled.o(.text)
    OLED12864_DisBigCh                       0x08001b5f   Thumb Code    86  spi_oled.o(.text)
    OLED12864_DisBigChs                      0x08001bb5   Thumb Code    84  spi_oled.o(.text)
    WriteLargeChar                           0x08001c09   Thumb Code    80  spi_oled.o(.text)
    WriteLargeRevChar                        0x08001c59   Thumb Code    88  spi_oled.o(.text)
    OLED12864_DisLargeChar                   0x08001cb1   Thumb Code    52  spi_oled.o(.text)
    WriteLargeStr                            0x08001ce5   Thumb Code    54  spi_oled.o(.text)
    OLED12864_DisLargeStr                    0x08001d1b   Thumb Code    86  spi_oled.o(.text)
    OLED12864_LargeFormat1                   0x08001d71   Thumb Code    60  spi_oled.o(.text)
    OLED12864_LargeFormat2                   0x08001dad   Thumb Code    70  spi_oled.o(.text)
    WriteLargeCh                             0x08001df3   Thumb Code   100  spi_oled.o(.text)
    OLED12864_DisLargeCh                     0x08001e57   Thumb Code    40  spi_oled.o(.text)
    OLED12864_DisLargeChStr                  0x08001e7f   Thumb Code    72  spi_oled.o(.text)
    CharAbs                                  0x08001ec7   Thumb Code    16  spi_oled.o(.text)
    Swap                                     0x08001ed7   Thumb Code    10  spi_oled.o(.text)
    WritePoint                               0x08001ee1   Thumb Code    52  spi_oled.o(.text)
    DisPoint                                 0x08001f15   Thumb Code    28  spi_oled.o(.text)
    Min                                      0x08001f31   Thumb Code    14  spi_oled.o(.text)
    GetUnitAdd                               0x08001f3f   Thumb Code    24  spi_oled.o(.text)
    WriteLine                                0x08001f97   Thumb Code   210  spi_oled.o(.text)
    OLED12864_DisLine                        0x08002069   Thumb Code    88  spi_oled.o(.text)
    OLED12864_DisPolyline                    0x080020c1   Thumb Code    56  spi_oled.o(.text)
    OLED12864_DisSqu                         0x080020f9   Thumb Code   130  spi_oled.o(.text)
    OLED12864_DisCircle                      0x0800217b   Thumb Code   212  spi_oled.o(.text)
    OLED12864_DisBmp                         0x0800224f   Thumb Code   300  spi_oled.o(.text)
    OLED12864_DisPower                       0x0800237b   Thumb Code   318  spi_oled.o(.text)
    OLED12864_DisThro                        0x080024b9   Thumb Code   234  spi_oled.o(.text)
    IOInit                                   0x080025a5   Thumb Code   236  nrf24l01.o(.text)
    SPI_ExchangeByte                         0x08002691   Thumb Code    82  nrf24l01.o(.text)
    GetCEStatus                              0x080026e3   Thumb Code     6  nrf24l01.o(.text)
    SetCE                                    0x080026e9   Thumb Code    42  nrf24l01.o(.text)
    ReadSingleReg                            0x08002713   Thumb Code    42  nrf24l01.o(.text)
    WriteSingleReg                           0x0800273d   Thumb Code    60  nrf24l01.o(.text)
    WriteMultiReg                            0x08002779   Thumb Code    78  nrf24l01.o(.text)
    ReadMultiReg                             0x080027c7   Thumb Code    60  nrf24l01.o(.text)
    FlushTX                                  0x08002803   Thumb Code    30  nrf24l01.o(.text)
    FlushRX                                  0x08002821   Thumb Code    30  nrf24l01.o(.text)
    Nopp                                     0x0800283f   Thumb Code    30  nrf24l01.o(.text)
    ClearIRQ                                 0x0800285d   Thumb Code    48  nrf24l01.o(.text)
    ReadIRQSource                            0x0800288d   Thumb Code    14  nrf24l01.o(.text)
    SetTXAddr                                0x0800289b   Thumb Code    30  nrf24l01.o(.text)
    SetRXAddr                                0x080028b9   Thumb Code    52  nrf24l01.o(.text)
    WriteTXPayload                           0x080028ed   Thumb Code    72  nrf24l01.o(.text)
    nRF24L01_InitNoAck                       0x08002935   Thumb Code    88  nrf24l01.o(.text)
    nRF24L01_InitAck                         0x0800298d   Thumb Code   106  nrf24l01.o(.text)
    SetPipe0Length                           0x080029f7   Thumb Code    32  nrf24l01.o(.text)
    SetFrequency                             0x08002a17   Thumb Code    20  nrf24l01.o(.text)
    SetPower                                 0x08002a2b   Thumb Code    22  nrf24l01.o(.text)
    SetTxMode                                0x08002a41   Thumb Code    24  nrf24l01.o(.text)
    SetRxMode                                0x08002a59   Thumb Code    24  nrf24l01.o(.text)
    nRF24L01_TxDat                           0x08002a71   Thumb Code    92  nrf24l01.o(.text)
    nRF24L01_TxDat2                          0x08002acd   Thumb Code    92  nrf24l01.o(.text)
    nRF24L01_RxDat                           0x08002b29   Thumb Code    86  nrf24l01.o(.text)
    nRF24L01_RxDat2                          0x08002b7f   Thumb Code    86  nrf24l01.o(.text)
    nRF24L01_Test                            0x08002bd5   Thumb Code    22  nrf24l01.o(.text)
    nRF24L01_Setup                           0x08002beb   Thumb Code    58  nrf24l01.o(.text)
    GetIRQStatus                             0x08002c25   Thumb Code    54  nrf24l01.o(.text)
    WaitingRX                                0x08002c5b   Thumb Code    10  nrf24l01.o(.text)
    nRF24L01_Debug                           0x08002c65   Thumb Code   484  nrf24l01.o(.text)
    turn_charinto_float                      0x08002eb5   Thumb Code   268  receieveturn.o(.text)
    PWM_Init                                 0x08002fc9   Thumb Code   196  pwm.o(.text)
    PWM_SetCompare1                          0x0800308d   Thumb Code    14  pwm.o(.text)
    PWM_SetCompare2                          0x0800309b   Thumb Code    14  pwm.o(.text)
    PWM_SetCompare3                          0x080030a9   Thumb Code    14  pwm.o(.text)
    PWM_SetCompare4                          0x080030b7   Thumb Code    14  pwm.o(.text)
    Servo_Init                               0x080030d1   Thumb Code     8  servo.o(.text)
    Servo_SetAngle1                          0x080030d9   Thumb Code    48  servo.o(.text)
    Servo_SetAngle2                          0x08003109   Thumb Code    48  servo.o(.text)
    Servo_SetAngle3                          0x08003139   Thumb Code    48  servo.o(.text)
    Servo_SetAngle4                          0x08003169   Thumb Code    48  servo.o(.text)
    delay_init                               0x080031a5   Thumb Code    50  delay.o(.text)
    delay_us                                 0x080031d7   Thumb Code    72  delay.o(.text)
    delay_ms                                 0x0800321f   Thumb Code    72  delay.o(.text)
    _sys_exit                                0x08003279   Thumb Code     6  usart.o(.text)
    fputc                                    0x0800327f   Thumb Code    24  usart.o(.text)
    uart_init                                0x08003297   Thumb Code   152  usart.o(.text)
    USART1_IRQHandler                        0x0800332f   Thumb Code   122  usart.o(.text)
    Reset_Handler                            0x080033b9   Thumb Code     8  startup_stm32f10x_hd.o(.text)
    ADC1_2_IRQHandler                        0x080033d3   Thumb Code     0  startup_stm32f10x_hd.o(.text)
    ADC3_IRQHandler                          0x080033d3   Thumb Code     0  startup_stm32f10x_hd.o(.text)
    CAN1_RX1_IRQHandler                      0x080033d3   Thumb Code     0  startup_stm32f10x_hd.o(.text)
    CAN1_SCE_IRQHandler                      0x080033d3   Thumb Code     0  startup_stm32f10x_hd.o(.text)
    DMA1_Channel1_IRQHandler                 0x080033d3   Thumb Code     0  startup_stm32f10x_hd.o(.text)
    DMA1_Channel2_IRQHandler                 0x080033d3   Thumb Code     0  startup_stm32f10x_hd.o(.text)
    DMA1_Channel3_IRQHandler                 0x080033d3   Thumb Code     0  startup_stm32f10x_hd.o(.text)
    DMA1_Channel4_IRQHandler                 0x080033d3   Thumb Code     0  startup_stm32f10x_hd.o(.text)
    DMA1_Channel5_IRQHandler                 0x080033d3   Thumb Code     0  startup_stm32f10x_hd.o(.text)
    DMA1_Channel6_IRQHandler                 0x080033d3   Thumb Code     0  startup_stm32f10x_hd.o(.text)
    DMA1_Channel7_IRQHandler                 0x080033d3   Thumb Code     0  startup_stm32f10x_hd.o(.text)
    DMA2_Channel1_IRQHandler                 0x080033d3   Thumb Code     0  startup_stm32f10x_hd.o(.text)
    DMA2_Channel2_IRQHandler                 0x080033d3   Thumb Code     0  startup_stm32f10x_hd.o(.text)
    DMA2_Channel3_IRQHandler                 0x080033d3   Thumb Code     0  startup_stm32f10x_hd.o(.text)
    DMA2_Channel4_5_IRQHandler               0x080033d3   Thumb Code     0  startup_stm32f10x_hd.o(.text)
    EXTI0_IRQHandler                         0x080033d3   Thumb Code     0  startup_stm32f10x_hd.o(.text)
    EXTI15_10_IRQHandler                     0x080033d3   Thumb Code     0  startup_stm32f10x_hd.o(.text)
    EXTI1_IRQHandler                         0x080033d3   Thumb Code     0  startup_stm32f10x_hd.o(.text)
    EXTI2_IRQHandler                         0x080033d3   Thumb Code     0  startup_stm32f10x_hd.o(.text)
    EXTI3_IRQHandler                         0x080033d3   Thumb Code     0  startup_stm32f10x_hd.o(.text)
    EXTI4_IRQHandler                         0x080033d3   Thumb Code     0  startup_stm32f10x_hd.o(.text)
    EXTI9_5_IRQHandler                       0x080033d3   Thumb Code     0  startup_stm32f10x_hd.o(.text)
    FLASH_IRQHandler                         0x080033d3   Thumb Code     0  startup_stm32f10x_hd.o(.text)
    FSMC_IRQHandler                          0x080033d3   Thumb Code     0  startup_stm32f10x_hd.o(.text)
    I2C1_ER_IRQHandler                       0x080033d3   Thumb Code     0  startup_stm32f10x_hd.o(.text)
    I2C1_EV_IRQHandler                       0x080033d3   Thumb Code     0  startup_stm32f10x_hd.o(.text)
    I2C2_ER_IRQHandler                       0x080033d3   Thumb Code     0  startup_stm32f10x_hd.o(.text)
    I2C2_EV_IRQHandler                       0x080033d3   Thumb Code     0  startup_stm32f10x_hd.o(.text)
    PVD_IRQHandler                           0x080033d3   Thumb Code     0  startup_stm32f10x_hd.o(.text)
    RCC_IRQHandler                           0x080033d3   Thumb Code     0  startup_stm32f10x_hd.o(.text)
    RTCAlarm_IRQHandler                      0x080033d3   Thumb Code     0  startup_stm32f10x_hd.o(.text)
    RTC_IRQHandler                           0x080033d3   Thumb Code     0  startup_stm32f10x_hd.o(.text)
    SDIO_IRQHandler                          0x080033d3   Thumb Code     0  startup_stm32f10x_hd.o(.text)
    SPI1_IRQHandler                          0x080033d3   Thumb Code     0  startup_stm32f10x_hd.o(.text)
    SPI2_IRQHandler                          0x080033d3   Thumb Code     0  startup_stm32f10x_hd.o(.text)
    SPI3_IRQHandler                          0x080033d3   Thumb Code     0  startup_stm32f10x_hd.o(.text)
    TAMPER_IRQHandler                        0x080033d3   Thumb Code     0  startup_stm32f10x_hd.o(.text)
    TIM1_BRK_IRQHandler                      0x080033d3   Thumb Code     0  startup_stm32f10x_hd.o(.text)
    TIM1_CC_IRQHandler                       0x080033d3   Thumb Code     0  startup_stm32f10x_hd.o(.text)
    TIM1_TRG_COM_IRQHandler                  0x080033d3   Thumb Code     0  startup_stm32f10x_hd.o(.text)
    TIM1_UP_IRQHandler                       0x080033d3   Thumb Code     0  startup_stm32f10x_hd.o(.text)
    TIM2_IRQHandler                          0x080033d3   Thumb Code     0  startup_stm32f10x_hd.o(.text)
    TIM3_IRQHandler                          0x080033d3   Thumb Code     0  startup_stm32f10x_hd.o(.text)
    TIM5_IRQHandler                          0x080033d3   Thumb Code     0  startup_stm32f10x_hd.o(.text)
    TIM6_IRQHandler                          0x080033d3   Thumb Code     0  startup_stm32f10x_hd.o(.text)
    TIM7_IRQHandler                          0x080033d3   Thumb Code     0  startup_stm32f10x_hd.o(.text)
    TIM8_BRK_IRQHandler                      0x080033d3   Thumb Code     0  startup_stm32f10x_hd.o(.text)
    TIM8_CC_IRQHandler                       0x080033d3   Thumb Code     0  startup_stm32f10x_hd.o(.text)
    TIM8_TRG_COM_IRQHandler                  0x080033d3   Thumb Code     0  startup_stm32f10x_hd.o(.text)
    TIM8_UP_IRQHandler                       0x080033d3   Thumb Code     0  startup_stm32f10x_hd.o(.text)
    UART4_IRQHandler                         0x080033d3   Thumb Code     0  startup_stm32f10x_hd.o(.text)
    UART5_IRQHandler                         0x080033d3   Thumb Code     0  startup_stm32f10x_hd.o(.text)
    USART2_IRQHandler                        0x080033d3   Thumb Code     0  startup_stm32f10x_hd.o(.text)
    USART3_IRQHandler                        0x080033d3   Thumb Code     0  startup_stm32f10x_hd.o(.text)
    USBWakeUp_IRQHandler                     0x080033d3   Thumb Code     0  startup_stm32f10x_hd.o(.text)
    USB_HP_CAN1_TX_IRQHandler                0x080033d3   Thumb Code     0  startup_stm32f10x_hd.o(.text)
    USB_LP_CAN1_RX0_IRQHandler               0x080033d3   Thumb Code     0  startup_stm32f10x_hd.o(.text)
    WWDG_IRQHandler                          0x080033d3   Thumb Code     0  startup_stm32f10x_hd.o(.text)
    __user_initial_stackheap                 0x080033d5   Thumb Code     0  startup_stm32f10x_hd.o(.text)
    GPIO_DeInit                              0x080033f9   Thumb Code   172  stm32f10x_gpio.o(.text)
    GPIO_AFIODeInit                          0x080034a5   Thumb Code    20  stm32f10x_gpio.o(.text)
    GPIO_Init                                0x080034b9   Thumb Code   278  stm32f10x_gpio.o(.text)
    GPIO_StructInit                          0x080035cf   Thumb Code    16  stm32f10x_gpio.o(.text)
    GPIO_ReadInputDataBit                    0x080035df   Thumb Code    18  stm32f10x_gpio.o(.text)
    GPIO_ReadInputData                       0x080035f1   Thumb Code     8  stm32f10x_gpio.o(.text)
    GPIO_ReadOutputDataBit                   0x080035f9   Thumb Code    18  stm32f10x_gpio.o(.text)
    GPIO_ReadOutputData                      0x0800360b   Thumb Code     8  stm32f10x_gpio.o(.text)
    GPIO_SetBits                             0x08003613   Thumb Code     4  stm32f10x_gpio.o(.text)
    GPIO_ResetBits                           0x08003617   Thumb Code     4  stm32f10x_gpio.o(.text)
    GPIO_WriteBit                            0x0800361b   Thumb Code    10  stm32f10x_gpio.o(.text)
    GPIO_Write                               0x08003625   Thumb Code     4  stm32f10x_gpio.o(.text)
    GPIO_PinLockConfig                       0x08003629   Thumb Code    18  stm32f10x_gpio.o(.text)
    GPIO_EventOutputConfig                   0x0800363b   Thumb Code    26  stm32f10x_gpio.o(.text)
    GPIO_EventOutputCmd                      0x08003655   Thumb Code     6  stm32f10x_gpio.o(.text)
    GPIO_PinRemapConfig                      0x0800365b   Thumb Code   138  stm32f10x_gpio.o(.text)
    GPIO_EXTILineConfig                      0x080036e5   Thumb Code    66  stm32f10x_gpio.o(.text)
    GPIO_ETH_MediaInterfaceConfig            0x08003727   Thumb Code     8  stm32f10x_gpio.o(.text)
    RCC_DeInit                               0x08003755   Thumb Code    64  stm32f10x_rcc.o(.text)
    RCC_HSEConfig                            0x08003795   Thumb Code    70  stm32f10x_rcc.o(.text)
    RCC_GetFlagStatus                        0x080037db   Thumb Code    56  stm32f10x_rcc.o(.text)
    RCC_WaitForHSEStartUp                    0x08003813   Thumb Code    56  stm32f10x_rcc.o(.text)
    RCC_AdjustHSICalibrationValue            0x0800384b   Thumb Code    20  stm32f10x_rcc.o(.text)
    RCC_HSICmd                               0x0800385f   Thumb Code     6  stm32f10x_rcc.o(.text)
    RCC_PLLConfig                            0x08003865   Thumb Code    24  stm32f10x_rcc.o(.text)
    RCC_PLLCmd                               0x0800387d   Thumb Code     6  stm32f10x_rcc.o(.text)
    RCC_SYSCLKConfig                         0x08003883   Thumb Code    18  stm32f10x_rcc.o(.text)
    RCC_GetSYSCLKSource                      0x08003895   Thumb Code    10  stm32f10x_rcc.o(.text)
    RCC_HCLKConfig                           0x0800389f   Thumb Code    18  stm32f10x_rcc.o(.text)
    RCC_PCLK1Config                          0x080038b1   Thumb Code    18  stm32f10x_rcc.o(.text)
    RCC_PCLK2Config                          0x080038c3   Thumb Code    20  stm32f10x_rcc.o(.text)
    RCC_ITConfig                             0x080038d7   Thumb Code    26  stm32f10x_rcc.o(.text)
    RCC_USBCLKConfig                         0x080038f1   Thumb Code     8  stm32f10x_rcc.o(.text)
    RCC_ADCCLKConfig                         0x080038f9   Thumb Code    18  stm32f10x_rcc.o(.text)
    RCC_LSEConfig                            0x0800390b   Thumb Code    50  stm32f10x_rcc.o(.text)
    RCC_LSICmd                               0x0800393d   Thumb Code     6  stm32f10x_rcc.o(.text)
    RCC_RTCCLKConfig                         0x08003943   Thumb Code    12  stm32f10x_rcc.o(.text)
    RCC_RTCCLKCmd                            0x0800394f   Thumb Code     8  stm32f10x_rcc.o(.text)
    RCC_GetClocksFreq                        0x08003957   Thumb Code   192  stm32f10x_rcc.o(.text)
    RCC_AHBPeriphClockCmd                    0x08003a17   Thumb Code    26  stm32f10x_rcc.o(.text)
    RCC_APB2PeriphClockCmd                   0x08003a31   Thumb Code    26  stm32f10x_rcc.o(.text)
    RCC_APB1PeriphClockCmd                   0x08003a4b   Thumb Code    26  stm32f10x_rcc.o(.text)
    RCC_APB2PeriphResetCmd                   0x08003a65   Thumb Code    26  stm32f10x_rcc.o(.text)
    RCC_APB1PeriphResetCmd                   0x08003a7f   Thumb Code    26  stm32f10x_rcc.o(.text)
    RCC_BackupResetCmd                       0x08003a99   Thumb Code     8  stm32f10x_rcc.o(.text)
    RCC_ClockSecuritySystemCmd               0x08003aa1   Thumb Code     6  stm32f10x_rcc.o(.text)
    RCC_MCOConfig                            0x08003aa7   Thumb Code     6  stm32f10x_rcc.o(.text)
    RCC_ClearFlag                            0x08003aad   Thumb Code    14  stm32f10x_rcc.o(.text)
    RCC_GetITStatus                          0x08003abb   Thumb Code    20  stm32f10x_rcc.o(.text)
    RCC_ClearITPendingBit                    0x08003acf   Thumb Code     6  stm32f10x_rcc.o(.text)
    USART_DeInit                             0x08003af9   Thumb Code   134  stm32f10x_usart.o(.text)
    USART_Init                               0x08003b7f   Thumb Code   210  stm32f10x_usart.o(.text)
    USART_StructInit                         0x08003c51   Thumb Code    24  stm32f10x_usart.o(.text)
    USART_ClockInit                          0x08003c69   Thumb Code    34  stm32f10x_usart.o(.text)
    USART_ClockStructInit                    0x08003c8b   Thumb Code    12  stm32f10x_usart.o(.text)
    USART_Cmd                                0x08003c97   Thumb Code    24  stm32f10x_usart.o(.text)
    USART_ITConfig                           0x08003caf   Thumb Code    74  stm32f10x_usart.o(.text)
    USART_DMACmd                             0x08003cf9   Thumb Code    18  stm32f10x_usart.o(.text)
    USART_SetAddress                         0x08003d0b   Thumb Code    18  stm32f10x_usart.o(.text)
    USART_WakeUpConfig                       0x08003d1d   Thumb Code    18  stm32f10x_usart.o(.text)
    USART_ReceiverWakeUpCmd                  0x08003d2f   Thumb Code    24  stm32f10x_usart.o(.text)
    USART_LINBreakDetectLengthConfig         0x08003d47   Thumb Code    18  stm32f10x_usart.o(.text)
    USART_LINCmd                             0x08003d59   Thumb Code    24  stm32f10x_usart.o(.text)
    USART_SendData                           0x08003d71   Thumb Code     8  stm32f10x_usart.o(.text)
    USART_ReceiveData                        0x08003d79   Thumb Code    10  stm32f10x_usart.o(.text)
    USART_SendBreak                          0x08003d83   Thumb Code    10  stm32f10x_usart.o(.text)
    USART_SetGuardTime                       0x08003d8d   Thumb Code    16  stm32f10x_usart.o(.text)
    USART_SetPrescaler                       0x08003d9d   Thumb Code    16  stm32f10x_usart.o(.text)
    USART_SmartCardCmd                       0x08003dad   Thumb Code    24  stm32f10x_usart.o(.text)
    USART_SmartCardNACKCmd                   0x08003dc5   Thumb Code    24  stm32f10x_usart.o(.text)
    USART_HalfDuplexCmd                      0x08003ddd   Thumb Code    24  stm32f10x_usart.o(.text)
    USART_OverSampling8Cmd                   0x08003df5   Thumb Code    22  stm32f10x_usart.o(.text)
    USART_OneBitMethodCmd                    0x08003e0b   Thumb Code    24  stm32f10x_usart.o(.text)
    USART_IrDAConfig                         0x08003e23   Thumb Code    18  stm32f10x_usart.o(.text)
    USART_IrDACmd                            0x08003e35   Thumb Code    24  stm32f10x_usart.o(.text)
    USART_GetFlagStatus                      0x08003e4d   Thumb Code    26  stm32f10x_usart.o(.text)
    USART_ClearFlag                          0x08003e67   Thumb Code    18  stm32f10x_usart.o(.text)
    USART_GetITStatus                        0x08003e79   Thumb Code    84  stm32f10x_usart.o(.text)
    USART_ClearITPendingBit                  0x08003ecd   Thumb Code    52  stm32f10x_usart.o(.text)
    NVIC_PriorityGroupConfig                 0x08003f01   Thumb Code    10  misc.o(.text)
    NVIC_Init                                0x08003f0b   Thumb Code   100  misc.o(.text)
    NVIC_SetVectorTable                      0x08003f6f   Thumb Code    14  misc.o(.text)
    NVIC_SystemLPConfig                      0x08003f7d   Thumb Code    34  misc.o(.text)
    SysTick_CLKSourceConfig                  0x08003f9f   Thumb Code    40  misc.o(.text)
    TIM_DeInit                               0x08003fdd   Thumb Code   424  stm32f10x_tim.o(.text)
    TIM_TimeBaseInit                         0x08004185   Thumb Code   122  stm32f10x_tim.o(.text)
    TIM_OC1Init                              0x080041ff   Thumb Code   132  stm32f10x_tim.o(.text)
    TIM_OC2Init                              0x08004283   Thumb Code   154  stm32f10x_tim.o(.text)
    TIM_OC3Init                              0x0800431d   Thumb Code   150  stm32f10x_tim.o(.text)
    TIM_OC4Init                              0x080043b3   Thumb Code   182  stm32f10x_tim.o(.text)
    TIM_SetIC4Prescaler                      0x08004469   Thumb Code    26  stm32f10x_tim.o(.text)
    TIM_SetIC3Prescaler                      0x08004505   Thumb Code    18  stm32f10x_tim.o(.text)
    TIM_SetIC2Prescaler                      0x08004591   Thumb Code    26  stm32f10x_tim.o(.text)
    TIM_SetIC1Prescaler                      0x0800462d   Thumb Code    18  stm32f10x_tim.o(.text)
    TIM_ICInit                               0x080046ab   Thumb Code   150  stm32f10x_tim.o(.text)
    TIM_PWMIConfig                           0x08004741   Thumb Code   124  stm32f10x_tim.o(.text)
    TIM_BDTRConfig                           0x080047bd   Thumb Code    32  stm32f10x_tim.o(.text)
    TIM_TimeBaseStructInit                   0x080047dd   Thumb Code    18  stm32f10x_tim.o(.text)
    TIM_OCStructInit                         0x080047ef   Thumb Code    20  stm32f10x_tim.o(.text)
    TIM_ICStructInit                         0x08004803   Thumb Code    18  stm32f10x_tim.o(.text)
    TIM_BDTRStructInit                       0x08004815   Thumb Code    40  stm32f10x_tim.o(.text)
    TIM_Cmd                                  0x0800483d   Thumb Code    24  stm32f10x_tim.o(.text)
    TIM_CtrlPWMOutputs                       0x08004855   Thumb Code    30  stm32f10x_tim.o(.text)
    TIM_ITConfig                             0x08004873   Thumb Code    18  stm32f10x_tim.o(.text)
    TIM_GenerateEvent                        0x08004885   Thumb Code     4  stm32f10x_tim.o(.text)
    TIM_DMAConfig                            0x08004889   Thumb Code    10  stm32f10x_tim.o(.text)
    TIM_DMACmd                               0x08004893   Thumb Code    18  stm32f10x_tim.o(.text)
    TIM_InternalClockConfig                  0x080048a5   Thumb Code    12  stm32f10x_tim.o(.text)
    TIM_SelectInputTrigger                   0x080048b1   Thumb Code    18  stm32f10x_tim.o(.text)
    TIM_ITRxExternalClockConfig              0x080048c3   Thumb Code    24  stm32f10x_tim.o(.text)
    TIM_TIxExternalClockConfig               0x080048db   Thumb Code    62  stm32f10x_tim.o(.text)
    TIM_ETRConfig                            0x08004919   Thumb Code    28  stm32f10x_tim.o(.text)
    TIM_ETRClockMode1Config                  0x08004935   Thumb Code    54  stm32f10x_tim.o(.text)
    TIM_ETRClockMode2Config                  0x0800496b   Thumb Code    32  stm32f10x_tim.o(.text)
    TIM_PrescalerConfig                      0x0800498b   Thumb Code     6  stm32f10x_tim.o(.text)
    TIM_CounterModeConfig                    0x08004991   Thumb Code    18  stm32f10x_tim.o(.text)
    TIM_EncoderInterfaceConfig               0x080049a3   Thumb Code    66  stm32f10x_tim.o(.text)
    TIM_ForcedOC1Config                      0x080049e5   Thumb Code    18  stm32f10x_tim.o(.text)
    TIM_ForcedOC2Config                      0x080049f7   Thumb Code    26  stm32f10x_tim.o(.text)
    TIM_ForcedOC3Config                      0x08004a11   Thumb Code    18  stm32f10x_tim.o(.text)
    TIM_ForcedOC4Config                      0x08004a23   Thumb Code    26  stm32f10x_tim.o(.text)
    TIM_ARRPreloadConfig                     0x08004a3d   Thumb Code    24  stm32f10x_tim.o(.text)
    TIM_SelectCOM                            0x08004a55   Thumb Code    24  stm32f10x_tim.o(.text)
    TIM_SelectCCDMA                          0x08004a6d   Thumb Code    24  stm32f10x_tim.o(.text)
    TIM_CCPreloadControl                     0x08004a85   Thumb Code    24  stm32f10x_tim.o(.text)
    TIM_OC1PreloadConfig                     0x08004a9d   Thumb Code    18  stm32f10x_tim.o(.text)
    TIM_OC2PreloadConfig                     0x08004aaf   Thumb Code    26  stm32f10x_tim.o(.text)
    TIM_OC3PreloadConfig                     0x08004ac9   Thumb Code    18  stm32f10x_tim.o(.text)
    TIM_OC4PreloadConfig                     0x08004adb   Thumb Code    26  stm32f10x_tim.o(.text)
    TIM_OC1FastConfig                        0x08004af5   Thumb Code    18  stm32f10x_tim.o(.text)
    TIM_OC2FastConfig                        0x08004b07   Thumb Code    26  stm32f10x_tim.o(.text)
    TIM_OC3FastConfig                        0x08004b21   Thumb Code    18  stm32f10x_tim.o(.text)
    TIM_OC4FastConfig                        0x08004b33   Thumb Code    26  stm32f10x_tim.o(.text)
    TIM_ClearOC1Ref                          0x08004b4d   Thumb Code    18  stm32f10x_tim.o(.text)
    TIM_ClearOC2Ref                          0x08004b5f   Thumb Code    24  stm32f10x_tim.o(.text)
    TIM_ClearOC3Ref                          0x08004b77   Thumb Code    18  stm32f10x_tim.o(.text)
    TIM_ClearOC4Ref                          0x08004b89   Thumb Code    24  stm32f10x_tim.o(.text)
    TIM_OC1PolarityConfig                    0x08004ba1   Thumb Code    18  stm32f10x_tim.o(.text)
    TIM_OC1NPolarityConfig                   0x08004bb3   Thumb Code    18  stm32f10x_tim.o(.text)
    TIM_OC2PolarityConfig                    0x08004bc5   Thumb Code    26  stm32f10x_tim.o(.text)
    TIM_OC2NPolarityConfig                   0x08004bdf   Thumb Code    26  stm32f10x_tim.o(.text)
    TIM_OC3PolarityConfig                    0x08004bf9   Thumb Code    26  stm32f10x_tim.o(.text)
    TIM_OC3NPolarityConfig                   0x08004c13   Thumb Code    26  stm32f10x_tim.o(.text)
    TIM_OC4PolarityConfig                    0x08004c2d   Thumb Code    26  stm32f10x_tim.o(.text)
    TIM_CCxCmd                               0x08004c47   Thumb Code    30  stm32f10x_tim.o(.text)
    TIM_CCxNCmd                              0x08004c65   Thumb Code    30  stm32f10x_tim.o(.text)
    TIM_SelectOCxM                           0x08004c83   Thumb Code    82  stm32f10x_tim.o(.text)
    TIM_UpdateDisableConfig                  0x08004cd5   Thumb Code    24  stm32f10x_tim.o(.text)
    TIM_UpdateRequestConfig                  0x08004ced   Thumb Code    24  stm32f10x_tim.o(.text)
    TIM_SelectHallSensor                     0x08004d05   Thumb Code    24  stm32f10x_tim.o(.text)
    TIM_SelectOnePulseMode                   0x08004d1d   Thumb Code    18  stm32f10x_tim.o(.text)
    TIM_SelectOutputTrigger                  0x08004d2f   Thumb Code    18  stm32f10x_tim.o(.text)
    TIM_SelectSlaveMode                      0x08004d41   Thumb Code    18  stm32f10x_tim.o(.text)
    TIM_SelectMasterSlaveMode                0x08004d53   Thumb Code    18  stm32f10x_tim.o(.text)
    TIM_SetCounter                           0x08004d65   Thumb Code     4  stm32f10x_tim.o(.text)
    TIM_SetAutoreload                        0x08004d69   Thumb Code     4  stm32f10x_tim.o(.text)
    TIM_SetCompare1                          0x08004d6d   Thumb Code     4  stm32f10x_tim.o(.text)
    TIM_SetCompare2                          0x08004d71   Thumb Code     4  stm32f10x_tim.o(.text)
    TIM_SetCompare3                          0x08004d75   Thumb Code     4  stm32f10x_tim.o(.text)
    TIM_SetCompare4                          0x08004d79   Thumb Code     6  stm32f10x_tim.o(.text)
    TIM_SetClockDivision                     0x08004d7f   Thumb Code    18  stm32f10x_tim.o(.text)
    TIM_GetCapture1                          0x08004d91   Thumb Code     6  stm32f10x_tim.o(.text)
    TIM_GetCapture2                          0x08004d97   Thumb Code     6  stm32f10x_tim.o(.text)
    TIM_GetCapture3                          0x08004d9d   Thumb Code     6  stm32f10x_tim.o(.text)
    TIM_GetCapture4                          0x08004da3   Thumb Code     8  stm32f10x_tim.o(.text)
    TIM_GetCounter                           0x08004dab   Thumb Code     6  stm32f10x_tim.o(.text)
    TIM_GetPrescaler                         0x08004db1   Thumb Code     6  stm32f10x_tim.o(.text)
    TIM_GetFlagStatus                        0x08004db7   Thumb Code    18  stm32f10x_tim.o(.text)
    TIM_ClearFlag                            0x08004dc9   Thumb Code     6  stm32f10x_tim.o(.text)
    TIM_GetITStatus                          0x08004dcf   Thumb Code    34  stm32f10x_tim.o(.text)
    TIM_ClearITPendingBit                    0x08004df1   Thumb Code     6  stm32f10x_tim.o(.text)
    usmart_sys_cmd_exe                       0x08004df9   Thumb Code  1554  usmart.o(.text)
    usmart_reset_runtime                     0x0800540b   Thumb Code    38  usmart.o(.text)
    usmart_get_runtime                       0x08005431   Thumb Code    56  usmart.o(.text)
    TIM4_IRQHandler                          0x08005469   Thumb Code    50  usmart.o(.text)
    Timer4_Init                              0x0800549b   Thumb Code    94  usmart.o(.text)
    usmart_init                              0x080054f9   Thumb Code    36  usmart.o(.text)
    usmart_cmd_rec                           0x0800551d   Thumb Code   170  usmart.o(.text)
    usmart_exe                               0x080055c7   Thumb Code   872  usmart.o(.text)
    usmart_scan                              0x0800592f   Thumb Code   120  usmart.o(.text)
    read_addr                                0x080059a7   Thumb Code     6  usmart.o(.text)
    write_addr                               0x080059ad   Thumb Code     4  usmart.o(.text)
    usmart_strcmp                            0x08005a39   Thumb Code    34  usmart_str.o(.text)
    usmart_strcopy                           0x08005a5b   Thumb Code    22  usmart_str.o(.text)
    usmart_strlen                            0x08005a71   Thumb Code    24  usmart_str.o(.text)
    usmart_pow                               0x08005a89   Thumb Code    22  usmart_str.o(.text)
    usmart_str2num                           0x08005a9f   Thumb Code   202  usmart_str.o(.text)
    usmart_get_cmdname                       0x08005b69   Thumb Code    54  usmart_str.o(.text)
    usmart_search_nextc                      0x08005b9f   Thumb Code    22  usmart_str.o(.text)
    usmart_get_fname                         0x08005bb5   Thumb Code   440  usmart_str.o(.text)
    usmart_get_aparm                         0x08005d6d   Thumb Code   200  usmart_str.o(.text)
    usmart_get_parmpos                       0x08005e35   Thumb Code    26  usmart_str.o(.text)
    usmart_get_fparam                        0x08005e4f   Thumb Code   262  usmart_str.o(.text)
    __use_no_semihosting                     0x08005f61   Thumb Code     2  use_no_semi_2.o(.text)
    __2printf                                0x08005f65   Thumb Code    20  __2printf.o(.text)
    __2sprintf                               0x08005f7d   Thumb Code    38  __2sprintf.o(.text)
    _printf_pre_padding                      0x08005fa9   Thumb Code    44  _printf_pad.o(.text)
    _printf_post_padding                     0x08005fd5   Thumb Code    34  _printf_pad.o(.text)
    _printf_str                              0x08005ff7   Thumb Code    82  _printf_str.o(.text)
    _printf_int_dec                          0x08006049   Thumb Code   104  _printf_dec.o(.text)
    _printf_int_hex                          0x080060c1   Thumb Code    84  _printf_hex_int.o(.text)
    _printf_longlong_hex                     0x080060c1   Thumb Code     0  _printf_hex_int.o(.text)
    __printf                                 0x08006119   Thumb Code   388  __printf_flags_ss_wp.o(.text)
    __use_two_region_memory                  0x080062a1   Thumb Code     2  heapauxi.o(.text)
    __rt_heap_escrow$2region                 0x080062a3   Thumb Code     2  heapauxi.o(.text)
    __rt_heap_expand$2region                 0x080062a5   Thumb Code     2  heapauxi.o(.text)
    __I$use$semihosting                      0x080062a7   Thumb Code     0  use_no_semi.o(.text)
    __use_no_semihosting_swi                 0x080062a7   Thumb Code     2  use_no_semi.o(.text)
    __read_errno                             0x080062a9   Thumb Code    10  _rserrno.o(.text)
    __set_errno                              0x080062b3   Thumb Code    12  _rserrno.o(.text)
    _printf_int_common                       0x080062bf   Thumb Code   178  _printf_intcommon.o(.text)
    __lib_sel_fp_printf                      0x08006371   Thumb Code     2  _printf_fp_dec.o(.text)
    _printf_fp_dec_real                      0x08006523   Thumb Code   620  _printf_fp_dec.o(.text)
    _printf_char_common                      0x0800679b   Thumb Code    32  _printf_char_common.o(.text)
    _sputc                                   0x080067c1   Thumb Code    10  _sputc.o(.text)
    _printf_cs_common                        0x080067cb   Thumb Code    20  _printf_char.o(.text)
    _printf_char                             0x080067df   Thumb Code    16  _printf_char.o(.text)
    _printf_string                           0x080067ef   Thumb Code     8  _printf_char.o(.text)
    _printf_char_file                        0x080067f9   Thumb Code    32  _printf_char_file.o(.text)
    __rt_locale                              0x0800681d   Thumb Code     8  rt_locale_intlibspace.o(.text)
    __aeabi_errno_addr                       0x08006825   Thumb Code     8  rt_errno_addr_intlibspace.o(.text)
    __errno$intlibspace                      0x08006825   Thumb Code     0  rt_errno_addr_intlibspace.o(.text)
    __rt_errno_addr$intlibspace              0x08006825   Thumb Code     0  rt_errno_addr_intlibspace.o(.text)
    _ll_udiv10                               0x0800682d   Thumb Code   138  lludiv10.o(.text)
    _printf_fp_infnan                        0x080068b9   Thumb Code   112  _printf_fp_infnan.o(.text)
    _btod_etento                             0x08006939   Thumb Code   224  bigflt0.o(.text)
    ferror                                   0x08006a1d   Thumb Code     8  ferror.o(.text)
    __user_libspace                          0x08006a25   Thumb Code     8  libspace.o(.text)
    __user_perproc_libspace                  0x08006a25   Thumb Code     0  libspace.o(.text)
    __user_perthread_libspace                0x08006a25   Thumb Code     0  libspace.o(.text)
    __user_setup_stackheap                   0x08006a2d   Thumb Code    74  sys_stackheap_outer.o(.text)
    exit                                     0x08006a77   Thumb Code    18  exit.o(.text)
    strcmp                                   0x08006a89   Thumb Code   128  strcmpv7m.o(.text)
    _btod_d2e                                0x08006b09   Thumb Code    62  btod.o(CL$$btod_d2e)
    _d2e_denorm_low                          0x08006b47   Thumb Code    70  btod.o(CL$$btod_d2e_denorm_low)
    _d2e_norm_op1                            0x08006b8d   Thumb Code    96  btod.o(CL$$btod_d2e_norm_op1)
    __btod_div_common                        0x08006bed   Thumb Code   696  btod.o(CL$$btod_div_common)
    _e2e                                     0x08006f25   Thumb Code   220  btod.o(CL$$btod_e2e)
    _btod_ediv                               0x08007001   Thumb Code    42  btod.o(CL$$btod_ediv)
    _btod_emul                               0x0800702b   Thumb Code    42  btod.o(CL$$btod_emul)
    __btod_mult_common                       0x08007055   Thumb Code   580  btod.o(CL$$btod_mult_common)
    __ARM_fpclassify                         0x08007299   Thumb Code    40  fpclassify.o(i.__ARM_fpclassify)
    __kernel_poly                            0x080072c1   Thumb Code   170  poly.o(i.__kernel_poly)
    __mathlib_dbl_divzero                    0x0800736d   Thumb Code    12  dunder.o(i.__mathlib_dbl_divzero)
    __mathlib_dbl_infnan2                    0x0800737d   Thumb Code     4  dunder.o(i.__mathlib_dbl_infnan2)
    __mathlib_dbl_invalid                    0x08007381   Thumb Code    12  dunder.o(i.__mathlib_dbl_invalid)
    __mathlib_dbl_overflow                   0x0800738d   Thumb Code    14  dunder.o(i.__mathlib_dbl_overflow)
    __mathlib_dbl_underflow                  0x0800739d   Thumb Code    10  dunder.o(i.__mathlib_dbl_underflow)
    _is_digit                                0x080073ad   Thumb Code    14  __printf_wp.o(i._is_digit)
    pow                                      0x080073bd   Thumb Code  2512  pow.o(i.pow)
    sqrt                                     0x08007d95   Thumb Code    76  sqrt.o(i.sqrt)
    _get_lc_numeric                          0x08007de1   Thumb Code    44  lc_numeric_c.o(locale$$code)
    __aeabi_d2f                              0x08007e0d   Thumb Code     0  d2f.o(x$fpl$d2f)
    _d2f                                     0x08007e0d   Thumb Code    98  d2f.o(x$fpl$d2f)
    __aeabi_dadd                             0x08007e71   Thumb Code     0  daddsub_clz.o(x$fpl$dadd)
    _dadd                                    0x08007e71   Thumb Code   332  daddsub_clz.o(x$fpl$dadd)
    __fpl_dcheck_NaN1                        0x08007fc1   Thumb Code    10  dcheck1.o(x$fpl$dcheck1)
    __fpl_dcmp_Inf                           0x08007fd1   Thumb Code    24  dcmpi.o(x$fpl$dcmpinf)
    __aeabi_ddiv                             0x08007fe9   Thumb Code     0  ddiv.o(x$fpl$ddiv)
    _ddiv                                    0x08007fe9   Thumb Code   552  ddiv.o(x$fpl$ddiv)
    __aeabi_d2uiz                            0x08008299   Thumb Code     0  dfixu.o(x$fpl$dfixu)
    _dfixu                                   0x08008299   Thumb Code    90  dfixu.o(x$fpl$dfixu)
    __aeabi_i2d                              0x080082f3   Thumb Code     0  dflt_clz.o(x$fpl$dflt)
    _dflt                                    0x080082f3   Thumb Code    46  dflt_clz.o(x$fpl$dflt)
    __aeabi_ui2d                             0x08008321   Thumb Code     0  dflt_clz.o(x$fpl$dfltu)
    _dfltu                                   0x08008321   Thumb Code    38  dflt_clz.o(x$fpl$dfltu)
    __aeabi_cdcmple                          0x08008349   Thumb Code     0  dleqf.o(x$fpl$dleqf)
    _dcmple                                  0x08008349   Thumb Code   120  dleqf.o(x$fpl$dleqf)
    __fpl_dcmple_InfNaN                      0x080083ab   Thumb Code     0  dleqf.o(x$fpl$dleqf)
    __aeabi_dmul                             0x080083c1   Thumb Code     0  dmul.o(x$fpl$dmul)
    _dmul                                    0x080083c1   Thumb Code   332  dmul.o(x$fpl$dmul)
    __fpl_dnaninf                            0x08008515   Thumb Code   156  dnaninf.o(x$fpl$dnaninf)
    __fpl_dretinf                            0x080085b1   Thumb Code    12  dretinf.o(x$fpl$dretinf)
    __aeabi_cdrcmple                         0x080085bd   Thumb Code     0  drleqf.o(x$fpl$drleqf)
    _drcmple                                 0x080085bd   Thumb Code   108  drleqf.o(x$fpl$drleqf)
    __aeabi_drsub                            0x08008629   Thumb Code     0  daddsub_clz.o(x$fpl$drsb)
    _drsb                                    0x08008629   Thumb Code    22  daddsub_clz.o(x$fpl$drsb)
    _dsqrt                                   0x08008641   Thumb Code   456  dsqrt_noumaal.o(x$fpl$dsqrt)
    __aeabi_dsub                             0x0800880d   Thumb Code     0  daddsub_clz.o(x$fpl$dsub)
    _dsub                                    0x0800880d   Thumb Code   464  daddsub_clz.o(x$fpl$dsub)
    __aeabi_f2d                              0x080089e1   Thumb Code     0  f2d.o(x$fpl$f2d)
    _f2d                                     0x080089e1   Thumb Code    86  f2d.o(x$fpl$f2d)
    __aeabi_fadd                             0x08008a39   Thumb Code     0  faddsub_clz.o(x$fpl$fadd)
    _fadd                                    0x08008a39   Thumb Code   196  faddsub_clz.o(x$fpl$fadd)
    __aeabi_fdiv                             0x08008afd   Thumb Code     0  fdiv.o(x$fpl$fdiv)
    _fdiv                                    0x08008afd   Thumb Code   384  fdiv.o(x$fpl$fdiv)
    __aeabi_f2iz                             0x08008c81   Thumb Code     0  ffix.o(x$fpl$ffix)
    _ffix                                    0x08008c81   Thumb Code    54  ffix.o(x$fpl$ffix)
    __aeabi_f2uiz                            0x08008cb9   Thumb Code     0  ffixu.o(x$fpl$ffixu)
    _ffixu                                   0x08008cb9   Thumb Code    62  ffixu.o(x$fpl$ffixu)
    __aeabi_ui2f                             0x08008cf9   Thumb Code     0  fflt_clz.o(x$fpl$ffltu)
    _ffltu                                   0x08008cf9   Thumb Code    38  fflt_clz.o(x$fpl$ffltu)
    __aeabi_fmul                             0x08008d21   Thumb Code     0  fmul.o(x$fpl$fmul)
    _fmul                                    0x08008d21   Thumb Code   258  fmul.o(x$fpl$fmul)
    __fpl_fnaninf                            0x08008e23   Thumb Code   140  fnaninf.o(x$fpl$fnaninf)
    __fpl_fretinf                            0x08008eaf   Thumb Code    10  fretinf.o(x$fpl$fretinf)
    __aeabi_fsub                             0x08008eb9   Thumb Code     0  faddsub_clz.o(x$fpl$fsub)
    _fsub                                    0x08008eb9   Thumb Code   234  faddsub_clz.o(x$fpl$fsub)
    _printf_fp_dec                           0x08008fa3   Thumb Code     4  printf1.o(x$fpl$printf1)
    __fpl_return_NaN                         0x08008fa7   Thumb Code   100  retnan.o(x$fpl$retnan)
    __ARM_scalbn                             0x0800900b   Thumb Code    92  scalbn.o(x$fpl$scalbn)
    __fpl_cmpreturn                          0x08009067   Thumb Code    48  trapv.o(x$fpl$trapveneer)
    Font6x8                                  0x08009096   Data         546  spi_oled.o(.constdata)
    __I$use$fp                               0x08009096   Number         0  usenofp.o(x$fpl$usenofp)
    Font8x12                                 0x080092b8   Data        1536  spi_oled.o(.constdata)
    Font8x16                                 0x080098b8   Data        1520  spi_oled.o(.constdata)
    __mathlib_zero                           0x08009f70   Data           8  qnan.o(.constdata)
    Region$$Table$$Base                      0x0800a0d0   Number         0  anon$$obj.o(Region$$Table)
    Region$$Table$$Limit                     0x0800a0f0   Number         0  anon$$obj.o(Region$$Table)
    RxAddr                                   0x20000000   Data           5  main.o(.data)
    TranFlag                                 0x20000005   Data           1  main.o(.data)
    SystemCoreClock                          0x20000008   Data           4  system_stm32f10x.o(.data)
    AHBPrescTable                            0x2000000c   Data          16  system_stm32f10x.o(.data)
    Buff                                     0x2000001d   Data           2  spi_oled.o(.data)
    Start                                    0x2000001f   Data           2  spi_oled.o(.data)
    INIT_ADDR                                0x20000021   Data           5  nrf24l01.o(.data)
    CE_Status                                0x20000026   Data           1  nrf24l01.o(.data)
    __stdout                                 0x2000002c   Data           4  usart.o(.data)
    USART_RX_STA                             0x20000030   Data           2  usart.o(.data)
    sys_cmd_tab                              0x20000048   Data          28  usmart.o(.data)
    usmart_nametab                           0x20000064   Data          40  usmart_config.o(.data)
    usmart_dev                               0x2000008c   Data         244  usmart_config.o(.data)
    RXData                                   0x20000180   Data          13  main.o(.bss)
    DisBuff                                  0x2000018d   Data        1024  spi_oled.o(.bss)
    USART_RX_BUF                             0x2000058d   Data         200  usart.o(.bss)
    __libspace_start                         0x20000658   Data          96  libspace.o(.bss)
    __temporary_stack_top$libspace           0x200006b8   Data           0  libspace.o(.bss)



==============================================================================

Memory Map of the image

  Image Entry point : 0x08000131

  Load Region LR_IROM1 (Base: 0x08000000, Size: 0x0000a28c, Max: 0x00040000, ABSOLUTE, COMPRESSED[0x0000a180])

    Execution Region ER_IROM1 (Exec base: 0x08000000, Load base: 0x08000000, Size: 0x0000a10c, Max: 0x00040000, ABSOLUTE)

    Exec Addr    Load Addr    Size         Type   Attr      Idx    E Section Name        Object

    0x08000000   0x08000000   0x00000130   Data   RO          508    RESET               startup_stm32f10x_hd.o
    0x08000130   0x08000130   0x00000008   Code   RO          696  * !!!main             c_w.l(__main.o)
    0x08000138   0x08000138   0x00000034   Code   RO         1088    !!!scatter          c_w.l(__scatter.o)
    0x0800016c   0x0800016c   0x0000005a   Code   RO         1086    !!dczerorl2         c_w.l(__dczerorl2.o)
    0x080001c6   0x080001c6   0x00000002   PAD
    0x080001c8   0x080001c8   0x0000001c   Code   RO         1090    !!handler_zi        c_w.l(__scatter_zi.o)
    0x080001e4   0x080001e4   0x00000000   Code   RO          689    .ARM.Collect$$_printf_percent$$00000000  c_w.l(_printf_percent.o)
    0x080001e4   0x080001e4   0x00000006   Code   RO          688    .ARM.Collect$$_printf_percent$$00000003  c_w.l(_printf_f.o)
    0x080001ea   0x080001ea   0x00000006   Code   RO          686    .ARM.Collect$$_printf_percent$$00000009  c_w.l(_printf_d.o)
    0x080001f0   0x080001f0   0x00000006   Code   RO          687    .ARM.Collect$$_printf_percent$$0000000A  c_w.l(_printf_u.o)
    0x080001f6   0x080001f6   0x00000006   Code   RO          685    .ARM.Collect$$_printf_percent$$0000000C  c_w.l(_printf_x.o)
    0x080001fc   0x080001fc   0x00000006   Code   RO          683    .ARM.Collect$$_printf_percent$$00000013  c_w.l(_printf_c.o)
    0x08000202   0x08000202   0x00000006   Code   RO          684    .ARM.Collect$$_printf_percent$$00000014  c_w.l(_printf_s.o)
    0x08000208   0x08000208   0x00000004   Code   RO          805    .ARM.Collect$$_printf_percent$$00000017  c_w.l(_printf_percent_end.o)
    0x0800020c   0x0800020c   0x00000002   Code   RO          953    .ARM.Collect$$libinit$$00000000  c_w.l(libinit.o)
    0x0800020e   0x0800020e   0x00000000   Code   RO          955    .ARM.Collect$$libinit$$00000002  c_w.l(libinit2.o)
    0x0800020e   0x0800020e   0x00000000   Code   RO          957    .ARM.Collect$$libinit$$00000004  c_w.l(libinit2.o)
    0x0800020e   0x0800020e   0x00000000   Code   RO          960    .ARM.Collect$$libinit$$0000000A  c_w.l(libinit2.o)
    0x0800020e   0x0800020e   0x00000000   Code   RO          962    .ARM.Collect$$libinit$$0000000C  c_w.l(libinit2.o)
    0x0800020e   0x0800020e   0x00000000   Code   RO          964    .ARM.Collect$$libinit$$0000000E  c_w.l(libinit2.o)
    0x0800020e   0x0800020e   0x00000006   Code   RO          965    .ARM.Collect$$libinit$$0000000F  c_w.l(libinit2.o)
    0x08000214   0x08000214   0x00000000   Code   RO          967    .ARM.Collect$$libinit$$00000011  c_w.l(libinit2.o)
    0x08000214   0x08000214   0x00000000   Code   RO          969    .ARM.Collect$$libinit$$00000013  c_w.l(libinit2.o)
    0x08000214   0x08000214   0x00000000   Code   RO          971    .ARM.Collect$$libinit$$00000015  c_w.l(libinit2.o)
    0x08000214   0x08000214   0x0000000a   Code   RO          972    .ARM.Collect$$libinit$$00000016  c_w.l(libinit2.o)
    0x0800021e   0x0800021e   0x00000000   Code   RO          973    .ARM.Collect$$libinit$$00000017  c_w.l(libinit2.o)
    0x0800021e   0x0800021e   0x00000000   Code   RO          975    .ARM.Collect$$libinit$$00000019  c_w.l(libinit2.o)
    0x0800021e   0x0800021e   0x00000000   Code   RO          977    .ARM.Collect$$libinit$$0000001B  c_w.l(libinit2.o)
    0x0800021e   0x0800021e   0x00000000   Code   RO          979    .ARM.Collect$$libinit$$0000001D  c_w.l(libinit2.o)
    0x0800021e   0x0800021e   0x00000000   Code   RO          981    .ARM.Collect$$libinit$$0000001F  c_w.l(libinit2.o)
    0x0800021e   0x0800021e   0x00000000   Code   RO          983    .ARM.Collect$$libinit$$00000021  c_w.l(libinit2.o)
    0x0800021e   0x0800021e   0x00000000   Code   RO          985    .ARM.Collect$$libinit$$00000023  c_w.l(libinit2.o)
    0x0800021e   0x0800021e   0x00000000   Code   RO          987    .ARM.Collect$$libinit$$00000025  c_w.l(libinit2.o)
    0x0800021e   0x0800021e   0x00000000   Code   RO          991    .ARM.Collect$$libinit$$0000002C  c_w.l(libinit2.o)
    0x0800021e   0x0800021e   0x00000000   Code   RO          993    .ARM.Collect$$libinit$$0000002E  c_w.l(libinit2.o)
    0x0800021e   0x0800021e   0x00000000   Code   RO          995    .ARM.Collect$$libinit$$00000030  c_w.l(libinit2.o)
    0x0800021e   0x0800021e   0x00000000   Code   RO          997    .ARM.Collect$$libinit$$00000032  c_w.l(libinit2.o)
    0x0800021e   0x0800021e   0x00000002   Code   RO          998    .ARM.Collect$$libinit$$00000033  c_w.l(libinit2.o)
    0x08000220   0x08000220   0x00000002   Code   RO         1046    .ARM.Collect$$libshutdown$$00000000  c_w.l(libshutdown.o)
    0x08000222   0x08000222   0x00000000   Code   RO         1055    .ARM.Collect$$libshutdown$$00000002  c_w.l(libshutdown2.o)
    0x08000222   0x08000222   0x00000000   Code   RO         1057    .ARM.Collect$$libshutdown$$00000004  c_w.l(libshutdown2.o)
    0x08000222   0x08000222   0x00000000   Code   RO         1060    .ARM.Collect$$libshutdown$$00000007  c_w.l(libshutdown2.o)
    0x08000222   0x08000222   0x00000000   Code   RO         1063    .ARM.Collect$$libshutdown$$0000000A  c_w.l(libshutdown2.o)
    0x08000222   0x08000222   0x00000000   Code   RO         1065    .ARM.Collect$$libshutdown$$0000000C  c_w.l(libshutdown2.o)
    0x08000222   0x08000222   0x00000000   Code   RO         1068    .ARM.Collect$$libshutdown$$0000000F  c_w.l(libshutdown2.o)
    0x08000222   0x08000222   0x00000002   Code   RO         1069    .ARM.Collect$$libshutdown$$00000010  c_w.l(libshutdown2.o)
    0x08000224   0x08000224   0x00000000   Code   RO          788    .ARM.Collect$$rtentry$$00000000  c_w.l(__rtentry.o)
    0x08000224   0x08000224   0x00000000   Code   RO          861    .ARM.Collect$$rtentry$$00000002  c_w.l(__rtentry2.o)
    0x08000224   0x08000224   0x00000006   Code   RO          873    .ARM.Collect$$rtentry$$00000004  c_w.l(__rtentry4.o)
    0x0800022a   0x0800022a   0x00000000   Code   RO          863    .ARM.Collect$$rtentry$$00000009  c_w.l(__rtentry2.o)
    0x0800022a   0x0800022a   0x00000004   Code   RO          864    .ARM.Collect$$rtentry$$0000000A  c_w.l(__rtentry2.o)
    0x0800022e   0x0800022e   0x00000000   Code   RO          866    .ARM.Collect$$rtentry$$0000000C  c_w.l(__rtentry2.o)
    0x0800022e   0x0800022e   0x00000008   Code   RO          867    .ARM.Collect$$rtentry$$0000000D  c_w.l(__rtentry2.o)
    0x08000236   0x08000236   0x00000002   Code   RO         1003    .ARM.Collect$$rtexit$$00000000  c_w.l(rtexit.o)
    0x08000238   0x08000238   0x00000000   Code   RO         1016    .ARM.Collect$$rtexit$$00000002  c_w.l(rtexit2.o)
    0x08000238   0x08000238   0x00000004   Code   RO         1017    .ARM.Collect$$rtexit$$00000003  c_w.l(rtexit2.o)
    0x0800023c   0x0800023c   0x00000006   Code   RO         1018    .ARM.Collect$$rtexit$$00000004  c_w.l(rtexit2.o)
    0x08000242   0x08000242   0x00000002   PAD
    0x08000244   0x08000244   0x00000134   Code   RO            1    .text               main.o
    0x08000378   0x08000378   0x00000274   Code   RO          148    .text               stm32f10x_it.o
    0x080005ec   0x080005ec   0x000001e0   Code   RO          195    .text               system_stm32f10x.o
    0x080007cc   0x080007cc   0x00000050   Code   RO          213    .text               led.o
    0x0800081c   0x0800081c   0x000000fc   Code   RO          225    .text               key.o
    0x08000918   0x08000918   0x00000250   Code   RO          268    .text               mpuiic.o
    0x08000b68   0x08000b68   0x00000368   Code   RO          283    .text               mpu6050.o
    0x08000ed0   0x08000ed0   0x000016d2   Code   RO          355    .text               spi_oled.o
    0x080025a2   0x080025a2   0x00000002   PAD
    0x080025a4   0x080025a4   0x00000910   Code   RO          385    .text               nrf24l01.o
    0x08002eb4   0x08002eb4   0x00000114   Code   RO          403    .text               receieveturn.o
    0x08002fc8   0x08002fc8   0x00000108   Code   RO          415    .text               pwm.o
    0x080030d0   0x080030d0   0x000000d4   Code   RO          427    .text               servo.o
    0x080031a4   0x080031a4   0x000000d4   Code   RO          442    .text               delay.o
    0x08003278   0x08003278   0x00000140   Code   RO          473    .text               usart.o
    0x080033b8   0x080033b8   0x00000040   Code   RO          509    .text               startup_stm32f10x_hd.o
    0x080033f8   0x080033f8   0x0000035c   Code   RO          513    .text               stm32f10x_gpio.o
    0x08003754   0x08003754   0x000003a4   Code   RO          525    .text               stm32f10x_rcc.o
    0x08003af8   0x08003af8   0x00000408   Code   RO          539    .text               stm32f10x_usart.o
    0x08003f00   0x08003f00   0x000000dc   Code   RO          551    .text               misc.o
    0x08003fdc   0x08003fdc   0x00000e1a   Code   RO          563    .text               stm32f10x_tim.o
    0x08004df6   0x08004df6   0x00000002   PAD
    0x08004df8   0x08004df8   0x00000c40   Code   RO          575    .text               usmart.o
    0x08005a38   0x08005a38   0x00000528   Code   RO          608    .text               usmart_str.o
    0x08005f60   0x08005f60   0x00000002   Code   RO          622    .text               c_w.l(use_no_semi_2.o)
    0x08005f62   0x08005f62   0x00000002   PAD
    0x08005f64   0x08005f64   0x00000018   Code   RO          626    .text               c_w.l(__2printf.o)
    0x08005f7c   0x08005f7c   0x0000002c   Code   RO          628    .text               c_w.l(__2sprintf.o)
    0x08005fa8   0x08005fa8   0x0000004e   Code   RO          636    .text               c_w.l(_printf_pad.o)
    0x08005ff6   0x08005ff6   0x00000052   Code   RO          638    .text               c_w.l(_printf_str.o)
    0x08006048   0x08006048   0x00000078   Code   RO          640    .text               c_w.l(_printf_dec.o)
    0x080060c0   0x080060c0   0x00000058   Code   RO          645    .text               c_w.l(_printf_hex_int.o)
    0x08006118   0x08006118   0x00000188   Code   RO          680    .text               c_w.l(__printf_flags_ss_wp.o)
    0x080062a0   0x080062a0   0x00000006   Code   RO          694    .text               c_w.l(heapauxi.o)
    0x080062a6   0x080062a6   0x00000002   Code   RO          786    .text               c_w.l(use_no_semi.o)
    0x080062a8   0x080062a8   0x00000016   Code   RO          791    .text               c_w.l(_rserrno.o)
    0x080062be   0x080062be   0x000000b2   Code   RO          793    .text               c_w.l(_printf_intcommon.o)
    0x08006370   0x08006370   0x0000041e   Code   RO          795    .text               c_w.l(_printf_fp_dec.o)
    0x0800678e   0x0800678e   0x00000002   PAD
    0x08006790   0x08006790   0x00000030   Code   RO          797    .text               c_w.l(_printf_char_common.o)
    0x080067c0   0x080067c0   0x0000000a   Code   RO          799    .text               c_w.l(_sputc.o)
    0x080067ca   0x080067ca   0x0000002c   Code   RO          801    .text               c_w.l(_printf_char.o)
    0x080067f6   0x080067f6   0x00000002   PAD
    0x080067f8   0x080067f8   0x00000024   Code   RO          803    .text               c_w.l(_printf_char_file.o)
    0x0800681c   0x0800681c   0x00000008   Code   RO          882    .text               c_w.l(rt_locale_intlibspace.o)
    0x08006824   0x08006824   0x00000008   Code   RO          887    .text               c_w.l(rt_errno_addr_intlibspace.o)
    0x0800682c   0x0800682c   0x0000008a   Code   RO          889    .text               c_w.l(lludiv10.o)
    0x080068b6   0x080068b6   0x00000002   PAD
    0x080068b8   0x080068b8   0x00000080   Code   RO          891    .text               c_w.l(_printf_fp_infnan.o)
    0x08006938   0x08006938   0x000000e4   Code   RO          895    .text               c_w.l(bigflt0.o)
    0x08006a1c   0x08006a1c   0x00000008   Code   RO          920    .text               c_w.l(ferror.o)
    0x08006a24   0x08006a24   0x00000008   Code   RO          937    .text               c_w.l(libspace.o)
    0x08006a2c   0x08006a2c   0x0000004a   Code   RO          940    .text               c_w.l(sys_stackheap_outer.o)
    0x08006a76   0x08006a76   0x00000012   Code   RO          944    .text               c_w.l(exit.o)
    0x08006a88   0x08006a88   0x00000080   Code   RO          946    .text               c_w.l(strcmpv7m.o)
    0x08006b08   0x08006b08   0x0000003e   Code   RO          898    CL$$btod_d2e        c_w.l(btod.o)
    0x08006b46   0x08006b46   0x00000046   Code   RO          900    CL$$btod_d2e_denorm_low  c_w.l(btod.o)
    0x08006b8c   0x08006b8c   0x00000060   Code   RO          899    CL$$btod_d2e_norm_op1  c_w.l(btod.o)
    0x08006bec   0x08006bec   0x00000338   Code   RO          908    CL$$btod_div_common  c_w.l(btod.o)
    0x08006f24   0x08006f24   0x000000dc   Code   RO          905    CL$$btod_e2e        c_w.l(btod.o)
    0x08007000   0x08007000   0x0000002a   Code   RO          902    CL$$btod_ediv       c_w.l(btod.o)
    0x0800702a   0x0800702a   0x0000002a   Code   RO          901    CL$$btod_emul       c_w.l(btod.o)
    0x08007054   0x08007054   0x00000244   Code   RO          907    CL$$btod_mult_common  c_w.l(btod.o)
    0x08007298   0x08007298   0x00000028   Code   RO          847    i.__ARM_fpclassify  m_ws.l(fpclassify.o)
    0x080072c0   0x080072c0   0x000000aa   Code   RO          849    i.__kernel_poly     m_ws.l(poly.o)
    0x0800736a   0x0800736a   0x00000002   PAD
    0x0800736c   0x0800736c   0x00000010   Code   RO          833    i.__mathlib_dbl_divzero  m_ws.l(dunder.o)
    0x0800737c   0x0800737c   0x00000004   Code   RO          835    i.__mathlib_dbl_infnan2  m_ws.l(dunder.o)
    0x08007380   0x08007380   0x0000000c   Code   RO          836    i.__mathlib_dbl_invalid  m_ws.l(dunder.o)
    0x0800738c   0x0800738c   0x0000000e   Code   RO          837    i.__mathlib_dbl_overflow  m_ws.l(dunder.o)
    0x0800739a   0x0800739a   0x00000002   PAD
    0x0800739c   0x0800739c   0x00000010   Code   RO          839    i.__mathlib_dbl_underflow  m_ws.l(dunder.o)
    0x080073ac   0x080073ac   0x0000000e   Code   RO          673    i._is_digit         c_w.l(__printf_wp.o)
    0x080073ba   0x080073ba   0x00000002   PAD
    0x080073bc   0x080073bc   0x000009d8   Code   RO          777    i.pow               m_ws.l(pow.o)
    0x08007d94   0x08007d94   0x0000004c   Code   RO          853    i.sqrt              m_ws.l(sqrt.o)
    0x08007de0   0x08007de0   0x0000002c   Code   RO          925    locale$$code        c_w.l(lc_numeric_c.o)
    0x08007e0c   0x08007e0c   0x00000062   Code   RO          698    x$fpl$d2f           fz_ws.l(d2f.o)
    0x08007e6e   0x08007e6e   0x00000002   PAD
    0x08007e70   0x08007e70   0x00000150   Code   RO          700    x$fpl$dadd          fz_ws.l(daddsub_clz.o)
    0x08007fc0   0x08007fc0   0x00000010   Code   RO          929    x$fpl$dcheck1       fz_ws.l(dcheck1.o)
    0x08007fd0   0x08007fd0   0x00000018   Code   RO          999    x$fpl$dcmpinf       fz_ws.l(dcmpi.o)
    0x08007fe8   0x08007fe8   0x000002b0   Code   RO          707    x$fpl$ddiv          fz_ws.l(ddiv.o)
    0x08008298   0x08008298   0x0000005a   Code   RO          710    x$fpl$dfixu         fz_ws.l(dfixu.o)
    0x080082f2   0x080082f2   0x0000002e   Code   RO          715    x$fpl$dflt          fz_ws.l(dflt_clz.o)
    0x08008320   0x08008320   0x00000026   Code   RO          714    x$fpl$dfltu         fz_ws.l(dflt_clz.o)
    0x08008346   0x08008346   0x00000002   PAD
    0x08008348   0x08008348   0x00000078   Code   RO          931    x$fpl$dleqf         fz_ws.l(dleqf.o)
    0x080083c0   0x080083c0   0x00000154   Code   RO          720    x$fpl$dmul          fz_ws.l(dmul.o)
    0x08008514   0x08008514   0x0000009c   Code   RO          808    x$fpl$dnaninf       fz_ws.l(dnaninf.o)
    0x080085b0   0x080085b0   0x0000000c   Code   RO          810    x$fpl$dretinf       fz_ws.l(dretinf.o)
    0x080085bc   0x080085bc   0x0000006c   Code   RO          812    x$fpl$drleqf        fz_ws.l(drleqf.o)
    0x08008628   0x08008628   0x00000016   Code   RO          701    x$fpl$drsb          fz_ws.l(daddsub_clz.o)
    0x0800863e   0x0800863e   0x00000002   PAD
    0x08008640   0x08008640   0x000001cc   Code   RO          933    x$fpl$dsqrt         fz_ws.l(dsqrt_noumaal.o)
    0x0800880c   0x0800880c   0x000001d4   Code   RO          702    x$fpl$dsub          fz_ws.l(daddsub_clz.o)
    0x080089e0   0x080089e0   0x00000056   Code   RO          722    x$fpl$f2d           fz_ws.l(f2d.o)
    0x08008a36   0x08008a36   0x00000002   PAD
    0x08008a38   0x08008a38   0x000000c4   Code   RO          724    x$fpl$fadd          fz_ws.l(faddsub_clz.o)
    0x08008afc   0x08008afc   0x00000184   Code   RO          731    x$fpl$fdiv          fz_ws.l(fdiv.o)
    0x08008c80   0x08008c80   0x00000036   Code   RO          736    x$fpl$ffix          fz_ws.l(ffix.o)
    0x08008cb6   0x08008cb6   0x00000002   PAD
    0x08008cb8   0x08008cb8   0x0000003e   Code   RO          740    x$fpl$ffixu         fz_ws.l(ffixu.o)
    0x08008cf6   0x08008cf6   0x00000002   PAD
    0x08008cf8   0x08008cf8   0x00000026   Code   RO          744    x$fpl$ffltu         fz_ws.l(fflt_clz.o)
    0x08008d1e   0x08008d1e   0x00000002   PAD
    0x08008d20   0x08008d20   0x00000102   Code   RO          752    x$fpl$fmul          fz_ws.l(fmul.o)
    0x08008e22   0x08008e22   0x0000008c   Code   RO          816    x$fpl$fnaninf       fz_ws.l(fnaninf.o)
    0x08008eae   0x08008eae   0x0000000a   Code   RO          818    x$fpl$fretinf       fz_ws.l(fretinf.o)
    0x08008eb8   0x08008eb8   0x000000ea   Code   RO          726    x$fpl$fsub          fz_ws.l(faddsub_clz.o)
    0x08008fa2   0x08008fa2   0x00000004   Code   RO          756    x$fpl$printf1       fz_ws.l(printf1.o)
    0x08008fa6   0x08008fa6   0x00000064   Code   RO         1001    x$fpl$retnan        fz_ws.l(retnan.o)
    0x0800900a   0x0800900a   0x0000005c   Code   RO          820    x$fpl$scalbn        fz_ws.l(scalbn.o)
    0x08009066   0x08009066   0x00000030   Code   RO         1013    x$fpl$trapveneer    fz_ws.l(trapv.o)
    0x08009096   0x08009096   0x00000000   Code   RO          822    x$fpl$usenofp       fz_ws.l(usenofp.o)
    0x08009096   0x08009096   0x00000e12   Data   RO          357    .constdata          spi_oled.o
    0x08009ea8   0x08009ea8   0x00000028   Data   RO          646    .constdata          c_w.l(_printf_hex_int.o)
    0x08009ed0   0x08009ed0   0x00000011   Data   RO          681    .constdata          c_w.l(__printf_flags_ss_wp.o)
    0x08009ee1   0x08009ee1   0x00000007   PAD
    0x08009ee8   0x08009ee8   0x00000088   Data   RO          778    .constdata          m_ws.l(pow.o)
    0x08009f70   0x08009f70   0x00000008   Data   RO          851    .constdata          m_ws.l(qnan.o)
    0x08009f78   0x08009f78   0x00000094   Data   RO          896    .constdata          c_w.l(bigflt0.o)
    0x0800a00c   0x0800a00c   0x00000028   Data   RO          576    .conststring        usmart.o
    0x0800a034   0x0800a034   0x0000009c   Data   RO          591    .conststring        usmart_config.o
    0x0800a0d0   0x0800a0d0   0x00000020   Data   RO         1084    Region$$Table       anon$$obj.o
    0x0800a0f0   0x0800a0f0   0x0000001c   Data   RO          924    locale$$data        c_w.l(lc_numeric_c.o)


    Execution Region RW_IRAM1 (Exec base: 0x20000000, Load base: 0x0800a10c, Size: 0x00000cb8, Max: 0x0000c000, ABSOLUTE, COMPRESSED[0x00000074])

    Exec Addr    Load Addr    Size         Type   Attr      Idx    E Section Name        Object

    0x20000000   COMPRESSED   0x00000006   Data   RW            3    .data               main.o
    0x20000006   COMPRESSED   0x00000002   PAD
    0x20000008   COMPRESSED   0x00000014   Data   RW          196    .data               system_stm32f10x.o
    0x2000001c   COMPRESSED   0x00000001   Data   RW          226    .data               key.o
    0x2000001d   COMPRESSED   0x00000004   Data   RW          358    .data               spi_oled.o
    0x20000021   COMPRESSED   0x00000006   Data   RW          386    .data               nrf24l01.o
    0x20000027   COMPRESSED   0x00000001   PAD
    0x20000028   COMPRESSED   0x00000004   Data   RW          443    .data               delay.o
    0x2000002c   COMPRESSED   0x00000006   Data   RW          475    .data               usart.o
    0x20000032   COMPRESSED   0x00000014   Data   RW          526    .data               stm32f10x_rcc.o
    0x20000046   COMPRESSED   0x00000002   PAD
    0x20000048   COMPRESSED   0x0000001c   Data   RW          577    .data               usmart.o
    0x20000064   COMPRESSED   0x0000011c   Data   RW          592    .data               usmart_config.o
    0x20000180        -       0x0000000d   Zero   RW            2    .bss                main.o
    0x2000018d        -       0x00000400   Zero   RW          356    .bss                spi_oled.o
    0x2000058d        -       0x000000c8   Zero   RW          474    .bss                usart.o
    0x20000655   COMPRESSED   0x00000003   PAD
    0x20000658        -       0x00000060   Zero   RW          938    .bss                c_w.l(libspace.o)
    0x200006b8        -       0x00000200   Zero   RW          507    HEAP                startup_stm32f10x_hd.o
    0x200008b8        -       0x00000400   Zero   RW          506    STACK               startup_stm32f10x_hd.o


==============================================================================

Image component sizes


      Code (inc. data)   RO Data    RW Data    ZI Data      Debug   Object Name

       212         18          0          4          0       1103   delay.o
       252         16          0          1          0        868   key.o
        80          8          0          0          0        527   led.o
       308         52          0          6         13     255204   main.o
       220         22          0          0          0       1865   misc.o
       872         18          0          0          0       4447   mpu6050.o
       592         14          0          0          0       2098   mpuiic.o
      2320        124          0          6          0       8999   nrf24l01.o
       264         12          0          0          0       1423   pwm.o
       276          8          0          0          0        830   receieveturn.o
       212         12          0          0          0       1193   servo.o
      5842        126       3602          4       1024      24577   spi_oled.o
        64         26        304          0       1536        816   startup_stm32f10x_hd.o
       860         38          0          0          0       5797   stm32f10x_gpio.o
       628          0          0          0          0     206633   stm32f10x_it.o
       932         36          0         20          0       9004   stm32f10x_rcc.o
      3610         88          0          0          0      22904   stm32f10x_tim.o
      1032         22          0          0          0       8520   stm32f10x_usart.o
         0          0          0          0          0         32   sys.o
       480         38          0         20          0       1835   system_stm32f10x.o
       320         16          0          6        200       3262   usart.o
      3136       1288         40         28          0       4426   usmart.o
         0          0        156        284          0       1732   usmart_config.o
      1320         12          0          0          0       5289   usmart_str.o

    ----------------------------------------------------------------------
     23836       1994       4134        384       2776     573384   Object Totals
         0          0         32          0          0          0   (incl. Generated)
         4          0          0          5          3          0   (incl. Padding)

    ----------------------------------------------------------------------

      Code (inc. data)   RO Data    RW Data    ZI Data      Debug   Library Member Name

        24          4          0          0          0         84   __2printf.o
        44          6          0          0          0         84   __2sprintf.o
        90          0          0          0          0          0   __dczerorl2.o
         8          0          0          0          0         68   __main.o
       392          4         17          0          0         92   __printf_flags_ss_wp.o
        14          0          0          0          0         68   __printf_wp.o
         0          0          0          0          0          0   __rtentry.o
        12          0          0          0          0          0   __rtentry2.o
         6          0          0          0          0          0   __rtentry4.o
        52          8          0          0          0          0   __scatter.o
        28          0          0          0          0          0   __scatter_zi.o
         6          0          0          0          0          0   _printf_c.o
        44          0          0          0          0        108   _printf_char.o
        48          6          0          0          0         96   _printf_char_common.o
        36          4          0          0          0         80   _printf_char_file.o
         6          0          0          0          0          0   _printf_d.o
       120         16          0          0          0         92   _printf_dec.o
         6          0          0          0          0          0   _printf_f.o
      1054          0          0          0          0        216   _printf_fp_dec.o
       128         16          0          0          0         84   _printf_fp_infnan.o
        88          4         40          0          0         88   _printf_hex_int.o
       178          0          0          0          0         88   _printf_intcommon.o
        78          0          0          0          0        108   _printf_pad.o
         0          0          0          0          0          0   _printf_percent.o
         4          0          0          0          0          0   _printf_percent_end.o
         6          0          0          0          0          0   _printf_s.o
        82          0          0          0          0         80   _printf_str.o
         6          0          0          0          0          0   _printf_u.o
         6          0          0          0          0          0   _printf_x.o
        22          0          0          0          0        100   _rserrno.o
        10          0          0          0          0         68   _sputc.o
       228          4        148          0          0         96   bigflt0.o
      1936        128          0          0          0        672   btod.o
        18          0          0          0          0         80   exit.o
         8          0          0          0          0         68   ferror.o
         6          0          0          0          0        152   heapauxi.o
        44         10         28          0          0         76   lc_numeric_c.o
         2          0          0          0          0          0   libinit.o
        18          0          0          0          0          0   libinit2.o
         2          0          0          0          0          0   libshutdown.o
         2          0          0          0          0          0   libshutdown2.o
         8          4          0          0         96         68   libspace.o
       138          0          0          0          0         80   lludiv10.o
         8          4          0          0          0         68   rt_errno_addr_intlibspace.o
         8          4          0          0          0         68   rt_locale_intlibspace.o
         2          0          0          0          0          0   rtexit.o
        10          0          0          0          0          0   rtexit2.o
       128          0          0          0          0         68   strcmpv7m.o
        74          0          0          0          0         80   sys_stackheap_outer.o
         2          0          0          0          0         68   use_no_semi.o
         2          0          0          0          0         68   use_no_semi_2.o
        98          4          0          0          0         92   d2f.o
       826         16          0          0          0        348   daddsub_clz.o
        16          4          0          0          0         68   dcheck1.o
        24          0          0          0          0         68   dcmpi.o
       688        140          0          0          0        208   ddiv.o
        90          4          0          0          0         92   dfixu.o
        84          0          0          0          0        136   dflt_clz.o
       120          4          0          0          0         92   dleqf.o
       340         12          0          0          0        104   dmul.o
       156          4          0          0          0         92   dnaninf.o
        12          0          0          0          0         68   dretinf.o
       108          0          0          0          0         80   drleqf.o
       460         56          0          0          0        120   dsqrt_noumaal.o
        86          4          0          0          0         84   f2d.o
       430          8          0          0          0        168   faddsub_clz.o
       388         76          0          0          0         96   fdiv.o
        54          4          0          0          0         84   ffix.o
        62          4          0          0          0         84   ffixu.o
        38          0          0          0          0         68   fflt_clz.o
       258          4          0          0          0         84   fmul.o
       140          4          0          0          0         84   fnaninf.o
        10          0          0          0          0         68   fretinf.o
         4          0          0          0          0         68   printf1.o
       100          0          0          0          0         68   retnan.o
        92          0          0          0          0         68   scalbn.o
        48          0          0          0          0         68   trapv.o
         0          0          0          0          0          0   usenofp.o
        62         10          0          0          0        340   dunder.o
        40          0          0          0          0         68   fpclassify.o
       170          0          0          0          0         96   poly.o
      2520        190        136          0          0        324   pow.o
         0          0          8          0          0          0   qnan.o
        76          0          0          0          0         84   sqrt.o

    ----------------------------------------------------------------------
     12874        770        384          0         96       6888   Library Totals
        32          0          7          0          0          0   (incl. Padding)

    ----------------------------------------------------------------------

      Code (inc. data)   RO Data    RW Data    ZI Data      Debug   Library Name

      5242        222        233          0         96       3316   c_w.l
      4732        348          0          0          0       2660   fz_ws.l
      2868        200        144          0          0        912   m_ws.l

    ----------------------------------------------------------------------
     12874        770        384          0         96       6888   Library Totals

    ----------------------------------------------------------------------

==============================================================================


      Code (inc. data)   RO Data    RW Data    ZI Data      Debug   

     36710       2764       4518        384       2872     574652   Grand Totals
     36710       2764       4518        116       2872     574652   ELF Image Totals (compressed)
     36710       2764       4518        116          0          0   ROM Totals

==============================================================================

    Total RO  Size (Code + RO Data)                41228 (  40.26kB)
    Total RW  Size (RW Data + ZI Data)              3256 (   3.18kB)
    Total ROM Size (Code + RO Data + RW Data)      41344 (  40.38kB)

==============================================================================

